Archive member included to satisfy reference by file (symbol)

/usr/lib/gcc/arm-none-eabi/10.3.1/../../../arm-none-eabi/lib/thumb/v7e-m/nofp/libg.a(lib_a-atexit.o)
                              /usr/lib/gcc/arm-none-eabi/10.3.1/../../../arm-none-eabi/lib/thumb/v7e-m/nofp/crt0.o (atexit)
/usr/lib/gcc/arm-none-eabi/10.3.1/../../../arm-none-eabi/lib/thumb/v7e-m/nofp/libg.a(lib_a-exit.o)
                              /usr/lib/gcc/arm-none-eabi/10.3.1/../../../arm-none-eabi/lib/thumb/v7e-m/nofp/crt0.o (exit)
/usr/lib/gcc/arm-none-eabi/10.3.1/../../../arm-none-eabi/lib/thumb/v7e-m/nofp/libg.a(lib_a-fini.o)
                              /usr/lib/gcc/arm-none-eabi/10.3.1/../../../arm-none-eabi/lib/thumb/v7e-m/nofp/crt0.o (__libc_fini_array)
/usr/lib/gcc/arm-none-eabi/10.3.1/../../../arm-none-eabi/lib/thumb/v7e-m/nofp/libg.a(lib_a-impure.o)
                              /usr/lib/gcc/arm-none-eabi/10.3.1/../../../arm-none-eabi/lib/thumb/v7e-m/nofp/libg.a(lib_a-exit.o) (_global_impure_ptr)
/usr/lib/gcc/arm-none-eabi/10.3.1/../../../arm-none-eabi/lib/thumb/v7e-m/nofp/libg.a(lib_a-init.o)
                              /usr/lib/gcc/arm-none-eabi/10.3.1/../../../arm-none-eabi/lib/thumb/v7e-m/nofp/crt0.o (__libc_init_array)
/usr/lib/gcc/arm-none-eabi/10.3.1/../../../arm-none-eabi/lib/thumb/v7e-m/nofp/libg.a(lib_a-memmove.o)
                              CMakeFiles/led.dir/__/__/targetSpecific/startup.cpp.obj (memmove)
/usr/lib/gcc/arm-none-eabi/10.3.1/../../../arm-none-eabi/lib/thumb/v7e-m/nofp/libg.a(lib_a-memset.o)
                              /usr/lib/gcc/arm-none-eabi/10.3.1/../../../arm-none-eabi/lib/thumb/v7e-m/nofp/crt0.o (memset)
/usr/lib/gcc/arm-none-eabi/10.3.1/../../../arm-none-eabi/lib/thumb/v7e-m/nofp/libg.a(lib_a-__atexit.o)
                              /usr/lib/gcc/arm-none-eabi/10.3.1/../../../arm-none-eabi/lib/thumb/v7e-m/nofp/libg.a(lib_a-atexit.o) (__register_exitproc)
/usr/lib/gcc/arm-none-eabi/10.3.1/../../../arm-none-eabi/lib/thumb/v7e-m/nofp/libg.a(lib_a-__call_atexit.o)
                              /usr/lib/gcc/arm-none-eabi/10.3.1/../../../arm-none-eabi/lib/thumb/v7e-m/nofp/libg.a(lib_a-exit.o) (__call_exitprocs)
/usr/lib/gcc/arm-none-eabi/10.3.1/../../../arm-none-eabi/lib/thumb/v7e-m/nofp/libnosys.a(_exit.o)
                              /usr/lib/gcc/arm-none-eabi/10.3.1/../../../arm-none-eabi/lib/thumb/v7e-m/nofp/libg.a(lib_a-exit.o) (_exit)

Discarded input sections

 .group         0x0000000000000000        0xc CMakeFiles/led.dir/led.cpp.obj
 .group         0x0000000000000000        0xc CMakeFiles/led.dir/led.cpp.obj
 .group         0x0000000000000000        0xc CMakeFiles/led.dir/led.cpp.obj
 .group         0x0000000000000000        0xc CMakeFiles/led.dir/led.cpp.obj
 .group         0x0000000000000000        0xc CMakeFiles/led.dir/led.cpp.obj
 .group         0x0000000000000000        0xc CMakeFiles/led.dir/led.cpp.obj
 .group         0x0000000000000000        0xc CMakeFiles/led.dir/led.cpp.obj
 .group         0x0000000000000000        0x8 CMakeFiles/led.dir/led.cpp.obj
 .group         0x0000000000000000        0x8 CMakeFiles/led.dir/led.cpp.obj
 .group         0x0000000000000000        0xc CMakeFiles/led.dir/led.cpp.obj
 .group         0x0000000000000000        0xc CMakeFiles/led.dir/led.cpp.obj
 .group         0x0000000000000000        0xc CMakeFiles/led.dir/led.cpp.obj
 .group         0x0000000000000000        0xc CMakeFiles/led.dir/led.cpp.obj
 .group         0x0000000000000000        0xc CMakeFiles/led.dir/led.cpp.obj
 .group         0x0000000000000000        0xc CMakeFiles/led.dir/led.cpp.obj
 .group         0x0000000000000000        0xc CMakeFiles/led.dir/led.cpp.obj
 .group         0x0000000000000000        0xc CMakeFiles/led.dir/led.cpp.obj
 .group         0x0000000000000000        0xc CMakeFiles/led.dir/led.cpp.obj
 .group         0x0000000000000000        0xc CMakeFiles/led.dir/led.cpp.obj
 .group         0x0000000000000000        0xc CMakeFiles/led.dir/led.cpp.obj
 .group         0x0000000000000000        0xc CMakeFiles/led.dir/led.cpp.obj
 .group         0x0000000000000000        0xc CMakeFiles/led.dir/led.cpp.obj
 .group         0x0000000000000000        0x8 CMakeFiles/led.dir/__/__/targetSpecific/startup.cpp.obj
 .group         0x0000000000000000        0xc CMakeFiles/led.dir/__/__/targetSpecific/startup.cpp.obj
 .group         0x0000000000000000        0x8 CMakeFiles/led.dir/__/__/targetSpecific/startup.cpp.obj
 .group         0x0000000000000000        0xc CMakeFiles/led.dir/__/__/targetSpecific/startup.cpp.obj
 .group         0x0000000000000000        0xc CMakeFiles/led.dir/__/__/targetSpecific/startup.cpp.obj
 .group         0x0000000000000000        0x8 CMakeFiles/led.dir/__/__/targetSpecific/startup.cpp.obj
 .group         0x0000000000000000        0xc CMakeFiles/led.dir/__/__/targetSpecific/startup.cpp.obj
 .group         0x0000000000000000        0x8 CMakeFiles/led.dir/__/__/targetSpecific/startup.cpp.obj
 .group         0x0000000000000000        0xc CMakeFiles/led.dir/__/__/targetSpecific/startup.cpp.obj
 .group         0x0000000000000000        0xc CMakeFiles/led.dir/__/__/targetSpecific/startup.cpp.obj
 .group         0x0000000000000000        0x8 CMakeFiles/led.dir/__/__/targetSpecific/startup.cpp.obj
 .group         0x0000000000000000        0x8 CMakeFiles/led.dir/__/__/targetSpecific/startup.cpp.obj
 .group         0x0000000000000000        0xc CMakeFiles/led.dir/__/__/targetSpecific/startup.cpp.obj

Memory Configuration

Name             Origin             Length             Attributes
FLASH            0x0000000008000000 0x0000000000100000 xr
SRAM             0x0000000020000000 0x0000000000020000 xrw
*default*        0x0000000000000000 0xffffffffffffffff

Linker script and memory map

LOAD /usr/lib/gcc/arm-none-eabi/10.3.1/thumb/v7e-m/nofp/crti.o
LOAD /usr/lib/gcc/arm-none-eabi/10.3.1/thumb/v7e-m/nofp/crtbegin.o
LOAD /usr/lib/gcc/arm-none-eabi/10.3.1/../../../arm-none-eabi/lib/thumb/v7e-m/nofp/crt0.o
LOAD CMakeFiles/led.dir/led.cpp.obj
LOAD CMakeFiles/led.dir/__/__/targetSpecific/startup.cpp.obj
LOAD /usr/lib/gcc/arm-none-eabi/10.3.1/../../../arm-none-eabi/lib/thumb/v7e-m/nofp/libstdc++.a
LOAD /usr/lib/gcc/arm-none-eabi/10.3.1/../../../arm-none-eabi/lib/thumb/v7e-m/nofp/libm.a
START GROUP
LOAD /usr/lib/gcc/arm-none-eabi/10.3.1/thumb/v7e-m/nofp/libgcc.a
LOAD /usr/lib/gcc/arm-none-eabi/10.3.1/../../../arm-none-eabi/lib/thumb/v7e-m/nofp/libg.a
LOAD /usr/lib/gcc/arm-none-eabi/10.3.1/../../../arm-none-eabi/lib/thumb/v7e-m/nofp/libc.a
END GROUP
START GROUP
LOAD /usr/lib/gcc/arm-none-eabi/10.3.1/thumb/v7e-m/nofp/libgcc.a
LOAD /usr/lib/gcc/arm-none-eabi/10.3.1/../../../arm-none-eabi/lib/thumb/v7e-m/nofp/libc.a
LOAD /usr/lib/gcc/arm-none-eabi/10.3.1/../../../arm-none-eabi/lib/thumb/v7e-m/nofp/libnosys.a
END GROUP
LOAD /usr/lib/gcc/arm-none-eabi/10.3.1/thumb/v7e-m/nofp/crtend.o
LOAD /usr/lib/gcc/arm-none-eabi/10.3.1/thumb/v7e-m/nofp/crtn.o

.text           0x0000000008000000      0xcf0
 *(.isr_vector)
 .isr_vector    0x0000000008000000      0x188 CMakeFiles/led.dir/__/__/targetSpecific/startup.cpp.obj
                0x0000000008000000                isr_vector
                0x0000000008000188                start_of_constructors = .
 *(SORT_BY_NAME(.init_array.*))
 .init_array.00000
                0x0000000008000188        0x4 /usr/lib/gcc/arm-none-eabi/10.3.1/../../../arm-none-eabi/lib/thumb/v7e-m/nofp/libg.a(lib_a-__call_atexit.o)
 *(.init_array*)
 .init_array    0x000000000800018c        0x4 /usr/lib/gcc/arm-none-eabi/10.3.1/thumb/v7e-m/nofp/crtbegin.o
                0x0000000008000190                end_of_constructors = .
 *(.text)
 .text          0x0000000008000190        0x0 /usr/lib/gcc/arm-none-eabi/10.3.1/thumb/v7e-m/nofp/crti.o
 .text          0x0000000008000190       0x88 /usr/lib/gcc/arm-none-eabi/10.3.1/thumb/v7e-m/nofp/crtbegin.o
 .text          0x0000000008000218       0x70 /usr/lib/gcc/arm-none-eabi/10.3.1/../../../arm-none-eabi/lib/thumb/v7e-m/nofp/crt0.o
                0x0000000008000218                _stack_init
                0x0000000008000220                _mainCRTStartup
                0x0000000008000220                _start
 .text          0x0000000008000288       0x26 CMakeFiles/led.dir/led.cpp.obj
                0x000000000800029c                main
 *fill*         0x00000000080002ae        0x2 
 .text          0x00000000080002b0       0xe8 CMakeFiles/led.dir/__/__/targetSpecific/startup.cpp.obj
                0x0000000008000378                RTC_Alarm_IRQHandler
                0x0000000008000378                HASH_RNG_IRQHandler
                0x0000000008000378                EXTI2_IRQHandler
                0x0000000008000378                TIM8_CC_IRQHandler
                0x0000000008000378                DebugMon_Handler
                0x0000000008000378                TIM1_CC_IRQHandler
                0x0000000008000378                DMA2_Stream5_IRQHandler
                0x0000000008000378                HardFault_Handler
                0x0000000008000378                DMA1_Stream5_IRQHandler
                0x0000000008000378                SysTick_Handler
                0x0000000008000378                PVD_IRQHandler
                0x0000000008000378                SDIO_IRQHandler
                0x0000000008000378                TAMP_STAMP_IRQHandler
                0x0000000008000378                PendSV_Handler
                0x0000000008000378                NMI_Handler
                0x0000000008000378                CAN2_RX1_IRQHandler
                0x0000000008000378                EXTI3_IRQHandler
                0x0000000008000378                TIM8_TRG_COM_TIM14_IRQHandler
                0x0000000008000378                TIM1_UP_TIM10_IRQHandler
                0x0000000008000378                TIM8_UP_TIM13_IRQHandler
                0x0000000008000378                I2C3_ER_IRQHandler
                0x0000000008000378                EXTI0_IRQHandler
                0x0000000008000378                I2C2_EV_IRQHandler
                0x0000000008000378                DMA1_Stream2_IRQHandler
                0x0000000008000378                CAN1_RX0_IRQHandler
                0x0000000008000378                FPU_IRQHandler
                0x0000000008000378                OTG_HS_WKUP_IRQHandler
                0x0000000008000378                UsageFault_Handler
                0x0000000008000378                CAN2_SCE_IRQHandler
                0x0000000008000378                DMA2_Stream2_IRQHandler
                0x0000000008000378                SPI1_IRQHandler
                0x0000000008000378                TIM6_DAC_IRQHandler
                0x0000000008000378                TIM1_BRK_TIM9_IRQHandler
                0x0000000008000378                DCMI_IRQHandler
                0x0000000008000378                CAN2_RX0_IRQHandler
                0x0000000008000378                DMA2_Stream3_IRQHandler
                0x0000000008000378                defaulHandler
                0x0000000008000378                USART6_IRQHandler
                0x0000000008000378                USART3_IRQHandler
                0x0000000008000378                CRYP_IRQHandler
                0x0000000008000378                CAN1_RX1_IRQHandler
                0x0000000008000378                UART5_IRQHandler
                0x0000000008000378                DMA2_Stream0_IRQHandler
                0x0000000008000378                TIM4_IRQHandler
                0x0000000008000378                I2C1_EV_IRQHandler
                0x0000000008000378                DMA1_Stream6_IRQHandler
                0x0000000008000378                DMA1_Stream1_IRQHandler
                0x0000000008000378                UART4_IRQHandler
                0x0000000008000378                TIM3_IRQHandler
                0x0000000008000378                RCC_IRQHandler
                0x0000000008000378                TIM8_BRK_TIM12_IRQHandler
                0x0000000008000378                EXTI15_10_IRQHandler
                0x0000000008000378                ADC_IRQHandler
                0x0000000008000378                DMA1_Stream7_IRQHandler
                0x0000000008000378                TIM7_IRQHandler
                0x0000000008000378                CAN2_TX_IRQHandler
                0x0000000008000378                TIM5_IRQHandler
                0x0000000008000378                DMA2_Stream7_IRQHandler
                0x0000000008000378                I2C3_EV_IRQHandler
                0x0000000008000378                EXTI9_5_IRQHandler
                0x0000000008000378                RTC_WKUP_IRQHandler
                0x0000000008000378                ETH_WKUP_IRQHandler
                0x0000000008000378                SPI2_IRQHandler
                0x0000000008000378                OTG_HS_EP1_IN_IRQHandler
                0x0000000008000378                MemManage_Handler
                0x0000000008000378                DMA1_Stream0_IRQHandler
                0x0000000008000378                CAN1_TX_IRQHandler
                0x0000000008000378                SVC_Handler
                0x0000000008000378                EXTI4_IRQHandler
                0x0000000008000378                FSMC_IRQHandler
                0x0000000008000378                ETH_IRQHandler
                0x0000000008000378                OTG_HS_EP1_OUT_IRQHandler
                0x0000000008000378                WWDG_IRQHandler
                0x0000000008000378                TIM2_IRQHandler
                0x0000000008000378                OTG_FS_WKUP_IRQHandler
                0x0000000008000378                TIM1_TRG_COM_TIM11_IRQHandler
                0x0000000008000378                OTG_HS_IRQHandler
                0x0000000008000378                EXTI1_IRQHandler
                0x0000000008000378                USART2_IRQHandler
                0x0000000008000378                I2C2_ER_IRQHandler
                0x0000000008000378                DMA2_Stream1_IRQHandler
                0x0000000008000378                CAN1_SCE_IRQHandler
                0x0000000008000378                DMA2_Stream4_IRQHandler
                0x0000000008000378                BusFault_Handler
                0x0000000008000378                USART1_IRQHandler
                0x0000000008000378                OTG_FS_IRQHandler
                0x0000000008000378                SPI3_IRQHandler
                0x0000000008000378                DMA1_Stream4_IRQHandler
                0x0000000008000378                I2C1_ER_IRQHandler
                0x0000000008000378                DMA2_Stream6_IRQHandler
                0x0000000008000378                DMA1_Stream3_IRQHandler
                0x000000000800037e                Reset_Handler
 .text          0x0000000008000398        0xc /usr/lib/gcc/arm-none-eabi/10.3.1/../../../arm-none-eabi/lib/thumb/v7e-m/nofp/libg.a(lib_a-atexit.o)
                0x0000000008000398                atexit
 .text          0x00000000080003a4       0x20 /usr/lib/gcc/arm-none-eabi/10.3.1/../../../arm-none-eabi/lib/thumb/v7e-m/nofp/libg.a(lib_a-exit.o)
                0x00000000080003a4                exit
 .text          0x00000000080003c4       0x2c /usr/lib/gcc/arm-none-eabi/10.3.1/../../../arm-none-eabi/lib/thumb/v7e-m/nofp/libg.a(lib_a-fini.o)
                0x00000000080003c4                __libc_fini_array
 .text          0x00000000080003f0        0x0 /usr/lib/gcc/arm-none-eabi/10.3.1/../../../arm-none-eabi/lib/thumb/v7e-m/nofp/libg.a(lib_a-impure.o)
 .text          0x00000000080003f0       0x48 /usr/lib/gcc/arm-none-eabi/10.3.1/../../../arm-none-eabi/lib/thumb/v7e-m/nofp/libg.a(lib_a-init.o)
                0x00000000080003f0                __libc_init_array
 .text          0x0000000008000438       0xf8 /usr/lib/gcc/arm-none-eabi/10.3.1/../../../arm-none-eabi/lib/thumb/v7e-m/nofp/libg.a(lib_a-memmove.o)
                0x0000000008000438                memmove
 .text          0x0000000008000530       0xa4 /usr/lib/gcc/arm-none-eabi/10.3.1/../../../arm-none-eabi/lib/thumb/v7e-m/nofp/libg.a(lib_a-memset.o)
                0x0000000008000530                memset
 .text          0x00000000080005d4       0x68 /usr/lib/gcc/arm-none-eabi/10.3.1/../../../arm-none-eabi/lib/thumb/v7e-m/nofp/libg.a(lib_a-__atexit.o)
                0x00000000080005d4                __register_exitproc
 .text          0x000000000800063c       0xb0 /usr/lib/gcc/arm-none-eabi/10.3.1/../../../arm-none-eabi/lib/thumb/v7e-m/nofp/libg.a(lib_a-__call_atexit.o)
                0x000000000800063c                __call_exitprocs
 .text          0x00000000080006ec        0x4 /usr/lib/gcc/arm-none-eabi/10.3.1/../../../arm-none-eabi/lib/thumb/v7e-m/nofp/libnosys.a(_exit.o)
                0x00000000080006ec                _exit
 .text          0x00000000080006f0        0x0 /usr/lib/gcc/arm-none-eabi/10.3.1/thumb/v7e-m/nofp/crtend.o
 .text          0x00000000080006f0        0x0 /usr/lib/gcc/arm-none-eabi/10.3.1/thumb/v7e-m/nofp/crtn.o
 *(.text.*)
 .text._ZN14RegisterAccessImmE6regAndEmm
                0x00000000080006f0       0x2c CMakeFiles/led.dir/led.cpp.obj
                0x00000000080006f0                RegisterAccess<unsigned long, unsigned long>::regAnd(unsigned long, unsigned long)
 .text._ZN14RegisterAccessImmE5regOrEmm
                0x000000000800071c       0x2c CMakeFiles/led.dir/led.cpp.obj
                0x000000000800071c                RegisterAccess<unsigned long, unsigned long>::regOr(unsigned long, unsigned long)
 .text._ZN14RegisterAccessImmE9regBitSetEmm
                0x0000000008000748       0x56 CMakeFiles/led.dir/led.cpp.obj
                0x0000000008000748                RegisterAccess<unsigned long, unsigned long>::regBitSet(unsigned long, unsigned long)
 .text._ZN14RegisterAccessImmE11regBitClearEmm
                0x000000000800079e       0x58 CMakeFiles/led.dir/led.cpp.obj
                0x000000000800079e                RegisterAccess<unsigned long, unsigned long>::regBitClear(unsigned long, unsigned long)
 .text._ZN14RegisterAccessImmE12regBitToggleEmm
                0x00000000080007f6       0x56 CMakeFiles/led.dir/led.cpp.obj
                0x00000000080007f6                RegisterAccess<unsigned long, unsigned long>::regBitToggle(unsigned long, unsigned long)
 .text._ZN4GPIOILm1073875968EE4initIXtl12GPIOInitDataL14PeripheralAHB13EL8PortMode1EL17AlternateFunction0EL10OutputType0EL11OutputSpeed2EL21PullupPullDownControl0EEELh12EEEvv
                0x000000000800084c       0x1c CMakeFiles/led.dir/led.cpp.obj
                0x000000000800084c                void GPIO<1073875968ul>::init<GPIOInitData{(PeripheralAHB1)3, (PortMode)1, (AlternateFunction)0, (OutputType)0, (OutputSpeed)2, (PullupPullDownControl)0}, (unsigned char)12>()
 .text._ZN4GPIOILm1073875968EE15toggleOutputPinILh12EEEvv
                0x0000000008000868       0x14 CMakeFiles/led.dir/led.cpp.obj
                0x0000000008000868                void GPIO<1073875968ul>::toggleOutputPin<(unsigned char)12>()
 .text._Z13softwareDelayILj500000EEvv
                0x000000000800087c       0x30 CMakeFiles/led.dir/led.cpp.obj
                0x000000000800087c                void softwareDelay<500000u>()
 .text._ZN14RegisterAccessImmE6memoryEm
                0x00000000080008ac       0x14 CMakeFiles/led.dir/led.cpp.obj
                0x00000000080008ac                RegisterAccess<unsigned long, unsigned long>::memory(unsigned long)
 .text._ZN4GPIOILm1073875968EE8setClockIL14PeripheralAHB13ELb1EEEvv
                0x00000000080008c0        0xc CMakeFiles/led.dir/led.cpp.obj
                0x00000000080008c0                void GPIO<1073875968ul>::setClock<(PeripheralAHB1)3, true>()
 .text._ZN4GPIOILm1073875968EE11setPortModeIL8PortMode1ELh12EEEvv
                0x00000000080008cc       0x14 CMakeFiles/led.dir/led.cpp.obj
                0x00000000080008cc                void GPIO<1073875968ul>::setPortMode<(PortMode)1, (unsigned char)12>()
 .text._ZN4GPIOILm1073875968EE13setOutputTypeIL10OutputType0ELh12EEEvv
                0x00000000080008e0       0x14 CMakeFiles/led.dir/led.cpp.obj
                0x00000000080008e0                void GPIO<1073875968ul>::setOutputType<(OutputType)0, (unsigned char)12>()
 .text._ZN4GPIOILm1073875968EE14setOutputSpeedIL11OutputSpeed2ELh12EEEvv
                0x00000000080008f4       0x14 CMakeFiles/led.dir/led.cpp.obj
                0x00000000080008f4                void GPIO<1073875968ul>::setOutputSpeed<(OutputSpeed)2, (unsigned char)12>()
 .text._ZN4GPIOILm1073875968EE17setPullupPullDownIL21PullupPullDownControl0ELh12EEEvv
                0x0000000008000908       0x14 CMakeFiles/led.dir/led.cpp.obj
                0x0000000008000908                void GPIO<1073875968ul>::setPullupPullDown<(PullupPullDownControl)0, (unsigned char)12>()
 .text._ZN13GPIORegistersImE15toggleOutputPinILh12EEEvm
                0x000000000800091c       0x1c CMakeFiles/led.dir/led.cpp.obj
                0x000000000800091c                void GPIORegisters<unsigned long>::toggleOutputPin<(unsigned char)12>(unsigned long)
 .text._ZN18RCCRegistersTarget19setPeripheralOnAHB1IL14PeripheralAHB13ELb1EEEvv
                0x0000000008000938       0x14 CMakeFiles/led.dir/led.cpp.obj
                0x0000000008000938                void RCCRegistersTarget::setPeripheralOnAHB1<(PeripheralAHB1)3, true>()
 .text._ZN13GPIORegistersImE11setPortModeIL8PortMode1ELh12EEEvm
                0x000000000800094c       0x28 CMakeFiles/led.dir/led.cpp.obj
                0x000000000800094c                void GPIORegisters<unsigned long>::setPortMode<(PortMode)1, (unsigned char)12>(unsigned long)
 .text._ZN13GPIORegistersImE13setOutputTypeIL10OutputType0ELh12EEEvm
                0x0000000008000974       0x2a CMakeFiles/led.dir/led.cpp.obj
                0x0000000008000974                void GPIORegisters<unsigned long>::setOutputType<(OutputType)0, (unsigned char)12>(unsigned long)
 .text._ZN13GPIORegistersImE14setOutputSpeedIL11OutputSpeed2ELh12EEEvm
                0x000000000800099e       0x2a CMakeFiles/led.dir/led.cpp.obj
                0x000000000800099e                void GPIORegisters<unsigned long>::setOutputSpeed<(OutputSpeed)2, (unsigned char)12>(unsigned long)
 .text._ZN13GPIORegistersImE17setPullupPullDownIL21PullupPullDownControl0ELh12EEEvm
                0x00000000080009c8       0x28 CMakeFiles/led.dir/led.cpp.obj
                0x00000000080009c8                void GPIORegisters<unsigned long>::setPullupPullDown<(PullupPullDownControl)0, (unsigned char)12>(unsigned long)
 .text._ZN12RCCRegistersImE19setPeripheralOnAHB1IL14PeripheralAHB13ELb1EEEvm
                0x00000000080009f0       0x20 CMakeFiles/led.dir/led.cpp.obj
                0x00000000080009f0                void RCCRegisters<unsigned long>::setPeripheralOnAHB1<(PeripheralAHB1)3, true>(unsigned long)
 .text._ZN12RCCRegistersImE5doSetILb1EEEvmm
                0x0000000008000a10       0x1a CMakeFiles/led.dir/led.cpp.obj
                0x0000000008000a10                void RCCRegisters<unsigned long>::doSet<true>(unsigned long, unsigned long)
 .text._ZSt21is_constant_evaluatedv
                0x0000000008000a2a        0xe CMakeFiles/led.dir/__/__/targetSpecific/startup.cpp.obj
                0x0000000008000a2a                std::is_constant_evaluated()
 .text._ZSt4copyIPmS0_ET0_T_S2_S1_
                0x0000000008000a38       0x30 CMakeFiles/led.dir/__/__/targetSpecific/startup.cpp.obj
                0x0000000008000a38                unsigned long* std::copy<unsigned long*, unsigned long*>(unsigned long*, unsigned long*, unsigned long*)
 .text._ZSt12__miter_baseIPmET_S1_
                0x0000000008000a68       0x14 CMakeFiles/led.dir/__/__/targetSpecific/startup.cpp.obj
                0x0000000008000a68                unsigned long* std::__miter_base<unsigned long*>(unsigned long*)
 .text._ZSt13__copy_move_aILb0EPmS0_ET1_T0_S2_S1_
                0x0000000008000a7c       0x46 CMakeFiles/led.dir/__/__/targetSpecific/startup.cpp.obj
                0x0000000008000a7c                unsigned long* std::__copy_move_a<false, unsigned long*, unsigned long*>(unsigned long*, unsigned long*, unsigned long*)
 .text._ZSt4fillIPmmEvT_S1_RKT0_
                0x0000000008000ac2       0x1e CMakeFiles/led.dir/__/__/targetSpecific/startup.cpp.obj
                0x0000000008000ac2                void std::fill<unsigned long*, unsigned long>(unsigned long*, unsigned long*, unsigned long const&)
 .text._ZSt12__niter_baseIPmET_S1_
                0x0000000008000ae0       0x14 CMakeFiles/led.dir/__/__/targetSpecific/startup.cpp.obj
                0x0000000008000ae0                unsigned long* std::__niter_base<unsigned long*>(unsigned long*)
 .text._ZSt14__copy_move_a1ILb0EPmS0_ET1_T0_S2_S1_
                0x0000000008000af4       0x20 CMakeFiles/led.dir/__/__/targetSpecific/startup.cpp.obj
                0x0000000008000af4                unsigned long* std::__copy_move_a1<false, unsigned long*, unsigned long*>(unsigned long*, unsigned long*, unsigned long*)
 .text._ZSt12__niter_wrapIPmET_RKS1_S1_
                0x0000000008000b14       0x16 CMakeFiles/led.dir/__/__/targetSpecific/startup.cpp.obj
                0x0000000008000b14                unsigned long* std::__niter_wrap<unsigned long*>(unsigned long* const&, unsigned long*)
 .text._ZSt8__fill_aIPmmEvT_S1_RKT0_
                0x0000000008000b2a       0x1e CMakeFiles/led.dir/__/__/targetSpecific/startup.cpp.obj
                0x0000000008000b2a                void std::__fill_a<unsigned long*, unsigned long>(unsigned long*, unsigned long*, unsigned long const&)
 .text._ZSt14__copy_move_a2ILb0EPmS0_ET1_T0_S2_S1_
                0x0000000008000b48       0x3a CMakeFiles/led.dir/__/__/targetSpecific/startup.cpp.obj
                0x0000000008000b48                unsigned long* std::__copy_move_a2<false, unsigned long*, unsigned long*>(unsigned long*, unsigned long*, unsigned long*)
 .text._ZSt9__fill_a1IPmmEN9__gnu_cxx11__enable_ifIXsrSt11__is_scalarIT0_E7__valueEvE6__typeET_S8_RKS4_
                0x0000000008000b82       0x32 CMakeFiles/led.dir/__/__/targetSpecific/startup.cpp.obj
                0x0000000008000b82                __gnu_cxx::__enable_if<std::__is_scalar<unsigned long>::__value, void>::__type std::__fill_a1<unsigned long*, unsigned long>(unsigned long*, unsigned long*, unsigned long const&)
 .text._ZNSt11__copy_moveILb0ELb0ESt26random_access_iterator_tagE8__copy_mIPmS3_EET0_T_S5_S4_
                0x0000000008000bb4       0x44 CMakeFiles/led.dir/__/__/targetSpecific/startup.cpp.obj
                0x0000000008000bb4                unsigned long* std::__copy_move<false, false, std::random_access_iterator_tag>::__copy_m<unsigned long*, unsigned long*>(unsigned long*, unsigned long*, unsigned long*)
 .text._ZNSt11__copy_moveILb0ELb1ESt26random_access_iterator_tagE8__copy_mImEEPT_PKS3_S6_S4_
                0x0000000008000bf8       0x3a CMakeFiles/led.dir/__/__/targetSpecific/startup.cpp.obj
                0x0000000008000bf8                unsigned long* std::__copy_move<false, true, std::random_access_iterator_tag>::__copy_m<unsigned long>(unsigned long const*, unsigned long const*, unsigned long*)
 *fill*         0x0000000008000c32        0x2 
 .text.startup  0x0000000008000c34       0x14 /usr/lib/gcc/arm-none-eabi/10.3.1/../../../arm-none-eabi/lib/thumb/v7e-m/nofp/libg.a(lib_a-__call_atexit.o)
 *(.init)
 .init          0x0000000008000c48        0x4 /usr/lib/gcc/arm-none-eabi/10.3.1/thumb/v7e-m/nofp/crti.o
                0x0000000008000c48                _init
 .init          0x0000000008000c4c        0x8 /usr/lib/gcc/arm-none-eabi/10.3.1/thumb/v7e-m/nofp/crtn.o
 *(.fini)
 .fini          0x0000000008000c54        0x4 /usr/lib/gcc/arm-none-eabi/10.3.1/thumb/v7e-m/nofp/crti.o
                0x0000000008000c54                _fini
 .fini          0x0000000008000c58        0x8 /usr/lib/gcc/arm-none-eabi/10.3.1/thumb/v7e-m/nofp/crtn.o
 *(.rodata)
 .rodata        0x0000000008000c60       0x24 /usr/lib/gcc/arm-none-eabi/10.3.1/thumb/v7e-m/nofp/crtbegin.o
 .rodata        0x0000000008000c84       0x20 CMakeFiles/led.dir/led.cpp.obj
 .rodata        0x0000000008000ca4       0x24 CMakeFiles/led.dir/__/__/targetSpecific/startup.cpp.obj
 .rodata        0x0000000008000cc8        0x4 /usr/lib/gcc/arm-none-eabi/10.3.1/../../../arm-none-eabi/lib/thumb/v7e-m/nofp/libg.a(lib_a-impure.o)
                0x0000000008000cc8                _global_impure_ptr
 .rodata        0x0000000008000ccc       0x24 /usr/lib/gcc/arm-none-eabi/10.3.1/thumb/v7e-m/nofp/crtend.o
 *(.rodata.*)
                0x0000000008000cf0                . = ALIGN (0x4)
                0x0000000008000cf0                end_of_text = .
                0x0000000008000cfc                load_address_of_data = LOADADDR (.data)

.glue_7         0x0000000008000cf0        0x0
 .glue_7        0x0000000008000cf0        0x0 linker stubs

.glue_7t        0x0000000008000cf0        0x0
 .glue_7t       0x0000000008000cf0        0x0 linker stubs

.vfp11_veneer   0x0000000008000cf0        0x0
 .vfp11_veneer  0x0000000008000cf0        0x0 linker stubs

.v4_bx          0x0000000008000cf0        0x0
 .v4_bx         0x0000000008000cf0        0x0 linker stubs

.iplt           0x0000000008000cf0        0x0
 .iplt          0x0000000008000cf0        0x0 /usr/lib/gcc/arm-none-eabi/10.3.1/thumb/v7e-m/nofp/crtbegin.o

.eh_frame       0x0000000008000cf0        0x4
 .eh_frame      0x0000000008000cf0        0x0 /usr/lib/gcc/arm-none-eabi/10.3.1/thumb/v7e-m/nofp/crtbegin.o
 .eh_frame      0x0000000008000cf0        0x4 /usr/lib/gcc/arm-none-eabi/10.3.1/thumb/v7e-m/nofp/crtend.o

.ARM.extab      0x0000000008000cf4        0x0
 .ARM.extab     0x0000000008000cf4        0x0 /usr/lib/gcc/arm-none-eabi/10.3.1/../../../arm-none-eabi/lib/thumb/v7e-m/nofp/crt0.o

.ARM.exidx      0x0000000008000cf4        0x8
 .ARM.exidx     0x0000000008000cf4        0x8 /usr/lib/gcc/arm-none-eabi/10.3.1/../../../arm-none-eabi/lib/thumb/v7e-m/nofp/crt0.o
                                         0x10 (size before relaxing)

.rel.dyn        0x0000000008000cfc        0x0
 .rel.iplt      0x0000000008000cfc        0x0 /usr/lib/gcc/arm-none-eabi/10.3.1/thumb/v7e-m/nofp/crtbegin.o

.data           0x0000000020000000      0x438 load address 0x0000000008000cfc
                0x0000000020000000                start_of_data = .
 *(.data)
 .data          0x0000000020000000        0x0 /usr/lib/gcc/arm-none-eabi/10.3.1/thumb/v7e-m/nofp/crti.o
 .data          0x0000000020000000        0x4 /usr/lib/gcc/arm-none-eabi/10.3.1/thumb/v7e-m/nofp/crtbegin.o
                0x0000000020000000                __dso_handle
 .data          0x0000000020000004        0x0 /usr/lib/gcc/arm-none-eabi/10.3.1/../../../arm-none-eabi/lib/thumb/v7e-m/nofp/crt0.o
 .data          0x0000000020000004        0x0 CMakeFiles/led.dir/led.cpp.obj
 .data          0x0000000020000004        0x0 CMakeFiles/led.dir/__/__/targetSpecific/startup.cpp.obj
 .data          0x0000000020000004        0x0 /usr/lib/gcc/arm-none-eabi/10.3.1/../../../arm-none-eabi/lib/thumb/v7e-m/nofp/libg.a(lib_a-atexit.o)
 .data          0x0000000020000004        0x0 /usr/lib/gcc/arm-none-eabi/10.3.1/../../../arm-none-eabi/lib/thumb/v7e-m/nofp/libg.a(lib_a-exit.o)
 .data          0x0000000020000004        0x0 /usr/lib/gcc/arm-none-eabi/10.3.1/../../../arm-none-eabi/lib/thumb/v7e-m/nofp/libg.a(lib_a-fini.o)
 *fill*         0x0000000020000004        0x4 
 .data          0x0000000020000008      0x430 /usr/lib/gcc/arm-none-eabi/10.3.1/../../../arm-none-eabi/lib/thumb/v7e-m/nofp/libg.a(lib_a-impure.o)
                0x0000000020000008                _impure_ptr
 .data          0x0000000020000438        0x0 /usr/lib/gcc/arm-none-eabi/10.3.1/../../../arm-none-eabi/lib/thumb/v7e-m/nofp/libg.a(lib_a-init.o)
 .data          0x0000000020000438        0x0 /usr/lib/gcc/arm-none-eabi/10.3.1/../../../arm-none-eabi/lib/thumb/v7e-m/nofp/libg.a(lib_a-memmove.o)
 .data          0x0000000020000438        0x0 /usr/lib/gcc/arm-none-eabi/10.3.1/../../../arm-none-eabi/lib/thumb/v7e-m/nofp/libg.a(lib_a-memset.o)
 .data          0x0000000020000438        0x0 /usr/lib/gcc/arm-none-eabi/10.3.1/../../../arm-none-eabi/lib/thumb/v7e-m/nofp/libg.a(lib_a-__atexit.o)
 .data          0x0000000020000438        0x0 /usr/lib/gcc/arm-none-eabi/10.3.1/../../../arm-none-eabi/lib/thumb/v7e-m/nofp/libg.a(lib_a-__call_atexit.o)
 .data          0x0000000020000438        0x0 /usr/lib/gcc/arm-none-eabi/10.3.1/../../../arm-none-eabi/lib/thumb/v7e-m/nofp/libnosys.a(_exit.o)
 .data          0x0000000020000438        0x0 /usr/lib/gcc/arm-none-eabi/10.3.1/thumb/v7e-m/nofp/crtend.o
 .data          0x0000000020000438        0x0 /usr/lib/gcc/arm-none-eabi/10.3.1/thumb/v7e-m/nofp/crtn.o
 *(.data.*)
                0x0000000020000438                . = ALIGN (0x4)
                0x0000000020000438                end_of_data = .

.fini_array     0x0000000020000438        0x4 load address 0x0000000008001134
 .fini_array    0x0000000020000438        0x4 /usr/lib/gcc/arm-none-eabi/10.3.1/thumb/v7e-m/nofp/crtbegin.o

.tm_clone_table
                0x000000002000043c        0x0 load address 0x0000000008001138
 .tm_clone_table
                0x000000002000043c        0x0 /usr/lib/gcc/arm-none-eabi/10.3.1/thumb/v7e-m/nofp/crtbegin.o
 .tm_clone_table
                0x000000002000043c        0x0 /usr/lib/gcc/arm-none-eabi/10.3.1/thumb/v7e-m/nofp/crtend.o

.igot.plt       0x000000002000043c        0x0 load address 0x0000000008001138
 .igot.plt      0x000000002000043c        0x0 /usr/lib/gcc/arm-none-eabi/10.3.1/thumb/v7e-m/nofp/crtbegin.o

.bss            0x000000002000043c       0x1c load address 0x0000000008001138
                0x000000002000043c                start_of_bss = .
                0x000000002000043c                __bss_start__ = start_of_bss
 *(.bss)
 .bss           0x000000002000043c        0x0 /usr/lib/gcc/arm-none-eabi/10.3.1/thumb/v7e-m/nofp/crti.o
 .bss           0x000000002000043c       0x1c /usr/lib/gcc/arm-none-eabi/10.3.1/thumb/v7e-m/nofp/crtbegin.o
 .bss           0x0000000020000458        0x0 /usr/lib/gcc/arm-none-eabi/10.3.1/../../../arm-none-eabi/lib/thumb/v7e-m/nofp/crt0.o
 .bss           0x0000000020000458        0x0 CMakeFiles/led.dir/led.cpp.obj
 .bss           0x0000000020000458        0x0 CMakeFiles/led.dir/__/__/targetSpecific/startup.cpp.obj
 .bss           0x0000000020000458        0x0 /usr/lib/gcc/arm-none-eabi/10.3.1/../../../arm-none-eabi/lib/thumb/v7e-m/nofp/libg.a(lib_a-atexit.o)
 .bss           0x0000000020000458        0x0 /usr/lib/gcc/arm-none-eabi/10.3.1/../../../arm-none-eabi/lib/thumb/v7e-m/nofp/libg.a(lib_a-exit.o)
 .bss           0x0000000020000458        0x0 /usr/lib/gcc/arm-none-eabi/10.3.1/../../../arm-none-eabi/lib/thumb/v7e-m/nofp/libg.a(lib_a-fini.o)
 .bss           0x0000000020000458        0x0 /usr/lib/gcc/arm-none-eabi/10.3.1/../../../arm-none-eabi/lib/thumb/v7e-m/nofp/libg.a(lib_a-impure.o)
 .bss           0x0000000020000458        0x0 /usr/lib/gcc/arm-none-eabi/10.3.1/../../../arm-none-eabi/lib/thumb/v7e-m/nofp/libg.a(lib_a-init.o)
 .bss           0x0000000020000458        0x0 /usr/lib/gcc/arm-none-eabi/10.3.1/../../../arm-none-eabi/lib/thumb/v7e-m/nofp/libg.a(lib_a-memmove.o)
 .bss           0x0000000020000458        0x0 /usr/lib/gcc/arm-none-eabi/10.3.1/../../../arm-none-eabi/lib/thumb/v7e-m/nofp/libg.a(lib_a-memset.o)
 .bss           0x0000000020000458        0x0 /usr/lib/gcc/arm-none-eabi/10.3.1/../../../arm-none-eabi/lib/thumb/v7e-m/nofp/libg.a(lib_a-__atexit.o)
 .bss           0x0000000020000458        0x0 /usr/lib/gcc/arm-none-eabi/10.3.1/../../../arm-none-eabi/lib/thumb/v7e-m/nofp/libg.a(lib_a-__call_atexit.o)
 .bss           0x0000000020000458        0x0 /usr/lib/gcc/arm-none-eabi/10.3.1/../../../arm-none-eabi/lib/thumb/v7e-m/nofp/libnosys.a(_exit.o)
 .bss           0x0000000020000458        0x0 /usr/lib/gcc/arm-none-eabi/10.3.1/thumb/v7e-m/nofp/crtend.o
 .bss           0x0000000020000458        0x0 /usr/lib/gcc/arm-none-eabi/10.3.1/thumb/v7e-m/nofp/crtn.o
 *(.bss.*)
 *(.COMMON)
                0x0000000020000458                . = ALIGN (0x4)
                0x0000000020000458                end_of_bss = .
                0x0000000020000458                __bss_end__ = end_of_bss
                0x0000000020000458                . = ALIGN (0x4)
                0x0000000020000458                end = .
                0x0000000020000458                __end__ = .
OUTPUT(led.elf elf32-littlearm)
LOAD linker stubs

.ARM.attributes
                0x0000000000000000       0x2a
 .ARM.attributes
                0x0000000000000000       0x1e /usr/lib/gcc/arm-none-eabi/10.3.1/thumb/v7e-m/nofp/crti.o
 .ARM.attributes
                0x000000000000001e       0x2e /usr/lib/gcc/arm-none-eabi/10.3.1/thumb/v7e-m/nofp/crtbegin.o
 .ARM.attributes
                0x000000000000004c       0x1c /usr/lib/gcc/arm-none-eabi/10.3.1/../../../arm-none-eabi/lib/thumb/v7e-m/nofp/crt0.o
 .ARM.attributes
                0x0000000000000068       0x2e CMakeFiles/led.dir/led.cpp.obj
 .ARM.attributes
                0x0000000000000096       0x2e CMakeFiles/led.dir/__/__/targetSpecific/startup.cpp.obj
 .ARM.attributes
                0x00000000000000c4       0x2e /usr/lib/gcc/arm-none-eabi/10.3.1/../../../arm-none-eabi/lib/thumb/v7e-m/nofp/libg.a(lib_a-atexit.o)
 .ARM.attributes
                0x00000000000000f2       0x2e /usr/lib/gcc/arm-none-eabi/10.3.1/../../../arm-none-eabi/lib/thumb/v7e-m/nofp/libg.a(lib_a-exit.o)
 .ARM.attributes
                0x0000000000000120       0x2e /usr/lib/gcc/arm-none-eabi/10.3.1/../../../arm-none-eabi/lib/thumb/v7e-m/nofp/libg.a(lib_a-fini.o)
 .ARM.attributes
                0x000000000000014e       0x2e /usr/lib/gcc/arm-none-eabi/10.3.1/../../../arm-none-eabi/lib/thumb/v7e-m/nofp/libg.a(lib_a-impure.o)
 .ARM.attributes
                0x000000000000017c       0x2e /usr/lib/gcc/arm-none-eabi/10.3.1/../../../arm-none-eabi/lib/thumb/v7e-m/nofp/libg.a(lib_a-init.o)
 .ARM.attributes
                0x00000000000001aa       0x2e /usr/lib/gcc/arm-none-eabi/10.3.1/../../../arm-none-eabi/lib/thumb/v7e-m/nofp/libg.a(lib_a-memmove.o)
 .ARM.attributes
                0x00000000000001d8       0x2e /usr/lib/gcc/arm-none-eabi/10.3.1/../../../arm-none-eabi/lib/thumb/v7e-m/nofp/libg.a(lib_a-memset.o)
 .ARM.attributes
                0x0000000000000206       0x2e /usr/lib/gcc/arm-none-eabi/10.3.1/../../../arm-none-eabi/lib/thumb/v7e-m/nofp/libg.a(lib_a-__atexit.o)
 .ARM.attributes
                0x0000000000000234       0x2e /usr/lib/gcc/arm-none-eabi/10.3.1/../../../arm-none-eabi/lib/thumb/v7e-m/nofp/libg.a(lib_a-__call_atexit.o)
 .ARM.attributes
                0x0000000000000262       0x2e /usr/lib/gcc/arm-none-eabi/10.3.1/../../../arm-none-eabi/lib/thumb/v7e-m/nofp/libnosys.a(_exit.o)
 .ARM.attributes
                0x0000000000000290       0x2e /usr/lib/gcc/arm-none-eabi/10.3.1/thumb/v7e-m/nofp/crtend.o
 .ARM.attributes
                0x00000000000002be       0x1e /usr/lib/gcc/arm-none-eabi/10.3.1/thumb/v7e-m/nofp/crtn.o

.comment        0x0000000000000000       0x33
 .comment       0x0000000000000000       0x33 /usr/lib/gcc/arm-none-eabi/10.3.1/thumb/v7e-m/nofp/crtbegin.o
                                         0x34 (size before relaxing)
 .comment       0x0000000000000033       0x34 CMakeFiles/led.dir/led.cpp.obj
 .comment       0x0000000000000033       0x34 CMakeFiles/led.dir/__/__/targetSpecific/startup.cpp.obj
 .comment       0x0000000000000033       0x34 /usr/lib/gcc/arm-none-eabi/10.3.1/../../../arm-none-eabi/lib/thumb/v7e-m/nofp/libg.a(lib_a-atexit.o)
 .comment       0x0000000000000033       0x34 /usr/lib/gcc/arm-none-eabi/10.3.1/../../../arm-none-eabi/lib/thumb/v7e-m/nofp/libg.a(lib_a-exit.o)
 .comment       0x0000000000000033       0x34 /usr/lib/gcc/arm-none-eabi/10.3.1/../../../arm-none-eabi/lib/thumb/v7e-m/nofp/libg.a(lib_a-fini.o)
 .comment       0x0000000000000033       0x34 /usr/lib/gcc/arm-none-eabi/10.3.1/../../../arm-none-eabi/lib/thumb/v7e-m/nofp/libg.a(lib_a-impure.o)
 .comment       0x0000000000000033       0x34 /usr/lib/gcc/arm-none-eabi/10.3.1/../../../arm-none-eabi/lib/thumb/v7e-m/nofp/libg.a(lib_a-init.o)
 .comment       0x0000000000000033       0x34 /usr/lib/gcc/arm-none-eabi/10.3.1/../../../arm-none-eabi/lib/thumb/v7e-m/nofp/libg.a(lib_a-memmove.o)
 .comment       0x0000000000000033       0x34 /usr/lib/gcc/arm-none-eabi/10.3.1/../../../arm-none-eabi/lib/thumb/v7e-m/nofp/libg.a(lib_a-memset.o)
 .comment       0x0000000000000033       0x34 /usr/lib/gcc/arm-none-eabi/10.3.1/../../../arm-none-eabi/lib/thumb/v7e-m/nofp/libg.a(lib_a-__atexit.o)
 .comment       0x0000000000000033       0x34 /usr/lib/gcc/arm-none-eabi/10.3.1/../../../arm-none-eabi/lib/thumb/v7e-m/nofp/libg.a(lib_a-__call_atexit.o)
 .comment       0x0000000000000033       0x34 /usr/lib/gcc/arm-none-eabi/10.3.1/../../../arm-none-eabi/lib/thumb/v7e-m/nofp/libnosys.a(_exit.o)
 .comment       0x0000000000000033       0x34 /usr/lib/gcc/arm-none-eabi/10.3.1/thumb/v7e-m/nofp/crtend.o

.debug_line     0x0000000000000000     0x1bac
 .debug_line    0x0000000000000000       0x87 /usr/lib/gcc/arm-none-eabi/10.3.1/../../../arm-none-eabi/lib/thumb/v7e-m/nofp/crt0.o
 .debug_line    0x0000000000000087      0x78d CMakeFiles/led.dir/led.cpp.obj
 .debug_line    0x0000000000000814      0x602 CMakeFiles/led.dir/__/__/targetSpecific/startup.cpp.obj
 .debug_line    0x0000000000000e16       0xc0 /usr/lib/gcc/arm-none-eabi/10.3.1/../../../arm-none-eabi/lib/thumb/v7e-m/nofp/libg.a(lib_a-atexit.o)
 .debug_line    0x0000000000000ed6      0x179 /usr/lib/gcc/arm-none-eabi/10.3.1/../../../arm-none-eabi/lib/thumb/v7e-m/nofp/libg.a(lib_a-exit.o)
 .debug_line    0x000000000000104f       0xed /usr/lib/gcc/arm-none-eabi/10.3.1/../../../arm-none-eabi/lib/thumb/v7e-m/nofp/libg.a(lib_a-fini.o)
 .debug_line    0x000000000000113c       0xe4 /usr/lib/gcc/arm-none-eabi/10.3.1/../../../arm-none-eabi/lib/thumb/v7e-m/nofp/libg.a(lib_a-impure.o)
 .debug_line    0x0000000000001220      0x138 /usr/lib/gcc/arm-none-eabi/10.3.1/../../../arm-none-eabi/lib/thumb/v7e-m/nofp/libg.a(lib_a-init.o)
 .debug_line    0x0000000000001358      0x1ee /usr/lib/gcc/arm-none-eabi/10.3.1/../../../arm-none-eabi/lib/thumb/v7e-m/nofp/libg.a(lib_a-memmove.o)
 .debug_line    0x0000000000001546      0x1bf /usr/lib/gcc/arm-none-eabi/10.3.1/../../../arm-none-eabi/lib/thumb/v7e-m/nofp/libg.a(lib_a-memset.o)
 .debug_line    0x0000000000001705      0x19e /usr/lib/gcc/arm-none-eabi/10.3.1/../../../arm-none-eabi/lib/thumb/v7e-m/nofp/libg.a(lib_a-__atexit.o)
 .debug_line    0x00000000000018a3      0x294 /usr/lib/gcc/arm-none-eabi/10.3.1/../../../arm-none-eabi/lib/thumb/v7e-m/nofp/libg.a(lib_a-__call_atexit.o)
 .debug_line    0x0000000000001b37       0x75 /usr/lib/gcc/arm-none-eabi/10.3.1/../../../arm-none-eabi/lib/thumb/v7e-m/nofp/libnosys.a(_exit.o)

.debug_info     0x0000000000000000     0xcc1b
 .debug_info    0x0000000000000000       0x26 /usr/lib/gcc/arm-none-eabi/10.3.1/../../../arm-none-eabi/lib/thumb/v7e-m/nofp/crt0.o
 .debug_info    0x0000000000000026     0x6b3a CMakeFiles/led.dir/led.cpp.obj
 .debug_info    0x0000000000006b60     0x33f3 CMakeFiles/led.dir/__/__/targetSpecific/startup.cpp.obj
 .debug_info    0x0000000000009f53      0x100 /usr/lib/gcc/arm-none-eabi/10.3.1/../../../arm-none-eabi/lib/thumb/v7e-m/nofp/libg.a(lib_a-atexit.o)
 .debug_info    0x000000000000a053      0x969 /usr/lib/gcc/arm-none-eabi/10.3.1/../../../arm-none-eabi/lib/thumb/v7e-m/nofp/libg.a(lib_a-exit.o)
 .debug_info    0x000000000000a9bc      0x102 /usr/lib/gcc/arm-none-eabi/10.3.1/../../../arm-none-eabi/lib/thumb/v7e-m/nofp/libg.a(lib_a-fini.o)
 .debug_info    0x000000000000aabe      0x92a /usr/lib/gcc/arm-none-eabi/10.3.1/../../../arm-none-eabi/lib/thumb/v7e-m/nofp/libg.a(lib_a-impure.o)
 .debug_info    0x000000000000b3e8      0x11a /usr/lib/gcc/arm-none-eabi/10.3.1/../../../arm-none-eabi/lib/thumb/v7e-m/nofp/libg.a(lib_a-init.o)
 .debug_info    0x000000000000b502      0x152 /usr/lib/gcc/arm-none-eabi/10.3.1/../../../arm-none-eabi/lib/thumb/v7e-m/nofp/libg.a(lib_a-memmove.o)
 .debug_info    0x000000000000b654      0x137 /usr/lib/gcc/arm-none-eabi/10.3.1/../../../arm-none-eabi/lib/thumb/v7e-m/nofp/libg.a(lib_a-memset.o)
 .debug_info    0x000000000000b78b      0x9b0 /usr/lib/gcc/arm-none-eabi/10.3.1/../../../arm-none-eabi/lib/thumb/v7e-m/nofp/libg.a(lib_a-__atexit.o)
 .debug_info    0x000000000000c13b      0xa3d /usr/lib/gcc/arm-none-eabi/10.3.1/../../../arm-none-eabi/lib/thumb/v7e-m/nofp/libg.a(lib_a-__call_atexit.o)
 .debug_info    0x000000000000cb78       0xa3 /usr/lib/gcc/arm-none-eabi/10.3.1/../../../arm-none-eabi/lib/thumb/v7e-m/nofp/libnosys.a(_exit.o)

.debug_abbrev   0x0000000000000000     0x1b11
 .debug_abbrev  0x0000000000000000       0x14 /usr/lib/gcc/arm-none-eabi/10.3.1/../../../arm-none-eabi/lib/thumb/v7e-m/nofp/crt0.o
 .debug_abbrev  0x0000000000000014      0x72f CMakeFiles/led.dir/led.cpp.obj
 .debug_abbrev  0x0000000000000743      0x6e9 CMakeFiles/led.dir/__/__/targetSpecific/startup.cpp.obj
 .debug_abbrev  0x0000000000000e2c       0xb7 /usr/lib/gcc/arm-none-eabi/10.3.1/../../../arm-none-eabi/lib/thumb/v7e-m/nofp/libg.a(lib_a-atexit.o)
 .debug_abbrev  0x0000000000000ee3      0x20c /usr/lib/gcc/arm-none-eabi/10.3.1/../../../arm-none-eabi/lib/thumb/v7e-m/nofp/libg.a(lib_a-exit.o)
 .debug_abbrev  0x00000000000010ef       0xcf /usr/lib/gcc/arm-none-eabi/10.3.1/../../../arm-none-eabi/lib/thumb/v7e-m/nofp/libg.a(lib_a-fini.o)
 .debug_abbrev  0x00000000000011be      0x1b8 /usr/lib/gcc/arm-none-eabi/10.3.1/../../../arm-none-eabi/lib/thumb/v7e-m/nofp/libg.a(lib_a-impure.o)
 .debug_abbrev  0x0000000000001376       0xcc /usr/lib/gcc/arm-none-eabi/10.3.1/../../../arm-none-eabi/lib/thumb/v7e-m/nofp/libg.a(lib_a-init.o)
 .debug_abbrev  0x0000000000001442       0xc0 /usr/lib/gcc/arm-none-eabi/10.3.1/../../../arm-none-eabi/lib/thumb/v7e-m/nofp/libg.a(lib_a-memmove.o)
 .debug_abbrev  0x0000000000001502       0xb4 /usr/lib/gcc/arm-none-eabi/10.3.1/../../../arm-none-eabi/lib/thumb/v7e-m/nofp/libg.a(lib_a-memset.o)
 .debug_abbrev  0x00000000000015b6      0x23f /usr/lib/gcc/arm-none-eabi/10.3.1/../../../arm-none-eabi/lib/thumb/v7e-m/nofp/libg.a(lib_a-__atexit.o)
 .debug_abbrev  0x00000000000017f5      0x2b2 /usr/lib/gcc/arm-none-eabi/10.3.1/../../../arm-none-eabi/lib/thumb/v7e-m/nofp/libg.a(lib_a-__call_atexit.o)
 .debug_abbrev  0x0000000000001aa7       0x6a /usr/lib/gcc/arm-none-eabi/10.3.1/../../../arm-none-eabi/lib/thumb/v7e-m/nofp/libnosys.a(_exit.o)

.debug_aranges  0x0000000000000000      0x2b8
 .debug_aranges
                0x0000000000000000       0x20 /usr/lib/gcc/arm-none-eabi/10.3.1/../../../arm-none-eabi/lib/thumb/v7e-m/nofp/crt0.o
 .debug_aranges
                0x0000000000000020       0xd0 CMakeFiles/led.dir/led.cpp.obj
 .debug_aranges
                0x00000000000000f0       0x88 CMakeFiles/led.dir/__/__/targetSpecific/startup.cpp.obj
 .debug_aranges
                0x0000000000000178       0x20 /usr/lib/gcc/arm-none-eabi/10.3.1/../../../arm-none-eabi/lib/thumb/v7e-m/nofp/libg.a(lib_a-atexit.o)
 .debug_aranges
                0x0000000000000198       0x20 /usr/lib/gcc/arm-none-eabi/10.3.1/../../../arm-none-eabi/lib/thumb/v7e-m/nofp/libg.a(lib_a-exit.o)
 .debug_aranges
                0x00000000000001b8       0x20 /usr/lib/gcc/arm-none-eabi/10.3.1/../../../arm-none-eabi/lib/thumb/v7e-m/nofp/libg.a(lib_a-fini.o)
 .debug_aranges
                0x00000000000001d8       0x18 /usr/lib/gcc/arm-none-eabi/10.3.1/../../../arm-none-eabi/lib/thumb/v7e-m/nofp/libg.a(lib_a-impure.o)
 .debug_aranges
                0x00000000000001f0       0x20 /usr/lib/gcc/arm-none-eabi/10.3.1/../../../arm-none-eabi/lib/thumb/v7e-m/nofp/libg.a(lib_a-init.o)
 .debug_aranges
                0x0000000000000210       0x20 /usr/lib/gcc/arm-none-eabi/10.3.1/../../../arm-none-eabi/lib/thumb/v7e-m/nofp/libg.a(lib_a-memmove.o)
 .debug_aranges
                0x0000000000000230       0x20 /usr/lib/gcc/arm-none-eabi/10.3.1/../../../arm-none-eabi/lib/thumb/v7e-m/nofp/libg.a(lib_a-memset.o)
 .debug_aranges
                0x0000000000000250       0x20 /usr/lib/gcc/arm-none-eabi/10.3.1/../../../arm-none-eabi/lib/thumb/v7e-m/nofp/libg.a(lib_a-__atexit.o)
 .debug_aranges
                0x0000000000000270       0x28 /usr/lib/gcc/arm-none-eabi/10.3.1/../../../arm-none-eabi/lib/thumb/v7e-m/nofp/libg.a(lib_a-__call_atexit.o)
 .debug_aranges
                0x0000000000000298       0x20 /usr/lib/gcc/arm-none-eabi/10.3.1/../../../arm-none-eabi/lib/thumb/v7e-m/nofp/libnosys.a(_exit.o)

.debug_str      0x0000000000000000     0x92ad
 .debug_str     0x0000000000000000       0x95 /usr/lib/gcc/arm-none-eabi/10.3.1/../../../arm-none-eabi/lib/thumb/v7e-m/nofp/crt0.o
 .debug_str     0x0000000000000095     0x7f9d CMakeFiles/led.dir/led.cpp.obj
                                       0x82ef (size before relaxing)
 .debug_str     0x0000000000008032      0xc4d CMakeFiles/led.dir/__/__/targetSpecific/startup.cpp.obj
                                       0x2e52 (size before relaxing)
 .debug_str     0x0000000000008c7f      0x142 /usr/lib/gcc/arm-none-eabi/10.3.1/../../../arm-none-eabi/lib/thumb/v7e-m/nofp/libg.a(lib_a-atexit.o)
                                        0x1de (size before relaxing)
 .debug_str     0x0000000000008dc1       0x61 /usr/lib/gcc/arm-none-eabi/10.3.1/../../../arm-none-eabi/lib/thumb/v7e-m/nofp/libg.a(lib_a-exit.o)
                                        0x585 (size before relaxing)
 .debug_str     0x0000000000008e22       0xbe /usr/lib/gcc/arm-none-eabi/10.3.1/../../../arm-none-eabi/lib/thumb/v7e-m/nofp/libg.a(lib_a-fini.o)
                                        0x1d6 (size before relaxing)
 .debug_str     0x0000000000008ee0       0x98 /usr/lib/gcc/arm-none-eabi/10.3.1/../../../arm-none-eabi/lib/thumb/v7e-m/nofp/libg.a(lib_a-impure.o)
                                        0x57c (size before relaxing)
 .debug_str     0x0000000000008f78       0x96 /usr/lib/gcc/arm-none-eabi/10.3.1/../../../arm-none-eabi/lib/thumb/v7e-m/nofp/libg.a(lib_a-init.o)
                                        0x200 (size before relaxing)
 .debug_str     0x000000000000900e       0xc0 /usr/lib/gcc/arm-none-eabi/10.3.1/../../../arm-none-eabi/lib/thumb/v7e-m/nofp/libg.a(lib_a-memmove.o)
                                        0x1d4 (size before relaxing)
 .debug_str     0x00000000000090ce       0x48 /usr/lib/gcc/arm-none-eabi/10.3.1/../../../arm-none-eabi/lib/thumb/v7e-m/nofp/libg.a(lib_a-memset.o)
                                        0x1b5 (size before relaxing)
 .debug_str     0x0000000000009116       0x36 /usr/lib/gcc/arm-none-eabi/10.3.1/../../../arm-none-eabi/lib/thumb/v7e-m/nofp/libg.a(lib_a-__atexit.o)
                                        0x5b6 (size before relaxing)
 .debug_str     0x000000000000914c       0x7c /usr/lib/gcc/arm-none-eabi/10.3.1/../../../arm-none-eabi/lib/thumb/v7e-m/nofp/libg.a(lib_a-__call_atexit.o)
                                        0x5e2 (size before relaxing)
 .debug_str     0x00000000000091c8       0xe5 /usr/lib/gcc/arm-none-eabi/10.3.1/../../../arm-none-eabi/lib/thumb/v7e-m/nofp/libnosys.a(_exit.o)
                                        0x17b (size before relaxing)

.debug_ranges   0x0000000000000000      0x188
 .debug_ranges  0x0000000000000000       0xc0 CMakeFiles/led.dir/led.cpp.obj
 .debug_ranges  0x00000000000000c0       0x78 CMakeFiles/led.dir/__/__/targetSpecific/startup.cpp.obj
 .debug_ranges  0x0000000000000138       0x50 /usr/lib/gcc/arm-none-eabi/10.3.1/../../../arm-none-eabi/lib/thumb/v7e-m/nofp/libg.a(lib_a-__call_atexit.o)

.debug_frame    0x0000000000000000      0x7f0
 .debug_frame   0x0000000000000000      0x354 CMakeFiles/led.dir/led.cpp.obj
 .debug_frame   0x0000000000000354      0x2e4 CMakeFiles/led.dir/__/__/targetSpecific/startup.cpp.obj
 .debug_frame   0x0000000000000638       0x20 /usr/lib/gcc/arm-none-eabi/10.3.1/../../../arm-none-eabi/lib/thumb/v7e-m/nofp/libg.a(lib_a-atexit.o)
 .debug_frame   0x0000000000000658       0x28 /usr/lib/gcc/arm-none-eabi/10.3.1/../../../arm-none-eabi/lib/thumb/v7e-m/nofp/libg.a(lib_a-exit.o)
 .debug_frame   0x0000000000000680       0x34 /usr/lib/gcc/arm-none-eabi/10.3.1/../../../arm-none-eabi/lib/thumb/v7e-m/nofp/libg.a(lib_a-fini.o)
 .debug_frame   0x00000000000006b4       0x2c /usr/lib/gcc/arm-none-eabi/10.3.1/../../../arm-none-eabi/lib/thumb/v7e-m/nofp/libg.a(lib_a-init.o)
 .debug_frame   0x00000000000006e0       0x40 /usr/lib/gcc/arm-none-eabi/10.3.1/../../../arm-none-eabi/lib/thumb/v7e-m/nofp/libg.a(lib_a-memmove.o)
 .debug_frame   0x0000000000000720       0x2c /usr/lib/gcc/arm-none-eabi/10.3.1/../../../arm-none-eabi/lib/thumb/v7e-m/nofp/libg.a(lib_a-memset.o)
 .debug_frame   0x000000000000074c       0x34 /usr/lib/gcc/arm-none-eabi/10.3.1/../../../arm-none-eabi/lib/thumb/v7e-m/nofp/libg.a(lib_a-__atexit.o)
 .debug_frame   0x0000000000000780       0x50 /usr/lib/gcc/arm-none-eabi/10.3.1/../../../arm-none-eabi/lib/thumb/v7e-m/nofp/libg.a(lib_a-__call_atexit.o)
 .debug_frame   0x00000000000007d0       0x20 /usr/lib/gcc/arm-none-eabi/10.3.1/../../../arm-none-eabi/lib/thumb/v7e-m/nofp/libnosys.a(_exit.o)

.debug_loc      0x0000000000000000      0x9ec
 .debug_loc     0x0000000000000000       0x32 /usr/lib/gcc/arm-none-eabi/10.3.1/../../../arm-none-eabi/lib/thumb/v7e-m/nofp/libg.a(lib_a-atexit.o)
 .debug_loc     0x0000000000000032       0x22 /usr/lib/gcc/arm-none-eabi/10.3.1/../../../arm-none-eabi/lib/thumb/v7e-m/nofp/libg.a(lib_a-exit.o)
 .debug_loc     0x0000000000000054       0x68 /usr/lib/gcc/arm-none-eabi/10.3.1/../../../arm-none-eabi/lib/thumb/v7e-m/nofp/libg.a(lib_a-fini.o)
 .debug_loc     0x00000000000000bc       0xba /usr/lib/gcc/arm-none-eabi/10.3.1/../../../arm-none-eabi/lib/thumb/v7e-m/nofp/libg.a(lib_a-init.o)
 .debug_loc     0x0000000000000176      0x34f /usr/lib/gcc/arm-none-eabi/10.3.1/../../../arm-none-eabi/lib/thumb/v7e-m/nofp/libg.a(lib_a-memmove.o)
 .debug_loc     0x00000000000004c5      0x22c /usr/lib/gcc/arm-none-eabi/10.3.1/../../../arm-none-eabi/lib/thumb/v7e-m/nofp/libg.a(lib_a-memset.o)
 .debug_loc     0x00000000000006f1      0x138 /usr/lib/gcc/arm-none-eabi/10.3.1/../../../arm-none-eabi/lib/thumb/v7e-m/nofp/libg.a(lib_a-__atexit.o)
 .debug_loc     0x0000000000000829      0x1ae /usr/lib/gcc/arm-none-eabi/10.3.1/../../../arm-none-eabi/lib/thumb/v7e-m/nofp/libg.a(lib_a-__call_atexit.o)
 .debug_loc     0x00000000000009d7       0x15 /usr/lib/gcc/arm-none-eabi/10.3.1/../../../arm-none-eabi/lib/thumb/v7e-m/nofp/libnosys.a(_exit.o)
