Archive member included to satisfy reference by file (symbol)

/usr/lib/gcc/arm-none-eabi/10.3.1/../../../arm-none-eabi/lib/thumb/v7e-m/nofp/libg.a(lib_a-atexit.o)
                              /usr/lib/gcc/arm-none-eabi/10.3.1/../../../arm-none-eabi/lib/thumb/v7e-m/nofp/crt0.o (atexit)
/usr/lib/gcc/arm-none-eabi/10.3.1/../../../arm-none-eabi/lib/thumb/v7e-m/nofp/libg.a(lib_a-exit.o)
                              /usr/lib/gcc/arm-none-eabi/10.3.1/../../../arm-none-eabi/lib/thumb/v7e-m/nofp/crt0.o (exit)
/usr/lib/gcc/arm-none-eabi/10.3.1/../../../arm-none-eabi/lib/thumb/v7e-m/nofp/libg.a(lib_a-fini.o)
                              /usr/lib/gcc/arm-none-eabi/10.3.1/../../../arm-none-eabi/lib/thumb/v7e-m/nofp/crt0.o (__libc_fini_array)
/usr/lib/gcc/arm-none-eabi/10.3.1/../../../arm-none-eabi/lib/thumb/v7e-m/nofp/libg.a(lib_a-impure.o)
                              /usr/lib/gcc/arm-none-eabi/10.3.1/../../../arm-none-eabi/lib/thumb/v7e-m/nofp/libg.a(lib_a-exit.o) (_global_impure_ptr)
/usr/lib/gcc/arm-none-eabi/10.3.1/../../../arm-none-eabi/lib/thumb/v7e-m/nofp/libg.a(lib_a-init.o)
                              /usr/lib/gcc/arm-none-eabi/10.3.1/../../../arm-none-eabi/lib/thumb/v7e-m/nofp/crt0.o (__libc_init_array)
/usr/lib/gcc/arm-none-eabi/10.3.1/../../../arm-none-eabi/lib/thumb/v7e-m/nofp/libg.a(lib_a-memmove.o)
                              CMakeFiles/spi.dir/__/__/targetSpecific/startup.cpp.obj (memmove)
/usr/lib/gcc/arm-none-eabi/10.3.1/../../../arm-none-eabi/lib/thumb/v7e-m/nofp/libg.a(lib_a-memset.o)
                              /usr/lib/gcc/arm-none-eabi/10.3.1/../../../arm-none-eabi/lib/thumb/v7e-m/nofp/crt0.o (memset)
/usr/lib/gcc/arm-none-eabi/10.3.1/../../../arm-none-eabi/lib/thumb/v7e-m/nofp/libg.a(lib_a-__atexit.o)
                              /usr/lib/gcc/arm-none-eabi/10.3.1/../../../arm-none-eabi/lib/thumb/v7e-m/nofp/libg.a(lib_a-atexit.o) (__register_exitproc)
/usr/lib/gcc/arm-none-eabi/10.3.1/../../../arm-none-eabi/lib/thumb/v7e-m/nofp/libg.a(lib_a-__call_atexit.o)
                              /usr/lib/gcc/arm-none-eabi/10.3.1/../../../arm-none-eabi/lib/thumb/v7e-m/nofp/libg.a(lib_a-exit.o) (__call_exitprocs)
/usr/lib/gcc/arm-none-eabi/10.3.1/../../../arm-none-eabi/lib/thumb/v7e-m/nofp/libnosys.a(_exit.o)
                              /usr/lib/gcc/arm-none-eabi/10.3.1/../../../arm-none-eabi/lib/thumb/v7e-m/nofp/libg.a(lib_a-exit.o) (_exit)

Discarded input sections

 .group         0x0000000000000000        0x8 CMakeFiles/spi.dir/spi.cpp.obj
 .group         0x0000000000000000        0xc CMakeFiles/spi.dir/spi.cpp.obj
 .group         0x0000000000000000        0xc CMakeFiles/spi.dir/spi.cpp.obj
 .group         0x0000000000000000        0xc CMakeFiles/spi.dir/spi.cpp.obj
 .group         0x0000000000000000        0xc CMakeFiles/spi.dir/spi.cpp.obj
 .group         0x0000000000000000        0xc CMakeFiles/spi.dir/spi.cpp.obj
 .group         0x0000000000000000        0xc CMakeFiles/spi.dir/spi.cpp.obj
 .group         0x0000000000000000        0xc CMakeFiles/spi.dir/spi.cpp.obj
 .group         0x0000000000000000        0xc CMakeFiles/spi.dir/spi.cpp.obj
 .group         0x0000000000000000        0xc CMakeFiles/spi.dir/spi.cpp.obj
 .group         0x0000000000000000        0xc CMakeFiles/spi.dir/spi.cpp.obj
 .group         0x0000000000000000        0x8 CMakeFiles/spi.dir/spi.cpp.obj
 .group         0x0000000000000000        0xc CMakeFiles/spi.dir/spi.cpp.obj
 .group         0x0000000000000000        0xc CMakeFiles/spi.dir/spi.cpp.obj
 .group         0x0000000000000000        0xc CMakeFiles/spi.dir/spi.cpp.obj
 .group         0x0000000000000000        0xc CMakeFiles/spi.dir/spi.cpp.obj
 .group         0x0000000000000000        0xc CMakeFiles/spi.dir/spi.cpp.obj
 .group         0x0000000000000000        0xc CMakeFiles/spi.dir/spi.cpp.obj
 .group         0x0000000000000000        0xc CMakeFiles/spi.dir/spi.cpp.obj
 .group         0x0000000000000000        0xc CMakeFiles/spi.dir/spi.cpp.obj
 .group         0x0000000000000000        0xc CMakeFiles/spi.dir/spi.cpp.obj
 .group         0x0000000000000000        0xc CMakeFiles/spi.dir/spi.cpp.obj
 .group         0x0000000000000000        0xc CMakeFiles/spi.dir/spi.cpp.obj
 .group         0x0000000000000000        0xc CMakeFiles/spi.dir/spi.cpp.obj
 .group         0x0000000000000000        0xc CMakeFiles/spi.dir/spi.cpp.obj
 .group         0x0000000000000000        0xc CMakeFiles/spi.dir/spi.cpp.obj
 .group         0x0000000000000000        0xc CMakeFiles/spi.dir/spi.cpp.obj
 .group         0x0000000000000000        0xc CMakeFiles/spi.dir/spi.cpp.obj
 .group         0x0000000000000000        0xc CMakeFiles/spi.dir/spi.cpp.obj
 .group         0x0000000000000000        0xc CMakeFiles/spi.dir/spi.cpp.obj
 .group         0x0000000000000000        0xc CMakeFiles/spi.dir/spi.cpp.obj
 .group         0x0000000000000000        0xc CMakeFiles/spi.dir/spi.cpp.obj
 .group         0x0000000000000000        0xc CMakeFiles/spi.dir/spi.cpp.obj
 .group         0x0000000000000000        0xc CMakeFiles/spi.dir/spi.cpp.obj
 .group         0x0000000000000000        0xc CMakeFiles/spi.dir/spi.cpp.obj
 .group         0x0000000000000000        0xc CMakeFiles/spi.dir/spi.cpp.obj
 .group         0x0000000000000000        0xc CMakeFiles/spi.dir/spi.cpp.obj
 .group         0x0000000000000000        0xc CMakeFiles/spi.dir/spi.cpp.obj
 .group         0x0000000000000000        0xc CMakeFiles/spi.dir/spi.cpp.obj
 .group         0x0000000000000000        0xc CMakeFiles/spi.dir/spi.cpp.obj
 .group         0x0000000000000000        0xc CMakeFiles/spi.dir/spi.cpp.obj
 .group         0x0000000000000000        0xc CMakeFiles/spi.dir/spi.cpp.obj
 .group         0x0000000000000000        0xc CMakeFiles/spi.dir/spi.cpp.obj
 .group         0x0000000000000000        0xc CMakeFiles/spi.dir/spi.cpp.obj
 .group         0x0000000000000000        0xc CMakeFiles/spi.dir/spi.cpp.obj
 .group         0x0000000000000000        0xc CMakeFiles/spi.dir/spi.cpp.obj
 .group         0x0000000000000000        0xc CMakeFiles/spi.dir/spi.cpp.obj
 .group         0x0000000000000000        0xc CMakeFiles/spi.dir/spi.cpp.obj
 .group         0x0000000000000000        0xc CMakeFiles/spi.dir/spi.cpp.obj
 .group         0x0000000000000000        0xc CMakeFiles/spi.dir/spi.cpp.obj
 .group         0x0000000000000000        0xc CMakeFiles/spi.dir/spi.cpp.obj
 .group         0x0000000000000000        0xc CMakeFiles/spi.dir/spi.cpp.obj
 .group         0x0000000000000000        0xc CMakeFiles/spi.dir/spi.cpp.obj
 .group         0x0000000000000000        0xc CMakeFiles/spi.dir/spi.cpp.obj
 .group         0x0000000000000000        0xc CMakeFiles/spi.dir/spi.cpp.obj
 .group         0x0000000000000000        0xc CMakeFiles/spi.dir/spi.cpp.obj
 .group         0x0000000000000000        0xc CMakeFiles/spi.dir/spi.cpp.obj
 .group         0x0000000000000000        0xc CMakeFiles/spi.dir/spi.cpp.obj
 .group         0x0000000000000000        0x8 CMakeFiles/spi.dir/spi.cpp.obj
 .group         0x0000000000000000        0xc CMakeFiles/spi.dir/spi.cpp.obj
 .group         0x0000000000000000        0xc CMakeFiles/spi.dir/spi.cpp.obj
 .group         0x0000000000000000        0xc CMakeFiles/spi.dir/spi.cpp.obj
 .group         0x0000000000000000        0xc CMakeFiles/spi.dir/spi.cpp.obj
 .group         0x0000000000000000        0xc CMakeFiles/spi.dir/spi.cpp.obj
 .group         0x0000000000000000        0xc CMakeFiles/spi.dir/spi.cpp.obj
 .group         0x0000000000000000        0xc CMakeFiles/spi.dir/spi.cpp.obj
 .group         0x0000000000000000        0xc CMakeFiles/spi.dir/spi.cpp.obj
 .group         0x0000000000000000        0xc CMakeFiles/spi.dir/spi.cpp.obj
 .group         0x0000000000000000        0xc CMakeFiles/spi.dir/spi.cpp.obj
 .group         0x0000000000000000        0xc CMakeFiles/spi.dir/spi.cpp.obj
 .group         0x0000000000000000        0xc CMakeFiles/spi.dir/spi.cpp.obj
 .group         0x0000000000000000        0xc CMakeFiles/spi.dir/spi.cpp.obj
 .group         0x0000000000000000        0x8 CMakeFiles/spi.dir/spi.cpp.obj
 .group         0x0000000000000000        0xc CMakeFiles/spi.dir/spi.cpp.obj
 .group         0x0000000000000000        0x8 CMakeFiles/spi.dir/spi.cpp.obj
 .group         0x0000000000000000        0x8 CMakeFiles/spi.dir/spi.cpp.obj
 .group         0x0000000000000000        0xc CMakeFiles/spi.dir/spi.cpp.obj
 .group         0x0000000000000000        0xc CMakeFiles/spi.dir/spi.cpp.obj
 .group         0x0000000000000000        0x8 CMakeFiles/spi.dir/spi.cpp.obj
 .group         0x0000000000000000        0x8 CMakeFiles/spi.dir/__/__/targetSpecific/startup.cpp.obj
 .group         0x0000000000000000        0xc CMakeFiles/spi.dir/__/__/targetSpecific/startup.cpp.obj
 .group         0x0000000000000000        0x8 CMakeFiles/spi.dir/__/__/targetSpecific/startup.cpp.obj
 .group         0x0000000000000000        0xc CMakeFiles/spi.dir/__/__/targetSpecific/startup.cpp.obj
 .group         0x0000000000000000        0xc CMakeFiles/spi.dir/__/__/targetSpecific/startup.cpp.obj
 .group         0x0000000000000000        0x8 CMakeFiles/spi.dir/__/__/targetSpecific/startup.cpp.obj
 .group         0x0000000000000000        0xc CMakeFiles/spi.dir/__/__/targetSpecific/startup.cpp.obj
 .group         0x0000000000000000        0x8 CMakeFiles/spi.dir/__/__/targetSpecific/startup.cpp.obj
 .group         0x0000000000000000        0xc CMakeFiles/spi.dir/__/__/targetSpecific/startup.cpp.obj
 .group         0x0000000000000000        0xc CMakeFiles/spi.dir/__/__/targetSpecific/startup.cpp.obj
 .group         0x0000000000000000        0x8 CMakeFiles/spi.dir/__/__/targetSpecific/startup.cpp.obj
 .group         0x0000000000000000        0x8 CMakeFiles/spi.dir/__/__/targetSpecific/startup.cpp.obj
 .group         0x0000000000000000        0xc CMakeFiles/spi.dir/__/__/targetSpecific/startup.cpp.obj

Memory Configuration

Name             Origin             Length             Attributes
FLASH            0x0000000008000000 0x0000000000100000 xr
SRAM             0x0000000020000000 0x0000000000020000 xrw
*default*        0x0000000000000000 0xffffffffffffffff

Linker script and memory map

LOAD /usr/lib/gcc/arm-none-eabi/10.3.1/thumb/v7e-m/nofp/crti.o
LOAD /usr/lib/gcc/arm-none-eabi/10.3.1/thumb/v7e-m/nofp/crtbegin.o
LOAD /usr/lib/gcc/arm-none-eabi/10.3.1/../../../arm-none-eabi/lib/thumb/v7e-m/nofp/crt0.o
LOAD CMakeFiles/spi.dir/spi.cpp.obj
LOAD CMakeFiles/spi.dir/__/__/targetSpecific/startup.cpp.obj
LOAD /usr/lib/gcc/arm-none-eabi/10.3.1/../../../arm-none-eabi/lib/thumb/v7e-m/nofp/libstdc++.a
LOAD /usr/lib/gcc/arm-none-eabi/10.3.1/../../../arm-none-eabi/lib/thumb/v7e-m/nofp/libm.a
START GROUP
LOAD /usr/lib/gcc/arm-none-eabi/10.3.1/thumb/v7e-m/nofp/libgcc.a
LOAD /usr/lib/gcc/arm-none-eabi/10.3.1/../../../arm-none-eabi/lib/thumb/v7e-m/nofp/libg.a
LOAD /usr/lib/gcc/arm-none-eabi/10.3.1/../../../arm-none-eabi/lib/thumb/v7e-m/nofp/libc.a
END GROUP
START GROUP
LOAD /usr/lib/gcc/arm-none-eabi/10.3.1/thumb/v7e-m/nofp/libgcc.a
LOAD /usr/lib/gcc/arm-none-eabi/10.3.1/../../../arm-none-eabi/lib/thumb/v7e-m/nofp/libc.a
LOAD /usr/lib/gcc/arm-none-eabi/10.3.1/../../../arm-none-eabi/lib/thumb/v7e-m/nofp/libnosys.a
END GROUP
LOAD /usr/lib/gcc/arm-none-eabi/10.3.1/thumb/v7e-m/nofp/crtend.o
LOAD /usr/lib/gcc/arm-none-eabi/10.3.1/thumb/v7e-m/nofp/crtn.o

.text           0x0000000008000000     0x15b8
 *(.isr_vector)
 .isr_vector    0x0000000008000000      0x188 CMakeFiles/spi.dir/__/__/targetSpecific/startup.cpp.obj
                0x0000000008000000                isr_vector
                0x0000000008000188                start_of_constructors = .
 *(SORT_BY_NAME(.init_array.*))
 .init_array.00000
                0x0000000008000188        0x4 /usr/lib/gcc/arm-none-eabi/10.3.1/../../../arm-none-eabi/lib/thumb/v7e-m/nofp/libg.a(lib_a-__call_atexit.o)
 *(.init_array*)
 .init_array    0x000000000800018c        0x4 /usr/lib/gcc/arm-none-eabi/10.3.1/thumb/v7e-m/nofp/crtbegin.o
                0x0000000008000190                end_of_constructors = .
 *(.text)
 .text          0x0000000008000190        0x0 /usr/lib/gcc/arm-none-eabi/10.3.1/thumb/v7e-m/nofp/crti.o
 .text          0x0000000008000190       0x88 /usr/lib/gcc/arm-none-eabi/10.3.1/thumb/v7e-m/nofp/crtbegin.o
 .text          0x0000000008000218       0x70 /usr/lib/gcc/arm-none-eabi/10.3.1/../../../arm-none-eabi/lib/thumb/v7e-m/nofp/crt0.o
                0x0000000008000218                _stack_init
                0x0000000008000220                _mainCRTStartup
                0x0000000008000220                _start
 .text          0x0000000008000288       0x68 CMakeFiles/spi.dir/spi.cpp.obj
                0x00000000080002ba                main
 .text          0x00000000080002f0       0xe8 CMakeFiles/spi.dir/__/__/targetSpecific/startup.cpp.obj
                0x00000000080003b8                RTC_Alarm_IRQHandler
                0x00000000080003b8                HASH_RNG_IRQHandler
                0x00000000080003b8                EXTI2_IRQHandler
                0x00000000080003b8                TIM8_CC_IRQHandler
                0x00000000080003b8                DebugMon_Handler
                0x00000000080003b8                TIM1_CC_IRQHandler
                0x00000000080003b8                DMA2_Stream5_IRQHandler
                0x00000000080003b8                HardFault_Handler
                0x00000000080003b8                DMA1_Stream5_IRQHandler
                0x00000000080003b8                SysTick_Handler
                0x00000000080003b8                PVD_IRQHandler
                0x00000000080003b8                SDIO_IRQHandler
                0x00000000080003b8                TAMP_STAMP_IRQHandler
                0x00000000080003b8                PendSV_Handler
                0x00000000080003b8                NMI_Handler
                0x00000000080003b8                CAN2_RX1_IRQHandler
                0x00000000080003b8                EXTI3_IRQHandler
                0x00000000080003b8                TIM8_TRG_COM_TIM14_IRQHandler
                0x00000000080003b8                TIM1_UP_TIM10_IRQHandler
                0x00000000080003b8                TIM8_UP_TIM13_IRQHandler
                0x00000000080003b8                I2C3_ER_IRQHandler
                0x00000000080003b8                EXTI0_IRQHandler
                0x00000000080003b8                I2C2_EV_IRQHandler
                0x00000000080003b8                DMA1_Stream2_IRQHandler
                0x00000000080003b8                CAN1_RX0_IRQHandler
                0x00000000080003b8                FPU_IRQHandler
                0x00000000080003b8                OTG_HS_WKUP_IRQHandler
                0x00000000080003b8                UsageFault_Handler
                0x00000000080003b8                CAN2_SCE_IRQHandler
                0x00000000080003b8                DMA2_Stream2_IRQHandler
                0x00000000080003b8                SPI1_IRQHandler
                0x00000000080003b8                TIM6_DAC_IRQHandler
                0x00000000080003b8                TIM1_BRK_TIM9_IRQHandler
                0x00000000080003b8                DCMI_IRQHandler
                0x00000000080003b8                CAN2_RX0_IRQHandler
                0x00000000080003b8                DMA2_Stream3_IRQHandler
                0x00000000080003b8                defaulHandler
                0x00000000080003b8                USART6_IRQHandler
                0x00000000080003b8                USART3_IRQHandler
                0x00000000080003b8                CRYP_IRQHandler
                0x00000000080003b8                CAN1_RX1_IRQHandler
                0x00000000080003b8                UART5_IRQHandler
                0x00000000080003b8                DMA2_Stream0_IRQHandler
                0x00000000080003b8                TIM4_IRQHandler
                0x00000000080003b8                I2C1_EV_IRQHandler
                0x00000000080003b8                DMA1_Stream6_IRQHandler
                0x00000000080003b8                DMA1_Stream1_IRQHandler
                0x00000000080003b8                UART4_IRQHandler
                0x00000000080003b8                TIM3_IRQHandler
                0x00000000080003b8                RCC_IRQHandler
                0x00000000080003b8                TIM8_BRK_TIM12_IRQHandler
                0x00000000080003b8                EXTI15_10_IRQHandler
                0x00000000080003b8                ADC_IRQHandler
                0x00000000080003b8                DMA1_Stream7_IRQHandler
                0x00000000080003b8                TIM7_IRQHandler
                0x00000000080003b8                CAN2_TX_IRQHandler
                0x00000000080003b8                TIM5_IRQHandler
                0x00000000080003b8                DMA2_Stream7_IRQHandler
                0x00000000080003b8                I2C3_EV_IRQHandler
                0x00000000080003b8                EXTI9_5_IRQHandler
                0x00000000080003b8                RTC_WKUP_IRQHandler
                0x00000000080003b8                ETH_WKUP_IRQHandler
                0x00000000080003b8                SPI2_IRQHandler
                0x00000000080003b8                OTG_HS_EP1_IN_IRQHandler
                0x00000000080003b8                MemManage_Handler
                0x00000000080003b8                DMA1_Stream0_IRQHandler
                0x00000000080003b8                CAN1_TX_IRQHandler
                0x00000000080003b8                SVC_Handler
                0x00000000080003b8                EXTI4_IRQHandler
                0x00000000080003b8                FSMC_IRQHandler
                0x00000000080003b8                ETH_IRQHandler
                0x00000000080003b8                OTG_HS_EP1_OUT_IRQHandler
                0x00000000080003b8                WWDG_IRQHandler
                0x00000000080003b8                TIM2_IRQHandler
                0x00000000080003b8                OTG_FS_WKUP_IRQHandler
                0x00000000080003b8                TIM1_TRG_COM_TIM11_IRQHandler
                0x00000000080003b8                OTG_HS_IRQHandler
                0x00000000080003b8                EXTI1_IRQHandler
                0x00000000080003b8                USART2_IRQHandler
                0x00000000080003b8                I2C2_ER_IRQHandler
                0x00000000080003b8                DMA2_Stream1_IRQHandler
                0x00000000080003b8                CAN1_SCE_IRQHandler
                0x00000000080003b8                DMA2_Stream4_IRQHandler
                0x00000000080003b8                BusFault_Handler
                0x00000000080003b8                USART1_IRQHandler
                0x00000000080003b8                OTG_FS_IRQHandler
                0x00000000080003b8                SPI3_IRQHandler
                0x00000000080003b8                DMA1_Stream4_IRQHandler
                0x00000000080003b8                I2C1_ER_IRQHandler
                0x00000000080003b8                DMA2_Stream6_IRQHandler
                0x00000000080003b8                DMA1_Stream3_IRQHandler
                0x00000000080003be                Reset_Handler
 .text          0x00000000080003d8        0xc /usr/lib/gcc/arm-none-eabi/10.3.1/../../../arm-none-eabi/lib/thumb/v7e-m/nofp/libg.a(lib_a-atexit.o)
                0x00000000080003d8                atexit
 .text          0x00000000080003e4       0x20 /usr/lib/gcc/arm-none-eabi/10.3.1/../../../arm-none-eabi/lib/thumb/v7e-m/nofp/libg.a(lib_a-exit.o)
                0x00000000080003e4                exit
 .text          0x0000000008000404       0x2c /usr/lib/gcc/arm-none-eabi/10.3.1/../../../arm-none-eabi/lib/thumb/v7e-m/nofp/libg.a(lib_a-fini.o)
                0x0000000008000404                __libc_fini_array
 .text          0x0000000008000430        0x0 /usr/lib/gcc/arm-none-eabi/10.3.1/../../../arm-none-eabi/lib/thumb/v7e-m/nofp/libg.a(lib_a-impure.o)
 .text          0x0000000008000430       0x48 /usr/lib/gcc/arm-none-eabi/10.3.1/../../../arm-none-eabi/lib/thumb/v7e-m/nofp/libg.a(lib_a-init.o)
                0x0000000008000430                __libc_init_array
 .text          0x0000000008000478       0xf8 /usr/lib/gcc/arm-none-eabi/10.3.1/../../../arm-none-eabi/lib/thumb/v7e-m/nofp/libg.a(lib_a-memmove.o)
                0x0000000008000478                memmove
 .text          0x0000000008000570       0xa4 /usr/lib/gcc/arm-none-eabi/10.3.1/../../../arm-none-eabi/lib/thumb/v7e-m/nofp/libg.a(lib_a-memset.o)
                0x0000000008000570                memset
 .text          0x0000000008000614       0x68 /usr/lib/gcc/arm-none-eabi/10.3.1/../../../arm-none-eabi/lib/thumb/v7e-m/nofp/libg.a(lib_a-__atexit.o)
                0x0000000008000614                __register_exitproc
 .text          0x000000000800067c       0xb0 /usr/lib/gcc/arm-none-eabi/10.3.1/../../../arm-none-eabi/lib/thumb/v7e-m/nofp/libg.a(lib_a-__call_atexit.o)
                0x000000000800067c                __call_exitprocs
 .text          0x000000000800072c        0x4 /usr/lib/gcc/arm-none-eabi/10.3.1/../../../arm-none-eabi/lib/thumb/v7e-m/nofp/libnosys.a(_exit.o)
                0x000000000800072c                _exit
 .text          0x0000000008000730        0x0 /usr/lib/gcc/arm-none-eabi/10.3.1/thumb/v7e-m/nofp/crtend.o
 .text          0x0000000008000730        0x0 /usr/lib/gcc/arm-none-eabi/10.3.1/thumb/v7e-m/nofp/crtn.o
 *(.text.*)
 .text._ZN14RegisterAccessImmE6regAndEmm
                0x0000000008000730       0x2c CMakeFiles/spi.dir/spi.cpp.obj
                0x0000000008000730                RegisterAccess<unsigned long, unsigned long>::regAnd(unsigned long, unsigned long)
 .text._ZN14RegisterAccessImmE5regOrEmm
                0x000000000800075c       0x2c CMakeFiles/spi.dir/spi.cpp.obj
                0x000000000800075c                RegisterAccess<unsigned long, unsigned long>::regOr(unsigned long, unsigned long)
 .text._ZN14RegisterAccessImmE6regGetEm
                0x0000000008000788       0x1a CMakeFiles/spi.dir/spi.cpp.obj
                0x0000000008000788                RegisterAccess<unsigned long, unsigned long>::regGet(unsigned long)
 .text._ZN14RegisterAccessImmE9regBitSetEmm
                0x00000000080007a2       0x56 CMakeFiles/spi.dir/spi.cpp.obj
                0x00000000080007a2                RegisterAccess<unsigned long, unsigned long>::regBitSet(unsigned long, unsigned long)
 .text._ZN14RegisterAccessImmE11regBitClearEmm
                0x00000000080007f8       0x58 CMakeFiles/spi.dir/spi.cpp.obj
                0x00000000080007f8                RegisterAccess<unsigned long, unsigned long>::regBitClear(unsigned long, unsigned long)
 .text._ZN14RegisterAccessImmE9regBitGetEmm
                0x0000000008000850       0x50 CMakeFiles/spi.dir/spi.cpp.obj
                0x0000000008000850                RegisterAccess<unsigned long, unsigned long>::regBitGet(unsigned long, unsigned long)
 .text._ZN4GPIOILm1073873920EE4initIXtl12GPIOInitDataL14PeripheralAHB11EL8PortMode2EL17AlternateFunction5EL10OutputType0EL11OutputSpeed2EL21PullupPullDownControl0EEELh13EEEvv
                0x00000000080008a0       0x20 CMakeFiles/spi.dir/spi.cpp.obj
                0x00000000080008a0                void GPIO<1073873920ul>::init<GPIOInitData{(PeripheralAHB1)1, (PortMode)2, (AlternateFunction)5, (OutputType)0, (OutputSpeed)2, (PullupPullDownControl)0}, (unsigned char)13>()
 .text._ZN4GPIOILm1073873920EE4initIXtl12GPIOInitDataL14PeripheralAHB11EL8PortMode2EL17AlternateFunction5EL10OutputType0EL11OutputSpeed2EL21PullupPullDownControl0EEELh15EEEvv
                0x00000000080008c0       0x20 CMakeFiles/spi.dir/spi.cpp.obj
                0x00000000080008c0                void GPIO<1073873920ul>::init<GPIOInitData{(PeripheralAHB1)1, (PortMode)2, (AlternateFunction)5, (OutputType)0, (OutputSpeed)2, (PullupPullDownControl)0}, (unsigned char)15>()
 .text._ZN3SPIIL9SPINumber1EE4initIXtl11SPIInitDataL15MasterSelection0EL21BidirectionalDataMode0EL15BaudRateControl0EL15DataFrameFormat0EL10ClockPhase0EL13ClockPolarity0EL19SoftwareSlaveSelect1EEEEEvv
                0x00000000080008e0       0x4c CMakeFiles/spi.dir/spi.cpp.obj
                0x00000000080008e0                void SPI<(SPINumber)1>::init<SPIInitData{(MasterSelection)0, (BidirectionalDataMode)0, (BaudRateControl)0, (DataFrameFormat)0, (ClockPhase)0, (ClockPolarity)0, (SoftwareSlaveSelect)1}>()
 .text._ZN3SPIIL9SPINumber1EE10sendStringEPKc
                0x000000000800092c       0x28 CMakeFiles/spi.dir/spi.cpp.obj
                0x000000000800092c                SPI<(SPINumber)1>::sendString(char const*)
 .text._ZN14RegisterAccessImmE6memoryEm
                0x0000000008000954       0x14 CMakeFiles/spi.dir/spi.cpp.obj
                0x0000000008000954                RegisterAccess<unsigned long, unsigned long>::memory(unsigned long)
 .text._ZN4GPIOILm1073873920EE8setClockIL14PeripheralAHB11ELb1EEEvv
                0x0000000008000968        0xc CMakeFiles/spi.dir/spi.cpp.obj
                0x0000000008000968                void GPIO<1073873920ul>::setClock<(PeripheralAHB1)1, true>()
 .text._ZN4GPIOILm1073873920EE11setPortModeIL8PortMode2ELh13EEEvv
                0x0000000008000974       0x14 CMakeFiles/spi.dir/spi.cpp.obj
                0x0000000008000974                void GPIO<1073873920ul>::setPortMode<(PortMode)2, (unsigned char)13>()
 .text._ZN4GPIOILm1073873920EE20setAlternateFunctionIL17AlternateFunction5ELh13EEEvv
                0x0000000008000988       0x14 CMakeFiles/spi.dir/spi.cpp.obj
                0x0000000008000988                void GPIO<1073873920ul>::setAlternateFunction<(AlternateFunction)5, (unsigned char)13>()
 .text._ZN4GPIOILm1073873920EE13setOutputTypeIL10OutputType0ELh13EEEvv
                0x000000000800099c       0x14 CMakeFiles/spi.dir/spi.cpp.obj
                0x000000000800099c                void GPIO<1073873920ul>::setOutputType<(OutputType)0, (unsigned char)13>()
 .text._ZN4GPIOILm1073873920EE14setOutputSpeedIL11OutputSpeed2ELh13EEEvv
                0x00000000080009b0       0x14 CMakeFiles/spi.dir/spi.cpp.obj
                0x00000000080009b0                void GPIO<1073873920ul>::setOutputSpeed<(OutputSpeed)2, (unsigned char)13>()
 .text._ZN4GPIOILm1073873920EE17setPullupPullDownIL21PullupPullDownControl0ELh13EEEvv
                0x00000000080009c4       0x14 CMakeFiles/spi.dir/spi.cpp.obj
                0x00000000080009c4                void GPIO<1073873920ul>::setPullupPullDown<(PullupPullDownControl)0, (unsigned char)13>()
 .text._ZN4GPIOILm1073873920EE11setPortModeIL8PortMode2ELh15EEEvv
                0x00000000080009d8       0x14 CMakeFiles/spi.dir/spi.cpp.obj
                0x00000000080009d8                void GPIO<1073873920ul>::setPortMode<(PortMode)2, (unsigned char)15>()
 .text._ZN4GPIOILm1073873920EE20setAlternateFunctionIL17AlternateFunction5ELh15EEEvv
                0x00000000080009ec       0x14 CMakeFiles/spi.dir/spi.cpp.obj
                0x00000000080009ec                void GPIO<1073873920ul>::setAlternateFunction<(AlternateFunction)5, (unsigned char)15>()
 .text._ZN4GPIOILm1073873920EE13setOutputTypeIL10OutputType0ELh15EEEvv
                0x0000000008000a00       0x14 CMakeFiles/spi.dir/spi.cpp.obj
                0x0000000008000a00                void GPIO<1073873920ul>::setOutputType<(OutputType)0, (unsigned char)15>()
 .text._ZN4GPIOILm1073873920EE14setOutputSpeedIL11OutputSpeed2ELh15EEEvv
                0x0000000008000a14       0x14 CMakeFiles/spi.dir/spi.cpp.obj
                0x0000000008000a14                void GPIO<1073873920ul>::setOutputSpeed<(OutputSpeed)2, (unsigned char)15>()
 .text._ZN4GPIOILm1073873920EE17setPullupPullDownIL21PullupPullDownControl0ELh15EEEvv
                0x0000000008000a28       0x14 CMakeFiles/spi.dir/spi.cpp.obj
                0x0000000008000a28                void GPIO<1073873920ul>::setPullupPullDown<(PullupPullDownControl)0, (unsigned char)15>()
 .text._ZN3SPIIL9SPINumber1EE11setSPIClockILb1EEEvv
                0x0000000008000a3c       0x10 CMakeFiles/spi.dir/spi.cpp.obj
                0x0000000008000a3c                void SPI<(SPINumber)1>::setSPIClock<true>()
 .text._ZN3SPIIL9SPINumber1EE13setDeviceModeIL15MasterSelection0EEEvv
                0x0000000008000a4c       0x28 CMakeFiles/spi.dir/spi.cpp.obj
                0x0000000008000a4c                void SPI<(SPINumber)1>::setDeviceMode<(MasterSelection)0>()
 .text._ZN3SPIIL9SPINumber1EE24setBidirectionalDataModeIL21BidirectionalDataMode0EEEvv
                0x0000000008000a74       0x28 CMakeFiles/spi.dir/spi.cpp.obj
                0x0000000008000a74                void SPI<(SPINumber)1>::setBidirectionalDataMode<(BidirectionalDataMode)0>()
 .text._ZN3SPIIL9SPINumber1EE18setBaudRateControlIL15BaudRateControl0EEEvv
                0x0000000008000a9c       0x28 CMakeFiles/spi.dir/spi.cpp.obj
                0x0000000008000a9c                void SPI<(SPINumber)1>::setBaudRateControl<(BaudRateControl)0>()
 .text._ZN3SPIIL9SPINumber1EE18setDataFrameFormatIL15DataFrameFormat0EEEvv
                0x0000000008000ac4       0x28 CMakeFiles/spi.dir/spi.cpp.obj
                0x0000000008000ac4                void SPI<(SPINumber)1>::setDataFrameFormat<(DataFrameFormat)0>()
 .text._ZN3SPIIL9SPINumber1EE13setClockPhaseIL10ClockPhase0EEEvv
                0x0000000008000aec       0x28 CMakeFiles/spi.dir/spi.cpp.obj
                0x0000000008000aec                void SPI<(SPINumber)1>::setClockPhase<(ClockPhase)0>()
 .text._ZN3SPIIL9SPINumber1EE16setClockPolarityIL13ClockPolarity0EEEvv
                0x0000000008000b14       0x28 CMakeFiles/spi.dir/spi.cpp.obj
                0x0000000008000b14                void SPI<(SPINumber)1>::setClockPolarity<(ClockPolarity)0>()
 .text._ZN3SPIIL9SPINumber1EE22setSoftwareSlaveSelectIL19SoftwareSlaveSelect1EEEvv
                0x0000000008000b3c       0x28 CMakeFiles/spi.dir/spi.cpp.obj
                0x0000000008000b3c                void SPI<(SPINumber)1>::setSoftwareSlaveSelect<(SoftwareSlaveSelect)1>()
 .text._ZNKSt5arrayISt4pairI9SPINumbermELj3EE3endEv
                0x0000000008000b64       0x1a CMakeFiles/spi.dir/spi.cpp.obj
                0x0000000008000b64                std::array<std::pair<SPINumber, unsigned long>, 3u>::end() const
 .text._ZNK9StaticMapI9SPINumbermLj3EE2atERKS0_
                0x0000000008000b7e       0x54 CMakeFiles/spi.dir/spi.cpp.obj
                0x0000000008000b7e                StaticMap<SPINumber, unsigned long, 3u>::at(SPINumber const&) const
 .text._ZN12SPIRegistersImE22setControlRegister1BitIL24ControlRegister1Property5EbLb1EEEvm
                0x0000000008000bd2       0x20 CMakeFiles/spi.dir/spi.cpp.obj
                0x0000000008000bd2                void SPIRegisters<unsigned long>::setControlRegister1Bit<(ControlRegister1Property)5, bool, true>(unsigned long)
 *fill*         0x0000000008000bf2        0x2 
 .text._ZN3SPIIL9SPINumber1EE12setSPIEnableILb1EEEvv
                0x0000000008000bf4       0x28 CMakeFiles/spi.dir/spi.cpp.obj
                0x0000000008000bf4                void SPI<(SPINumber)1>::setSPIEnable<true>()
 .text._ZN3SPIIL9SPINumber1EE8sendCharEc
                0x0000000008000c1c       0x5c CMakeFiles/spi.dir/spi.cpp.obj
                0x0000000008000c1c                SPI<(SPINumber)1>::sendChar(char)
 .text._ZN18RCCRegistersTarget19setPeripheralOnAHB1IL14PeripheralAHB11ELb1EEEvv
                0x0000000008000c78       0x14 CMakeFiles/spi.dir/spi.cpp.obj
                0x0000000008000c78                void RCCRegistersTarget::setPeripheralOnAHB1<(PeripheralAHB1)1, true>()
 .text._ZN13GPIORegistersImE11setPortModeIL8PortMode2ELh13EEEvm
                0x0000000008000c8c       0x28 CMakeFiles/spi.dir/spi.cpp.obj
                0x0000000008000c8c                void GPIORegisters<unsigned long>::setPortMode<(PortMode)2, (unsigned char)13>(unsigned long)
 .text._ZN13GPIORegistersImE20setAlternateFunctionIL17AlternateFunction5ELh13EEEvm
                0x0000000008000cb4       0x2c CMakeFiles/spi.dir/spi.cpp.obj
                0x0000000008000cb4                void GPIORegisters<unsigned long>::setAlternateFunction<(AlternateFunction)5, (unsigned char)13>(unsigned long)
 .text._ZN13GPIORegistersImE13setOutputTypeIL10OutputType0ELh13EEEvm
                0x0000000008000ce0       0x2a CMakeFiles/spi.dir/spi.cpp.obj
                0x0000000008000ce0                void GPIORegisters<unsigned long>::setOutputType<(OutputType)0, (unsigned char)13>(unsigned long)
 .text._ZN13GPIORegistersImE14setOutputSpeedIL11OutputSpeed2ELh13EEEvm
                0x0000000008000d0a       0x2a CMakeFiles/spi.dir/spi.cpp.obj
                0x0000000008000d0a                void GPIORegisters<unsigned long>::setOutputSpeed<(OutputSpeed)2, (unsigned char)13>(unsigned long)
 .text._ZN13GPIORegistersImE17setPullupPullDownIL21PullupPullDownControl0ELh13EEEvm
                0x0000000008000d34       0x28 CMakeFiles/spi.dir/spi.cpp.obj
                0x0000000008000d34                void GPIORegisters<unsigned long>::setPullupPullDown<(PullupPullDownControl)0, (unsigned char)13>(unsigned long)
 .text._ZN13GPIORegistersImE11setPortModeIL8PortMode2ELh15EEEvm
                0x0000000008000d5c       0x28 CMakeFiles/spi.dir/spi.cpp.obj
                0x0000000008000d5c                void GPIORegisters<unsigned long>::setPortMode<(PortMode)2, (unsigned char)15>(unsigned long)
 .text._ZN13GPIORegistersImE20setAlternateFunctionIL17AlternateFunction5ELh15EEEvm
                0x0000000008000d84       0x2c CMakeFiles/spi.dir/spi.cpp.obj
                0x0000000008000d84                void GPIORegisters<unsigned long>::setAlternateFunction<(AlternateFunction)5, (unsigned char)15>(unsigned long)
 .text._ZN13GPIORegistersImE13setOutputTypeIL10OutputType0ELh15EEEvm
                0x0000000008000db0       0x2a CMakeFiles/spi.dir/spi.cpp.obj
                0x0000000008000db0                void GPIORegisters<unsigned long>::setOutputType<(OutputType)0, (unsigned char)15>(unsigned long)
 .text._ZN13GPIORegistersImE14setOutputSpeedIL11OutputSpeed2ELh15EEEvm
                0x0000000008000dda       0x2a CMakeFiles/spi.dir/spi.cpp.obj
                0x0000000008000dda                void GPIORegisters<unsigned long>::setOutputSpeed<(OutputSpeed)2, (unsigned char)15>(unsigned long)
 .text._ZN13GPIORegistersImE17setPullupPullDownIL21PullupPullDownControl0ELh15EEEvm
                0x0000000008000e04       0x28 CMakeFiles/spi.dir/spi.cpp.obj
                0x0000000008000e04                void GPIORegisters<unsigned long>::setPullupPullDown<(PullupPullDownControl)0, (unsigned char)15>(unsigned long)
 .text._ZN18RCCRegistersTarget19setPeripheralOnAPB1IL14PeripheralAPB13ELb1EEEvv
                0x0000000008000e2c       0x14 CMakeFiles/spi.dir/spi.cpp.obj
                0x0000000008000e2c                void RCCRegistersTarget::setPeripheralOnAPB1<(PeripheralAPB1)3, true>()
 .text._ZN18RCCRegistersTarget19setPeripheralOnAPB2IL14PeripheralAPB21ELb1EEEvv
                0x0000000008000e40       0x14 CMakeFiles/spi.dir/spi.cpp.obj
                0x0000000008000e40                void RCCRegistersTarget::setPeripheralOnAPB2<(PeripheralAPB2)1, true>()
 .text._ZN12SPIRegistersImE22setControlRegister1BitIL24ControlRegister1Property2E15MasterSelectionLS3_0EEEvm
                0x0000000008000e54       0x20 CMakeFiles/spi.dir/spi.cpp.obj
                0x0000000008000e54                void SPIRegisters<unsigned long>::setControlRegister1Bit<(ControlRegister1Property)2, MasterSelection, (MasterSelection)0>(unsigned long)
 .text._ZN12SPIRegistersImE22setControlRegister1BitIL24ControlRegister1Property12E21BidirectionalDataModeLS3_0EEEvm
                0x0000000008000e74       0x20 CMakeFiles/spi.dir/spi.cpp.obj
                0x0000000008000e74                void SPIRegisters<unsigned long>::setControlRegister1Bit<(ControlRegister1Property)12, BidirectionalDataMode, (BidirectionalDataMode)0>(unsigned long)
 .text._ZN12SPIRegistersImE11setBaudRateIL15BaudRateControl0EEEvm
                0x0000000008000e94       0x20 CMakeFiles/spi.dir/spi.cpp.obj
                0x0000000008000e94                void SPIRegisters<unsigned long>::setBaudRate<(BaudRateControl)0>(unsigned long)
 .text._ZN12SPIRegistersImE22setControlRegister1BitIL24ControlRegister1Property8E15DataFrameFormatLS3_0EEEvm
                0x0000000008000eb4       0x20 CMakeFiles/spi.dir/spi.cpp.obj
                0x0000000008000eb4                void SPIRegisters<unsigned long>::setControlRegister1Bit<(ControlRegister1Property)8, DataFrameFormat, (DataFrameFormat)0>(unsigned long)
 .text._ZN12SPIRegistersImE22setControlRegister1BitIL24ControlRegister1Property0E10ClockPhaseLS3_0EEEvm
                0x0000000008000ed4       0x20 CMakeFiles/spi.dir/spi.cpp.obj
                0x0000000008000ed4                void SPIRegisters<unsigned long>::setControlRegister1Bit<(ControlRegister1Property)0, ClockPhase, (ClockPhase)0>(unsigned long)
 .text._ZN12SPIRegistersImE22setControlRegister1BitIL24ControlRegister1Property1E13ClockPolarityLS3_0EEEvm
                0x0000000008000ef4       0x20 CMakeFiles/spi.dir/spi.cpp.obj
                0x0000000008000ef4                void SPIRegisters<unsigned long>::setControlRegister1Bit<(ControlRegister1Property)1, ClockPolarity, (ClockPolarity)0>(unsigned long)
 .text._ZN12SPIRegistersImE22setControlRegister1BitIL24ControlRegister1Property6E19SoftwareSlaveSelectLS3_1EEEvm
                0x0000000008000f14       0x20 CMakeFiles/spi.dir/spi.cpp.obj
                0x0000000008000f14                void SPIRegisters<unsigned long>::setControlRegister1Bit<(ControlRegister1Property)6, SoftwareSlaveSelect, (SoftwareSlaveSelect)1>(unsigned long)
 .text._ZNKSt5arrayISt4pairI9SPINumbermELj3EE5beginEv
                0x0000000008000f34       0x18 CMakeFiles/spi.dir/spi.cpp.obj
                0x0000000008000f34                std::array<std::pair<SPINumber, unsigned long>, 3u>::begin() const
 .text._ZSt7find_ifIPKSt4pairI9SPINumbermEZNK9StaticMapIS1_mLj3EE2atERKS1_EUlRKT_E_ES9_S9_S9_T0_
                0x0000000008000f4c       0x28 CMakeFiles/spi.dir/spi.cpp.obj
                0x0000000008000f4c                std::pair<SPINumber, unsigned long> const* std::find_if<std::pair<SPINumber, unsigned long> const*, StaticMap<SPINumber, unsigned long, 3u>::at(SPINumber const&) const::{lambda(auto:1 const&)#1}>(std::pair<SPINumber, unsigned long> const*, std::pair<SPINumber, unsigned long> const*, StaticMap<SPINumber, unsigned long, 3u>::at(SPINumber const&) const::{lambda(auto:1 const&)#1})
 .text._ZNSt14__array_traitsISt4pairI9SPINumbermELj3EE6_S_ptrERA3_KS2_
                0x0000000008000f74       0x14 CMakeFiles/spi.dir/spi.cpp.obj
                0x0000000008000f74                std::__array_traits<std::pair<SPINumber, unsigned long>, 3u>::_S_ptr(std::pair<SPINumber, unsigned long> const (&) [3])
 .text._ZNKSt5arrayISt4pairI9SPINumbermELj3EE4dataEv
                0x0000000008000f88       0x1a CMakeFiles/spi.dir/spi.cpp.obj
                0x0000000008000f88                std::array<std::pair<SPINumber, unsigned long>, 3u>::data() const
 .text._ZN12SPIRegistersImE5doSetILb1EEEvmm
                0x0000000008000fa2       0x1a CMakeFiles/spi.dir/spi.cpp.obj
                0x0000000008000fa2                void SPIRegisters<unsigned long>::doSet<true>(unsigned long, unsigned long)
 .text._ZN12SPIRegistersImE22setControlRegister1BitIL24ControlRegister1Property3EbLb1EEEvm
                0x0000000008000fbc       0x20 CMakeFiles/spi.dir/spi.cpp.obj
                0x0000000008000fbc                void SPIRegisters<unsigned long>::setControlRegister1Bit<(ControlRegister1Property)3, bool, true>(unsigned long)
 .text._ZN12SPIRegistersImE21isTransmitBufferEmptyEm
                0x0000000008000fdc       0x22 CMakeFiles/spi.dir/spi.cpp.obj
                0x0000000008000fdc                SPIRegisters<unsigned long>::isTransmitBufferEmpty(unsigned long)
 .text._ZN12SPIRegistersImE19writeToDataRegisterEmt
                0x0000000008000ffe       0x22 CMakeFiles/spi.dir/spi.cpp.obj
                0x0000000008000ffe                SPIRegisters<unsigned long>::writeToDataRegister(unsigned long, unsigned short)
 .text._ZN12RCCRegistersImE19setPeripheralOnAHB1IL14PeripheralAHB11ELb1EEEvm
                0x0000000008001020       0x20 CMakeFiles/spi.dir/spi.cpp.obj
                0x0000000008001020                void RCCRegisters<unsigned long>::setPeripheralOnAHB1<(PeripheralAHB1)1, true>(unsigned long)
 .text._ZN12RCCRegistersImE19setPeripheralOnAPB1IL14PeripheralAPB13ELb1EEEvm
                0x0000000008001040       0x20 CMakeFiles/spi.dir/spi.cpp.obj
                0x0000000008001040                void RCCRegisters<unsigned long>::setPeripheralOnAPB1<(PeripheralAPB1)3, true>(unsigned long)
 .text._ZN12RCCRegistersImE19setPeripheralOnAPB2IL14PeripheralAPB21ELb1EEEvm
                0x0000000008001060       0x20 CMakeFiles/spi.dir/spi.cpp.obj
                0x0000000008001060                void RCCRegisters<unsigned long>::setPeripheralOnAPB2<(PeripheralAPB2)1, true>(unsigned long)
 .text._ZN12SPIRegistersImE5doSetILb0EEEvmm
                0x0000000008001080       0x1a CMakeFiles/spi.dir/spi.cpp.obj
                0x0000000008001080                void SPIRegisters<unsigned long>::doSet<false>(unsigned long, unsigned long)
 .text._ZN9__gnu_cxx5__ops11__pred_iterIZNK9StaticMapI9SPINumbermLj3EE2atERKS3_EUlRKT_E_EENS0_10_Iter_predIS7_EES7_
                0x000000000800109a       0x28 CMakeFiles/spi.dir/spi.cpp.obj
                0x000000000800109a                __gnu_cxx::__ops::_Iter_pred<StaticMap<SPINumber, unsigned long, 3u>::at(SPINumber const&) const::{lambda(auto:1 const&)#1}> __gnu_cxx::__ops::__pred_iter<StaticMap<SPINumber, unsigned long, 3u>::at(SPINumber const&) const::{lambda(auto:1 const&)#1}>(StaticMap<SPINumber, unsigned long, 3u>::at(SPINumber const&) const::{lambda(auto:1 const&)#1})
 .text._ZSt9__find_ifIPKSt4pairI9SPINumbermEN9__gnu_cxx5__ops10_Iter_predIZNK9StaticMapIS1_mLj3EE2atERKS1_EUlRKT_E_EEESC_SC_SC_T0_
                0x00000000080010c2       0x2e CMakeFiles/spi.dir/spi.cpp.obj
                0x00000000080010c2                std::pair<SPINumber, unsigned long> const* std::__find_if<std::pair<SPINumber, unsigned long> const*, __gnu_cxx::__ops::_Iter_pred<StaticMap<SPINumber, unsigned long, 3u>::at(SPINumber const&) const::{lambda(auto:1 const&)#1}> >(std::pair<SPINumber, unsigned long> const*, std::pair<SPINumber, unsigned long> const*, __gnu_cxx::__ops::_Iter_pred<StaticMap<SPINumber, unsigned long, 3u>::at(SPINumber const&) const::{lambda(auto:1 const&)#1}>)
 .text._ZN14RegisterAccessImtE6regSetEmt
                0x00000000080010f0       0x20 CMakeFiles/spi.dir/spi.cpp.obj
                0x00000000080010f0                RegisterAccess<unsigned long, unsigned short>::regSet(unsigned long, unsigned short)
 .text._ZN12RCCRegistersImE5doSetILb1EEEvmm
                0x0000000008001110       0x1a CMakeFiles/spi.dir/spi.cpp.obj
                0x0000000008001110                void RCCRegisters<unsigned long>::doSet<true>(unsigned long, unsigned long)
 .text._ZSt4moveIRZNK9StaticMapI9SPINumbermLj3EE2atERKS1_EUlRKT_E_EONSt16remove_referenceIS5_E4typeEOS5_
                0x000000000800112a       0x14 CMakeFiles/spi.dir/spi.cpp.obj
                0x000000000800112a                std::remove_reference<StaticMap<SPINumber, unsigned long, 3u>::at(SPINumber const&) const::{lambda(auto:1 const&)#1}&>::type&& std::move<StaticMap<SPINumber, unsigned long, 3u>::at(SPINumber const&) const::{lambda(auto:1 const&)#1}&>(StaticMap<SPINumber, unsigned long, 3u>::at(SPINumber const&) const::{lambda(auto:1 const&)#1}&)
 .text._ZN9__gnu_cxx5__ops10_Iter_predIZNK9StaticMapI9SPINumbermLj3EE2atERKS3_EUlRKT_E_EC2ESA_
                0x000000000800113e       0x24 CMakeFiles/spi.dir/spi.cpp.obj
                0x000000000800113e                __gnu_cxx::__ops::_Iter_pred<StaticMap<SPINumber, unsigned long, 3u>::at(SPINumber const&) const::{lambda(auto:1 const&)#1}>::_Iter_pred(StaticMap<SPINumber, unsigned long, 3u>::at(SPINumber const&) const::{lambda(auto:1 const&)#1})
                0x000000000800113e                __gnu_cxx::__ops::_Iter_pred<StaticMap<SPINumber, unsigned long, 3u>::at(SPINumber const&) const::{lambda(auto:1 const&)#1}>::_Iter_pred(StaticMap<SPINumber, unsigned long, 3u>::at(SPINumber const&) const::{lambda(auto:1 const&)#1})
 .text._ZSt19__iterator_categoryIPKSt4pairI9SPINumbermEENSt15iterator_traitsIT_E17iterator_categoryERKS6_
                0x0000000008001162       0x12 CMakeFiles/spi.dir/spi.cpp.obj
                0x0000000008001162                std::iterator_traits<std::pair<SPINumber, unsigned long> const*>::iterator_category std::__iterator_category<std::pair<SPINumber, unsigned long> const*>(std::pair<SPINumber, unsigned long> const* const&)
 .text._ZZNK9StaticMapI9SPINumbermLj3EE2atERKS0_ENKUlRKT_E_clISt4pairIS0_mEEEDaS6_
                0x0000000008001174       0x28 CMakeFiles/spi.dir/spi.cpp.obj
                0x0000000008001174                auto StaticMap<SPINumber, unsigned long, 3u>::at(SPINumber const&) const::{lambda(auto:1 const&)#1}::operator()<std::pair<SPINumber, unsigned long> >(std::pair<SPINumber, unsigned long> const&) const
 .text._ZN9__gnu_cxx5__ops10_Iter_predIZNK9StaticMapI9SPINumbermLj3EE2atERKS3_EUlRKT_E_EclIPKSt4pairIS3_mEEEbS7_
                0x000000000800119c       0x1e CMakeFiles/spi.dir/spi.cpp.obj
                0x000000000800119c                bool __gnu_cxx::__ops::_Iter_pred<StaticMap<SPINumber, unsigned long, 3u>::at(SPINumber const&) const::{lambda(auto:1 const&)#1}>::operator()<std::pair<SPINumber, unsigned long> const*>(std::pair<SPINumber, unsigned long> const*)
 .text._ZSt9__find_ifIPKSt4pairI9SPINumbermEN9__gnu_cxx5__ops10_Iter_predIZNK9StaticMapIS1_mLj3EE2atERKS1_EUlRKT_E_EEESC_SC_SC_T0_St26random_access_iterator_tag
                0x00000000080011ba      0x102 CMakeFiles/spi.dir/spi.cpp.obj
                0x00000000080011ba                std::pair<SPINumber, unsigned long> const* std::__find_if<std::pair<SPINumber, unsigned long> const*, __gnu_cxx::__ops::_Iter_pred<StaticMap<SPINumber, unsigned long, 3u>::at(SPINumber const&) const::{lambda(auto:1 const&)#1}> >(std::pair<SPINumber, unsigned long> const*, std::pair<SPINumber, unsigned long> const*, __gnu_cxx::__ops::_Iter_pred<StaticMap<SPINumber, unsigned long, 3u>::at(SPINumber const&) const::{lambda(auto:1 const&)#1}>, std::random_access_iterator_tag)
 .text._ZN14RegisterAccessImtE6memoryEm
                0x00000000080012bc       0x14 CMakeFiles/spi.dir/spi.cpp.obj
                0x00000000080012bc                RegisterAccess<unsigned long, unsigned short>::memory(unsigned long)
 .text._ZSt21is_constant_evaluatedv
                0x00000000080012d0        0xe CMakeFiles/spi.dir/__/__/targetSpecific/startup.cpp.obj
                0x00000000080012d0                std::is_constant_evaluated()
 .text._ZSt4copyIPmS0_ET0_T_S2_S1_
                0x00000000080012de       0x30 CMakeFiles/spi.dir/__/__/targetSpecific/startup.cpp.obj
                0x00000000080012de                unsigned long* std::copy<unsigned long*, unsigned long*>(unsigned long*, unsigned long*, unsigned long*)
 .text._ZSt12__miter_baseIPmET_S1_
                0x000000000800130e       0x14 CMakeFiles/spi.dir/__/__/targetSpecific/startup.cpp.obj
                0x000000000800130e                unsigned long* std::__miter_base<unsigned long*>(unsigned long*)
 .text._ZSt13__copy_move_aILb0EPmS0_ET1_T0_S2_S1_
                0x0000000008001322       0x46 CMakeFiles/spi.dir/__/__/targetSpecific/startup.cpp.obj
                0x0000000008001322                unsigned long* std::__copy_move_a<false, unsigned long*, unsigned long*>(unsigned long*, unsigned long*, unsigned long*)
 .text._ZSt4fillIPmmEvT_S1_RKT0_
                0x0000000008001368       0x1e CMakeFiles/spi.dir/__/__/targetSpecific/startup.cpp.obj
                0x0000000008001368                void std::fill<unsigned long*, unsigned long>(unsigned long*, unsigned long*, unsigned long const&)
 .text._ZSt12__niter_baseIPmET_S1_
                0x0000000008001386       0x14 CMakeFiles/spi.dir/__/__/targetSpecific/startup.cpp.obj
                0x0000000008001386                unsigned long* std::__niter_base<unsigned long*>(unsigned long*)
 .text._ZSt14__copy_move_a1ILb0EPmS0_ET1_T0_S2_S1_
                0x000000000800139a       0x20 CMakeFiles/spi.dir/__/__/targetSpecific/startup.cpp.obj
                0x000000000800139a                unsigned long* std::__copy_move_a1<false, unsigned long*, unsigned long*>(unsigned long*, unsigned long*, unsigned long*)
 .text._ZSt12__niter_wrapIPmET_RKS1_S1_
                0x00000000080013ba       0x16 CMakeFiles/spi.dir/__/__/targetSpecific/startup.cpp.obj
                0x00000000080013ba                unsigned long* std::__niter_wrap<unsigned long*>(unsigned long* const&, unsigned long*)
 .text._ZSt8__fill_aIPmmEvT_S1_RKT0_
                0x00000000080013d0       0x1e CMakeFiles/spi.dir/__/__/targetSpecific/startup.cpp.obj
                0x00000000080013d0                void std::__fill_a<unsigned long*, unsigned long>(unsigned long*, unsigned long*, unsigned long const&)
 .text._ZSt14__copy_move_a2ILb0EPmS0_ET1_T0_S2_S1_
                0x00000000080013ee       0x3a CMakeFiles/spi.dir/__/__/targetSpecific/startup.cpp.obj
                0x00000000080013ee                unsigned long* std::__copy_move_a2<false, unsigned long*, unsigned long*>(unsigned long*, unsigned long*, unsigned long*)
 .text._ZSt9__fill_a1IPmmEN9__gnu_cxx11__enable_ifIXsrSt11__is_scalarIT0_E7__valueEvE6__typeET_S8_RKS4_
                0x0000000008001428       0x32 CMakeFiles/spi.dir/__/__/targetSpecific/startup.cpp.obj
                0x0000000008001428                __gnu_cxx::__enable_if<std::__is_scalar<unsigned long>::__value, void>::__type std::__fill_a1<unsigned long*, unsigned long>(unsigned long*, unsigned long*, unsigned long const&)
 .text._ZNSt11__copy_moveILb0ELb0ESt26random_access_iterator_tagE8__copy_mIPmS3_EET0_T_S5_S4_
                0x000000000800145a       0x44 CMakeFiles/spi.dir/__/__/targetSpecific/startup.cpp.obj
                0x000000000800145a                unsigned long* std::__copy_move<false, false, std::random_access_iterator_tag>::__copy_m<unsigned long*, unsigned long*>(unsigned long*, unsigned long*, unsigned long*)
 .text._ZNSt11__copy_moveILb0ELb1ESt26random_access_iterator_tagE8__copy_mImEEPT_PKS3_S6_S4_
                0x000000000800149e       0x3a CMakeFiles/spi.dir/__/__/targetSpecific/startup.cpp.obj
                0x000000000800149e                unsigned long* std::__copy_move<false, true, std::random_access_iterator_tag>::__copy_m<unsigned long>(unsigned long const*, unsigned long const*, unsigned long*)
 .text.startup  0x00000000080014d8       0x14 /usr/lib/gcc/arm-none-eabi/10.3.1/../../../arm-none-eabi/lib/thumb/v7e-m/nofp/libg.a(lib_a-__call_atexit.o)
 *(.init)
 .init          0x00000000080014ec        0x4 /usr/lib/gcc/arm-none-eabi/10.3.1/thumb/v7e-m/nofp/crti.o
                0x00000000080014ec                _init
 .init          0x00000000080014f0        0x8 /usr/lib/gcc/arm-none-eabi/10.3.1/thumb/v7e-m/nofp/crtn.o
 *(.fini)
 .fini          0x00000000080014f8        0x4 /usr/lib/gcc/arm-none-eabi/10.3.1/thumb/v7e-m/nofp/crti.o
                0x00000000080014f8                _fini
 .fini          0x00000000080014fc        0x8 /usr/lib/gcc/arm-none-eabi/10.3.1/thumb/v7e-m/nofp/crtn.o
 *(.rodata)
 .rodata        0x0000000008001504       0x24 /usr/lib/gcc/arm-none-eabi/10.3.1/thumb/v7e-m/nofp/crtbegin.o
 .rodata        0x0000000008001528       0x29 CMakeFiles/spi.dir/spi.cpp.obj
 *fill*         0x0000000008001551        0x3 
 .rodata        0x0000000008001554       0x24 CMakeFiles/spi.dir/__/__/targetSpecific/startup.cpp.obj
 .rodata        0x0000000008001578        0x4 /usr/lib/gcc/arm-none-eabi/10.3.1/../../../arm-none-eabi/lib/thumb/v7e-m/nofp/libg.a(lib_a-impure.o)
                0x0000000008001578                _global_impure_ptr
 .rodata        0x000000000800157c       0x24 /usr/lib/gcc/arm-none-eabi/10.3.1/thumb/v7e-m/nofp/crtend.o
 *(.rodata.*)
 .rodata._ZN3SPIIL9SPINumber1EE22spiNumberToBaseAddressE
                0x00000000080015a0       0x18 CMakeFiles/spi.dir/spi.cpp.obj
                0x00000000080015a0                SPI<(SPINumber)1>::spiNumberToBaseAddress
                0x00000000080015b8                . = ALIGN (0x4)
                0x00000000080015b8                end_of_text = .
                0x00000000080015c4                load_address_of_data = LOADADDR (.data)

.glue_7         0x00000000080015b8        0x0
 .glue_7        0x00000000080015b8        0x0 linker stubs

.glue_7t        0x00000000080015b8        0x0
 .glue_7t       0x00000000080015b8        0x0 linker stubs

.vfp11_veneer   0x00000000080015b8        0x0
 .vfp11_veneer  0x00000000080015b8        0x0 linker stubs

.v4_bx          0x00000000080015b8        0x0
 .v4_bx         0x00000000080015b8        0x0 linker stubs

.iplt           0x00000000080015b8        0x0
 .iplt          0x00000000080015b8        0x0 /usr/lib/gcc/arm-none-eabi/10.3.1/thumb/v7e-m/nofp/crtbegin.o

.eh_frame       0x00000000080015b8        0x4
 .eh_frame      0x00000000080015b8        0x0 /usr/lib/gcc/arm-none-eabi/10.3.1/thumb/v7e-m/nofp/crtbegin.o
 .eh_frame      0x00000000080015b8        0x4 /usr/lib/gcc/arm-none-eabi/10.3.1/thumb/v7e-m/nofp/crtend.o

.ARM.extab      0x00000000080015bc        0x0
 .ARM.extab     0x00000000080015bc        0x0 /usr/lib/gcc/arm-none-eabi/10.3.1/../../../arm-none-eabi/lib/thumb/v7e-m/nofp/crt0.o

.ARM.exidx      0x00000000080015bc        0x8
 .ARM.exidx     0x00000000080015bc        0x8 /usr/lib/gcc/arm-none-eabi/10.3.1/../../../arm-none-eabi/lib/thumb/v7e-m/nofp/crt0.o
                                         0x10 (size before relaxing)

.rel.dyn        0x00000000080015c4        0x0
 .rel.iplt      0x00000000080015c4        0x0 /usr/lib/gcc/arm-none-eabi/10.3.1/thumb/v7e-m/nofp/crtbegin.o

.data           0x0000000020000000      0x438 load address 0x00000000080015c4
                0x0000000020000000                start_of_data = .
 *(.data)
 .data          0x0000000020000000        0x0 /usr/lib/gcc/arm-none-eabi/10.3.1/thumb/v7e-m/nofp/crti.o
 .data          0x0000000020000000        0x4 /usr/lib/gcc/arm-none-eabi/10.3.1/thumb/v7e-m/nofp/crtbegin.o
                0x0000000020000000                __dso_handle
 .data          0x0000000020000004        0x0 /usr/lib/gcc/arm-none-eabi/10.3.1/../../../arm-none-eabi/lib/thumb/v7e-m/nofp/crt0.o
 .data          0x0000000020000004        0x0 CMakeFiles/spi.dir/spi.cpp.obj
 .data          0x0000000020000004        0x0 CMakeFiles/spi.dir/__/__/targetSpecific/startup.cpp.obj
 .data          0x0000000020000004        0x0 /usr/lib/gcc/arm-none-eabi/10.3.1/../../../arm-none-eabi/lib/thumb/v7e-m/nofp/libg.a(lib_a-atexit.o)
 .data          0x0000000020000004        0x0 /usr/lib/gcc/arm-none-eabi/10.3.1/../../../arm-none-eabi/lib/thumb/v7e-m/nofp/libg.a(lib_a-exit.o)
 .data          0x0000000020000004        0x0 /usr/lib/gcc/arm-none-eabi/10.3.1/../../../arm-none-eabi/lib/thumb/v7e-m/nofp/libg.a(lib_a-fini.o)
 *fill*         0x0000000020000004        0x4 
 .data          0x0000000020000008      0x430 /usr/lib/gcc/arm-none-eabi/10.3.1/../../../arm-none-eabi/lib/thumb/v7e-m/nofp/libg.a(lib_a-impure.o)
                0x0000000020000008                _impure_ptr
 .data          0x0000000020000438        0x0 /usr/lib/gcc/arm-none-eabi/10.3.1/../../../arm-none-eabi/lib/thumb/v7e-m/nofp/libg.a(lib_a-init.o)
 .data          0x0000000020000438        0x0 /usr/lib/gcc/arm-none-eabi/10.3.1/../../../arm-none-eabi/lib/thumb/v7e-m/nofp/libg.a(lib_a-memmove.o)
 .data          0x0000000020000438        0x0 /usr/lib/gcc/arm-none-eabi/10.3.1/../../../arm-none-eabi/lib/thumb/v7e-m/nofp/libg.a(lib_a-memset.o)
 .data          0x0000000020000438        0x0 /usr/lib/gcc/arm-none-eabi/10.3.1/../../../arm-none-eabi/lib/thumb/v7e-m/nofp/libg.a(lib_a-__atexit.o)
 .data          0x0000000020000438        0x0 /usr/lib/gcc/arm-none-eabi/10.3.1/../../../arm-none-eabi/lib/thumb/v7e-m/nofp/libg.a(lib_a-__call_atexit.o)
 .data          0x0000000020000438        0x0 /usr/lib/gcc/arm-none-eabi/10.3.1/../../../arm-none-eabi/lib/thumb/v7e-m/nofp/libnosys.a(_exit.o)
 .data          0x0000000020000438        0x0 /usr/lib/gcc/arm-none-eabi/10.3.1/thumb/v7e-m/nofp/crtend.o
 .data          0x0000000020000438        0x0 /usr/lib/gcc/arm-none-eabi/10.3.1/thumb/v7e-m/nofp/crtn.o
 *(.data.*)
                0x0000000020000438                . = ALIGN (0x4)
                0x0000000020000438                end_of_data = .

.fini_array     0x0000000020000438        0x4 load address 0x00000000080019fc
 .fini_array    0x0000000020000438        0x4 /usr/lib/gcc/arm-none-eabi/10.3.1/thumb/v7e-m/nofp/crtbegin.o

.tm_clone_table
                0x000000002000043c        0x0 load address 0x0000000008001a00
 .tm_clone_table
                0x000000002000043c        0x0 /usr/lib/gcc/arm-none-eabi/10.3.1/thumb/v7e-m/nofp/crtbegin.o
 .tm_clone_table
                0x000000002000043c        0x0 /usr/lib/gcc/arm-none-eabi/10.3.1/thumb/v7e-m/nofp/crtend.o

.igot.plt       0x000000002000043c        0x0 load address 0x0000000008001a00
 .igot.plt      0x000000002000043c        0x0 /usr/lib/gcc/arm-none-eabi/10.3.1/thumb/v7e-m/nofp/crtbegin.o

.bss            0x000000002000043c       0x1c load address 0x0000000008001a00
                0x000000002000043c                start_of_bss = .
                0x000000002000043c                __bss_start__ = start_of_bss
 *(.bss)
 .bss           0x000000002000043c        0x0 /usr/lib/gcc/arm-none-eabi/10.3.1/thumb/v7e-m/nofp/crti.o
 .bss           0x000000002000043c       0x1c /usr/lib/gcc/arm-none-eabi/10.3.1/thumb/v7e-m/nofp/crtbegin.o
 .bss           0x0000000020000458        0x0 /usr/lib/gcc/arm-none-eabi/10.3.1/../../../arm-none-eabi/lib/thumb/v7e-m/nofp/crt0.o
 .bss           0x0000000020000458        0x0 CMakeFiles/spi.dir/spi.cpp.obj
 .bss           0x0000000020000458        0x0 CMakeFiles/spi.dir/__/__/targetSpecific/startup.cpp.obj
 .bss           0x0000000020000458        0x0 /usr/lib/gcc/arm-none-eabi/10.3.1/../../../arm-none-eabi/lib/thumb/v7e-m/nofp/libg.a(lib_a-atexit.o)
 .bss           0x0000000020000458        0x0 /usr/lib/gcc/arm-none-eabi/10.3.1/../../../arm-none-eabi/lib/thumb/v7e-m/nofp/libg.a(lib_a-exit.o)
 .bss           0x0000000020000458        0x0 /usr/lib/gcc/arm-none-eabi/10.3.1/../../../arm-none-eabi/lib/thumb/v7e-m/nofp/libg.a(lib_a-fini.o)
 .bss           0x0000000020000458        0x0 /usr/lib/gcc/arm-none-eabi/10.3.1/../../../arm-none-eabi/lib/thumb/v7e-m/nofp/libg.a(lib_a-impure.o)
 .bss           0x0000000020000458        0x0 /usr/lib/gcc/arm-none-eabi/10.3.1/../../../arm-none-eabi/lib/thumb/v7e-m/nofp/libg.a(lib_a-init.o)
 .bss           0x0000000020000458        0x0 /usr/lib/gcc/arm-none-eabi/10.3.1/../../../arm-none-eabi/lib/thumb/v7e-m/nofp/libg.a(lib_a-memmove.o)
 .bss           0x0000000020000458        0x0 /usr/lib/gcc/arm-none-eabi/10.3.1/../../../arm-none-eabi/lib/thumb/v7e-m/nofp/libg.a(lib_a-memset.o)
 .bss           0x0000000020000458        0x0 /usr/lib/gcc/arm-none-eabi/10.3.1/../../../arm-none-eabi/lib/thumb/v7e-m/nofp/libg.a(lib_a-__atexit.o)
 .bss           0x0000000020000458        0x0 /usr/lib/gcc/arm-none-eabi/10.3.1/../../../arm-none-eabi/lib/thumb/v7e-m/nofp/libg.a(lib_a-__call_atexit.o)
 .bss           0x0000000020000458        0x0 /usr/lib/gcc/arm-none-eabi/10.3.1/../../../arm-none-eabi/lib/thumb/v7e-m/nofp/libnosys.a(_exit.o)
 .bss           0x0000000020000458        0x0 /usr/lib/gcc/arm-none-eabi/10.3.1/thumb/v7e-m/nofp/crtend.o
 .bss           0x0000000020000458        0x0 /usr/lib/gcc/arm-none-eabi/10.3.1/thumb/v7e-m/nofp/crtn.o
 *(.bss.*)
 *(.COMMON)
                0x0000000020000458                . = ALIGN (0x4)
                0x0000000020000458                end_of_bss = .
                0x0000000020000458                __bss_end__ = end_of_bss
                0x0000000020000458                . = ALIGN (0x4)
                0x0000000020000458                end = .
                0x0000000020000458                __end__ = .
OUTPUT(spi.elf elf32-littlearm)
LOAD linker stubs

.ARM.attributes
                0x0000000000000000       0x2a
 .ARM.attributes
                0x0000000000000000       0x1e /usr/lib/gcc/arm-none-eabi/10.3.1/thumb/v7e-m/nofp/crti.o
 .ARM.attributes
                0x000000000000001e       0x2e /usr/lib/gcc/arm-none-eabi/10.3.1/thumb/v7e-m/nofp/crtbegin.o
 .ARM.attributes
                0x000000000000004c       0x1c /usr/lib/gcc/arm-none-eabi/10.3.1/../../../arm-none-eabi/lib/thumb/v7e-m/nofp/crt0.o
 .ARM.attributes
                0x0000000000000068       0x2e CMakeFiles/spi.dir/spi.cpp.obj
 .ARM.attributes
                0x0000000000000096       0x2e CMakeFiles/spi.dir/__/__/targetSpecific/startup.cpp.obj
 .ARM.attributes
                0x00000000000000c4       0x2e /usr/lib/gcc/arm-none-eabi/10.3.1/../../../arm-none-eabi/lib/thumb/v7e-m/nofp/libg.a(lib_a-atexit.o)
 .ARM.attributes
                0x00000000000000f2       0x2e /usr/lib/gcc/arm-none-eabi/10.3.1/../../../arm-none-eabi/lib/thumb/v7e-m/nofp/libg.a(lib_a-exit.o)
 .ARM.attributes
                0x0000000000000120       0x2e /usr/lib/gcc/arm-none-eabi/10.3.1/../../../arm-none-eabi/lib/thumb/v7e-m/nofp/libg.a(lib_a-fini.o)
 .ARM.attributes
                0x000000000000014e       0x2e /usr/lib/gcc/arm-none-eabi/10.3.1/../../../arm-none-eabi/lib/thumb/v7e-m/nofp/libg.a(lib_a-impure.o)
 .ARM.attributes
                0x000000000000017c       0x2e /usr/lib/gcc/arm-none-eabi/10.3.1/../../../arm-none-eabi/lib/thumb/v7e-m/nofp/libg.a(lib_a-init.o)
 .ARM.attributes
                0x00000000000001aa       0x2e /usr/lib/gcc/arm-none-eabi/10.3.1/../../../arm-none-eabi/lib/thumb/v7e-m/nofp/libg.a(lib_a-memmove.o)
 .ARM.attributes
                0x00000000000001d8       0x2e /usr/lib/gcc/arm-none-eabi/10.3.1/../../../arm-none-eabi/lib/thumb/v7e-m/nofp/libg.a(lib_a-memset.o)
 .ARM.attributes
                0x0000000000000206       0x2e /usr/lib/gcc/arm-none-eabi/10.3.1/../../../arm-none-eabi/lib/thumb/v7e-m/nofp/libg.a(lib_a-__atexit.o)
 .ARM.attributes
                0x0000000000000234       0x2e /usr/lib/gcc/arm-none-eabi/10.3.1/../../../arm-none-eabi/lib/thumb/v7e-m/nofp/libg.a(lib_a-__call_atexit.o)
 .ARM.attributes
                0x0000000000000262       0x2e /usr/lib/gcc/arm-none-eabi/10.3.1/../../../arm-none-eabi/lib/thumb/v7e-m/nofp/libnosys.a(_exit.o)
 .ARM.attributes
                0x0000000000000290       0x2e /usr/lib/gcc/arm-none-eabi/10.3.1/thumb/v7e-m/nofp/crtend.o
 .ARM.attributes
                0x00000000000002be       0x1e /usr/lib/gcc/arm-none-eabi/10.3.1/thumb/v7e-m/nofp/crtn.o

.comment        0x0000000000000000       0x33
 .comment       0x0000000000000000       0x33 /usr/lib/gcc/arm-none-eabi/10.3.1/thumb/v7e-m/nofp/crtbegin.o
                                         0x34 (size before relaxing)
 .comment       0x0000000000000033       0x34 CMakeFiles/spi.dir/spi.cpp.obj
 .comment       0x0000000000000033       0x34 CMakeFiles/spi.dir/__/__/targetSpecific/startup.cpp.obj
 .comment       0x0000000000000033       0x34 /usr/lib/gcc/arm-none-eabi/10.3.1/../../../arm-none-eabi/lib/thumb/v7e-m/nofp/libg.a(lib_a-atexit.o)
 .comment       0x0000000000000033       0x34 /usr/lib/gcc/arm-none-eabi/10.3.1/../../../arm-none-eabi/lib/thumb/v7e-m/nofp/libg.a(lib_a-exit.o)
 .comment       0x0000000000000033       0x34 /usr/lib/gcc/arm-none-eabi/10.3.1/../../../arm-none-eabi/lib/thumb/v7e-m/nofp/libg.a(lib_a-fini.o)
 .comment       0x0000000000000033       0x34 /usr/lib/gcc/arm-none-eabi/10.3.1/../../../arm-none-eabi/lib/thumb/v7e-m/nofp/libg.a(lib_a-impure.o)
 .comment       0x0000000000000033       0x34 /usr/lib/gcc/arm-none-eabi/10.3.1/../../../arm-none-eabi/lib/thumb/v7e-m/nofp/libg.a(lib_a-init.o)
 .comment       0x0000000000000033       0x34 /usr/lib/gcc/arm-none-eabi/10.3.1/../../../arm-none-eabi/lib/thumb/v7e-m/nofp/libg.a(lib_a-memmove.o)
 .comment       0x0000000000000033       0x34 /usr/lib/gcc/arm-none-eabi/10.3.1/../../../arm-none-eabi/lib/thumb/v7e-m/nofp/libg.a(lib_a-memset.o)
 .comment       0x0000000000000033       0x34 /usr/lib/gcc/arm-none-eabi/10.3.1/../../../arm-none-eabi/lib/thumb/v7e-m/nofp/libg.a(lib_a-__atexit.o)
 .comment       0x0000000000000033       0x34 /usr/lib/gcc/arm-none-eabi/10.3.1/../../../arm-none-eabi/lib/thumb/v7e-m/nofp/libg.a(lib_a-__call_atexit.o)
 .comment       0x0000000000000033       0x34 /usr/lib/gcc/arm-none-eabi/10.3.1/../../../arm-none-eabi/lib/thumb/v7e-m/nofp/libnosys.a(_exit.o)
 .comment       0x0000000000000033       0x34 /usr/lib/gcc/arm-none-eabi/10.3.1/thumb/v7e-m/nofp/crtend.o

.debug_line     0x0000000000000000     0x2323
 .debug_line    0x0000000000000000       0x87 /usr/lib/gcc/arm-none-eabi/10.3.1/../../../arm-none-eabi/lib/thumb/v7e-m/nofp/crt0.o
 .debug_line    0x0000000000000087      0xf04 CMakeFiles/spi.dir/spi.cpp.obj
 .debug_line    0x0000000000000f8b      0x602 CMakeFiles/spi.dir/__/__/targetSpecific/startup.cpp.obj
 .debug_line    0x000000000000158d       0xc0 /usr/lib/gcc/arm-none-eabi/10.3.1/../../../arm-none-eabi/lib/thumb/v7e-m/nofp/libg.a(lib_a-atexit.o)
 .debug_line    0x000000000000164d      0x179 /usr/lib/gcc/arm-none-eabi/10.3.1/../../../arm-none-eabi/lib/thumb/v7e-m/nofp/libg.a(lib_a-exit.o)
 .debug_line    0x00000000000017c6       0xed /usr/lib/gcc/arm-none-eabi/10.3.1/../../../arm-none-eabi/lib/thumb/v7e-m/nofp/libg.a(lib_a-fini.o)
 .debug_line    0x00000000000018b3       0xe4 /usr/lib/gcc/arm-none-eabi/10.3.1/../../../arm-none-eabi/lib/thumb/v7e-m/nofp/libg.a(lib_a-impure.o)
 .debug_line    0x0000000000001997      0x138 /usr/lib/gcc/arm-none-eabi/10.3.1/../../../arm-none-eabi/lib/thumb/v7e-m/nofp/libg.a(lib_a-init.o)
 .debug_line    0x0000000000001acf      0x1ee /usr/lib/gcc/arm-none-eabi/10.3.1/../../../arm-none-eabi/lib/thumb/v7e-m/nofp/libg.a(lib_a-memmove.o)
 .debug_line    0x0000000000001cbd      0x1bf /usr/lib/gcc/arm-none-eabi/10.3.1/../../../arm-none-eabi/lib/thumb/v7e-m/nofp/libg.a(lib_a-memset.o)
 .debug_line    0x0000000000001e7c      0x19e /usr/lib/gcc/arm-none-eabi/10.3.1/../../../arm-none-eabi/lib/thumb/v7e-m/nofp/libg.a(lib_a-__atexit.o)
 .debug_line    0x000000000000201a      0x294 /usr/lib/gcc/arm-none-eabi/10.3.1/../../../arm-none-eabi/lib/thumb/v7e-m/nofp/libg.a(lib_a-__call_atexit.o)
 .debug_line    0x00000000000022ae       0x75 /usr/lib/gcc/arm-none-eabi/10.3.1/../../../arm-none-eabi/lib/thumb/v7e-m/nofp/libnosys.a(_exit.o)

.debug_info     0x0000000000000000    0x10bbd
 .debug_info    0x0000000000000000       0x26 /usr/lib/gcc/arm-none-eabi/10.3.1/../../../arm-none-eabi/lib/thumb/v7e-m/nofp/crt0.o
 .debug_info    0x0000000000000026     0xaadc CMakeFiles/spi.dir/spi.cpp.obj
 .debug_info    0x000000000000ab02     0x33f3 CMakeFiles/spi.dir/__/__/targetSpecific/startup.cpp.obj
 .debug_info    0x000000000000def5      0x100 /usr/lib/gcc/arm-none-eabi/10.3.1/../../../arm-none-eabi/lib/thumb/v7e-m/nofp/libg.a(lib_a-atexit.o)
 .debug_info    0x000000000000dff5      0x969 /usr/lib/gcc/arm-none-eabi/10.3.1/../../../arm-none-eabi/lib/thumb/v7e-m/nofp/libg.a(lib_a-exit.o)
 .debug_info    0x000000000000e95e      0x102 /usr/lib/gcc/arm-none-eabi/10.3.1/../../../arm-none-eabi/lib/thumb/v7e-m/nofp/libg.a(lib_a-fini.o)
 .debug_info    0x000000000000ea60      0x92a /usr/lib/gcc/arm-none-eabi/10.3.1/../../../arm-none-eabi/lib/thumb/v7e-m/nofp/libg.a(lib_a-impure.o)
 .debug_info    0x000000000000f38a      0x11a /usr/lib/gcc/arm-none-eabi/10.3.1/../../../arm-none-eabi/lib/thumb/v7e-m/nofp/libg.a(lib_a-init.o)
 .debug_info    0x000000000000f4a4      0x152 /usr/lib/gcc/arm-none-eabi/10.3.1/../../../arm-none-eabi/lib/thumb/v7e-m/nofp/libg.a(lib_a-memmove.o)
 .debug_info    0x000000000000f5f6      0x137 /usr/lib/gcc/arm-none-eabi/10.3.1/../../../arm-none-eabi/lib/thumb/v7e-m/nofp/libg.a(lib_a-memset.o)
 .debug_info    0x000000000000f72d      0x9b0 /usr/lib/gcc/arm-none-eabi/10.3.1/../../../arm-none-eabi/lib/thumb/v7e-m/nofp/libg.a(lib_a-__atexit.o)
 .debug_info    0x00000000000100dd      0xa3d /usr/lib/gcc/arm-none-eabi/10.3.1/../../../arm-none-eabi/lib/thumb/v7e-m/nofp/libg.a(lib_a-__call_atexit.o)
 .debug_info    0x0000000000010b1a       0xa3 /usr/lib/gcc/arm-none-eabi/10.3.1/../../../arm-none-eabi/lib/thumb/v7e-m/nofp/libnosys.a(_exit.o)

.debug_abbrev   0x0000000000000000     0x1d01
 .debug_abbrev  0x0000000000000000       0x14 /usr/lib/gcc/arm-none-eabi/10.3.1/../../../arm-none-eabi/lib/thumb/v7e-m/nofp/crt0.o
 .debug_abbrev  0x0000000000000014      0x91f CMakeFiles/spi.dir/spi.cpp.obj
 .debug_abbrev  0x0000000000000933      0x6e9 CMakeFiles/spi.dir/__/__/targetSpecific/startup.cpp.obj
 .debug_abbrev  0x000000000000101c       0xb7 /usr/lib/gcc/arm-none-eabi/10.3.1/../../../arm-none-eabi/lib/thumb/v7e-m/nofp/libg.a(lib_a-atexit.o)
 .debug_abbrev  0x00000000000010d3      0x20c /usr/lib/gcc/arm-none-eabi/10.3.1/../../../arm-none-eabi/lib/thumb/v7e-m/nofp/libg.a(lib_a-exit.o)
 .debug_abbrev  0x00000000000012df       0xcf /usr/lib/gcc/arm-none-eabi/10.3.1/../../../arm-none-eabi/lib/thumb/v7e-m/nofp/libg.a(lib_a-fini.o)
 .debug_abbrev  0x00000000000013ae      0x1b8 /usr/lib/gcc/arm-none-eabi/10.3.1/../../../arm-none-eabi/lib/thumb/v7e-m/nofp/libg.a(lib_a-impure.o)
 .debug_abbrev  0x0000000000001566       0xcc /usr/lib/gcc/arm-none-eabi/10.3.1/../../../arm-none-eabi/lib/thumb/v7e-m/nofp/libg.a(lib_a-init.o)
 .debug_abbrev  0x0000000000001632       0xc0 /usr/lib/gcc/arm-none-eabi/10.3.1/../../../arm-none-eabi/lib/thumb/v7e-m/nofp/libg.a(lib_a-memmove.o)
 .debug_abbrev  0x00000000000016f2       0xb4 /usr/lib/gcc/arm-none-eabi/10.3.1/../../../arm-none-eabi/lib/thumb/v7e-m/nofp/libg.a(lib_a-memset.o)
 .debug_abbrev  0x00000000000017a6      0x23f /usr/lib/gcc/arm-none-eabi/10.3.1/../../../arm-none-eabi/lib/thumb/v7e-m/nofp/libg.a(lib_a-__atexit.o)
 .debug_abbrev  0x00000000000019e5      0x2b2 /usr/lib/gcc/arm-none-eabi/10.3.1/../../../arm-none-eabi/lib/thumb/v7e-m/nofp/libg.a(lib_a-__call_atexit.o)
 .debug_abbrev  0x0000000000001c97       0x6a /usr/lib/gcc/arm-none-eabi/10.3.1/../../../arm-none-eabi/lib/thumb/v7e-m/nofp/libnosys.a(_exit.o)

.debug_aranges  0x0000000000000000      0x478
 .debug_aranges
                0x0000000000000000       0x20 /usr/lib/gcc/arm-none-eabi/10.3.1/../../../arm-none-eabi/lib/thumb/v7e-m/nofp/crt0.o
 .debug_aranges
                0x0000000000000020      0x290 CMakeFiles/spi.dir/spi.cpp.obj
 .debug_aranges
                0x00000000000002b0       0x88 CMakeFiles/spi.dir/__/__/targetSpecific/startup.cpp.obj
 .debug_aranges
                0x0000000000000338       0x20 /usr/lib/gcc/arm-none-eabi/10.3.1/../../../arm-none-eabi/lib/thumb/v7e-m/nofp/libg.a(lib_a-atexit.o)
 .debug_aranges
                0x0000000000000358       0x20 /usr/lib/gcc/arm-none-eabi/10.3.1/../../../arm-none-eabi/lib/thumb/v7e-m/nofp/libg.a(lib_a-exit.o)
 .debug_aranges
                0x0000000000000378       0x20 /usr/lib/gcc/arm-none-eabi/10.3.1/../../../arm-none-eabi/lib/thumb/v7e-m/nofp/libg.a(lib_a-fini.o)
 .debug_aranges
                0x0000000000000398       0x18 /usr/lib/gcc/arm-none-eabi/10.3.1/../../../arm-none-eabi/lib/thumb/v7e-m/nofp/libg.a(lib_a-impure.o)
 .debug_aranges
                0x00000000000003b0       0x20 /usr/lib/gcc/arm-none-eabi/10.3.1/../../../arm-none-eabi/lib/thumb/v7e-m/nofp/libg.a(lib_a-init.o)
 .debug_aranges
                0x00000000000003d0       0x20 /usr/lib/gcc/arm-none-eabi/10.3.1/../../../arm-none-eabi/lib/thumb/v7e-m/nofp/libg.a(lib_a-memmove.o)
 .debug_aranges
                0x00000000000003f0       0x20 /usr/lib/gcc/arm-none-eabi/10.3.1/../../../arm-none-eabi/lib/thumb/v7e-m/nofp/libg.a(lib_a-memset.o)
 .debug_aranges
                0x0000000000000410       0x20 /usr/lib/gcc/arm-none-eabi/10.3.1/../../../arm-none-eabi/lib/thumb/v7e-m/nofp/libg.a(lib_a-__atexit.o)
 .debug_aranges
                0x0000000000000430       0x28 /usr/lib/gcc/arm-none-eabi/10.3.1/../../../arm-none-eabi/lib/thumb/v7e-m/nofp/libg.a(lib_a-__call_atexit.o)
 .debug_aranges
                0x0000000000000458       0x20 /usr/lib/gcc/arm-none-eabi/10.3.1/../../../arm-none-eabi/lib/thumb/v7e-m/nofp/libnosys.a(_exit.o)

.debug_str      0x0000000000000000     0xf007
 .debug_str     0x0000000000000000       0x95 /usr/lib/gcc/arm-none-eabi/10.3.1/../../../arm-none-eabi/lib/thumb/v7e-m/nofp/crt0.o
 .debug_str     0x0000000000000095     0xdd9e CMakeFiles/spi.dir/spi.cpp.obj
                                       0xe166 (size before relaxing)
 .debug_str     0x000000000000de33      0xba6 CMakeFiles/spi.dir/__/__/targetSpecific/startup.cpp.obj
                                       0x2e52 (size before relaxing)
 .debug_str     0x000000000000e9d9      0x142 /usr/lib/gcc/arm-none-eabi/10.3.1/../../../arm-none-eabi/lib/thumb/v7e-m/nofp/libg.a(lib_a-atexit.o)
                                        0x1de (size before relaxing)
 .debug_str     0x000000000000eb1b       0x61 /usr/lib/gcc/arm-none-eabi/10.3.1/../../../arm-none-eabi/lib/thumb/v7e-m/nofp/libg.a(lib_a-exit.o)
                                        0x585 (size before relaxing)
 .debug_str     0x000000000000eb7c       0xbe /usr/lib/gcc/arm-none-eabi/10.3.1/../../../arm-none-eabi/lib/thumb/v7e-m/nofp/libg.a(lib_a-fini.o)
                                        0x1d6 (size before relaxing)
 .debug_str     0x000000000000ec3a       0x98 /usr/lib/gcc/arm-none-eabi/10.3.1/../../../arm-none-eabi/lib/thumb/v7e-m/nofp/libg.a(lib_a-impure.o)
                                        0x57c (size before relaxing)
 .debug_str     0x000000000000ecd2       0x96 /usr/lib/gcc/arm-none-eabi/10.3.1/../../../arm-none-eabi/lib/thumb/v7e-m/nofp/libg.a(lib_a-init.o)
                                        0x200 (size before relaxing)
 .debug_str     0x000000000000ed68       0xc0 /usr/lib/gcc/arm-none-eabi/10.3.1/../../../arm-none-eabi/lib/thumb/v7e-m/nofp/libg.a(lib_a-memmove.o)
                                        0x1d4 (size before relaxing)
 .debug_str     0x000000000000ee28       0x48 /usr/lib/gcc/arm-none-eabi/10.3.1/../../../arm-none-eabi/lib/thumb/v7e-m/nofp/libg.a(lib_a-memset.o)
                                        0x1b5 (size before relaxing)
 .debug_str     0x000000000000ee70       0x36 /usr/lib/gcc/arm-none-eabi/10.3.1/../../../arm-none-eabi/lib/thumb/v7e-m/nofp/libg.a(lib_a-__atexit.o)
                                        0x5b6 (size before relaxing)
 .debug_str     0x000000000000eea6       0x7c /usr/lib/gcc/arm-none-eabi/10.3.1/../../../arm-none-eabi/lib/thumb/v7e-m/nofp/libg.a(lib_a-__call_atexit.o)
                                        0x5e2 (size before relaxing)
 .debug_str     0x000000000000ef22       0xe5 /usr/lib/gcc/arm-none-eabi/10.3.1/../../../arm-none-eabi/lib/thumb/v7e-m/nofp/libnosys.a(_exit.o)
                                        0x17b (size before relaxing)

.debug_ranges   0x0000000000000000      0x348
 .debug_ranges  0x0000000000000000      0x280 CMakeFiles/spi.dir/spi.cpp.obj
 .debug_ranges  0x0000000000000280       0x78 CMakeFiles/spi.dir/__/__/targetSpecific/startup.cpp.obj
 .debug_ranges  0x00000000000002f8       0x50 /usr/lib/gcc/arm-none-eabi/10.3.1/../../../arm-none-eabi/lib/thumb/v7e-m/nofp/libg.a(lib_a-__call_atexit.o)

.debug_frame    0x0000000000000000      0xfcc
 .debug_frame   0x0000000000000000      0xb30 CMakeFiles/spi.dir/spi.cpp.obj
 .debug_frame   0x0000000000000b30      0x2e4 CMakeFiles/spi.dir/__/__/targetSpecific/startup.cpp.obj
 .debug_frame   0x0000000000000e14       0x20 /usr/lib/gcc/arm-none-eabi/10.3.1/../../../arm-none-eabi/lib/thumb/v7e-m/nofp/libg.a(lib_a-atexit.o)
 .debug_frame   0x0000000000000e34       0x28 /usr/lib/gcc/arm-none-eabi/10.3.1/../../../arm-none-eabi/lib/thumb/v7e-m/nofp/libg.a(lib_a-exit.o)
 .debug_frame   0x0000000000000e5c       0x34 /usr/lib/gcc/arm-none-eabi/10.3.1/../../../arm-none-eabi/lib/thumb/v7e-m/nofp/libg.a(lib_a-fini.o)
 .debug_frame   0x0000000000000e90       0x2c /usr/lib/gcc/arm-none-eabi/10.3.1/../../../arm-none-eabi/lib/thumb/v7e-m/nofp/libg.a(lib_a-init.o)
 .debug_frame   0x0000000000000ebc       0x40 /usr/lib/gcc/arm-none-eabi/10.3.1/../../../arm-none-eabi/lib/thumb/v7e-m/nofp/libg.a(lib_a-memmove.o)
 .debug_frame   0x0000000000000efc       0x2c /usr/lib/gcc/arm-none-eabi/10.3.1/../../../arm-none-eabi/lib/thumb/v7e-m/nofp/libg.a(lib_a-memset.o)
 .debug_frame   0x0000000000000f28       0x34 /usr/lib/gcc/arm-none-eabi/10.3.1/../../../arm-none-eabi/lib/thumb/v7e-m/nofp/libg.a(lib_a-__atexit.o)
 .debug_frame   0x0000000000000f5c       0x50 /usr/lib/gcc/arm-none-eabi/10.3.1/../../../arm-none-eabi/lib/thumb/v7e-m/nofp/libg.a(lib_a-__call_atexit.o)
 .debug_frame   0x0000000000000fac       0x20 /usr/lib/gcc/arm-none-eabi/10.3.1/../../../arm-none-eabi/lib/thumb/v7e-m/nofp/libnosys.a(_exit.o)

.debug_loc      0x0000000000000000      0x9ec
 .debug_loc     0x0000000000000000       0x32 /usr/lib/gcc/arm-none-eabi/10.3.1/../../../arm-none-eabi/lib/thumb/v7e-m/nofp/libg.a(lib_a-atexit.o)
 .debug_loc     0x0000000000000032       0x22 /usr/lib/gcc/arm-none-eabi/10.3.1/../../../arm-none-eabi/lib/thumb/v7e-m/nofp/libg.a(lib_a-exit.o)
 .debug_loc     0x0000000000000054       0x68 /usr/lib/gcc/arm-none-eabi/10.3.1/../../../arm-none-eabi/lib/thumb/v7e-m/nofp/libg.a(lib_a-fini.o)
 .debug_loc     0x00000000000000bc       0xba /usr/lib/gcc/arm-none-eabi/10.3.1/../../../arm-none-eabi/lib/thumb/v7e-m/nofp/libg.a(lib_a-init.o)
 .debug_loc     0x0000000000000176      0x34f /usr/lib/gcc/arm-none-eabi/10.3.1/../../../arm-none-eabi/lib/thumb/v7e-m/nofp/libg.a(lib_a-memmove.o)
 .debug_loc     0x00000000000004c5      0x22c /usr/lib/gcc/arm-none-eabi/10.3.1/../../../arm-none-eabi/lib/thumb/v7e-m/nofp/libg.a(lib_a-memset.o)
 .debug_loc     0x00000000000006f1      0x138 /usr/lib/gcc/arm-none-eabi/10.3.1/../../../arm-none-eabi/lib/thumb/v7e-m/nofp/libg.a(lib_a-__atexit.o)
 .debug_loc     0x0000000000000829      0x1ae /usr/lib/gcc/arm-none-eabi/10.3.1/../../../arm-none-eabi/lib/thumb/v7e-m/nofp/libg.a(lib_a-__call_atexit.o)
 .debug_loc     0x00000000000009d7       0x15 /usr/lib/gcc/arm-none-eabi/10.3.1/../../../arm-none-eabi/lib/thumb/v7e-m/nofp/libnosys.a(_exit.o)
