Archive member included to satisfy reference by file (symbol)

/usr/lib/gcc/arm-none-eabi/10.3.1/../../../arm-none-eabi/lib/thumb/v7e-m/nofp/libg.a(lib_a-atexit.o)
                              /usr/lib/gcc/arm-none-eabi/10.3.1/../../../arm-none-eabi/lib/thumb/v7e-m/nofp/crt0.o (atexit)
/usr/lib/gcc/arm-none-eabi/10.3.1/../../../arm-none-eabi/lib/thumb/v7e-m/nofp/libg.a(lib_a-exit.o)
                              /usr/lib/gcc/arm-none-eabi/10.3.1/../../../arm-none-eabi/lib/thumb/v7e-m/nofp/crt0.o (exit)
/usr/lib/gcc/arm-none-eabi/10.3.1/../../../arm-none-eabi/lib/thumb/v7e-m/nofp/libg.a(lib_a-fini.o)
                              /usr/lib/gcc/arm-none-eabi/10.3.1/../../../arm-none-eabi/lib/thumb/v7e-m/nofp/crt0.o (__libc_fini_array)
/usr/lib/gcc/arm-none-eabi/10.3.1/../../../arm-none-eabi/lib/thumb/v7e-m/nofp/libg.a(lib_a-impure.o)
                              /usr/lib/gcc/arm-none-eabi/10.3.1/../../../arm-none-eabi/lib/thumb/v7e-m/nofp/libg.a(lib_a-exit.o) (_global_impure_ptr)
/usr/lib/gcc/arm-none-eabi/10.3.1/../../../arm-none-eabi/lib/thumb/v7e-m/nofp/libg.a(lib_a-init.o)
                              /usr/lib/gcc/arm-none-eabi/10.3.1/../../../arm-none-eabi/lib/thumb/v7e-m/nofp/crt0.o (__libc_init_array)
/usr/lib/gcc/arm-none-eabi/10.3.1/../../../arm-none-eabi/lib/thumb/v7e-m/nofp/libg.a(lib_a-memmove.o)
                              CMakeFiles/spiInterrupt.dir/__/__/targetSpecific/startup.cpp.obj (memmove)
/usr/lib/gcc/arm-none-eabi/10.3.1/../../../arm-none-eabi/lib/thumb/v7e-m/nofp/libg.a(lib_a-memset.o)
                              /usr/lib/gcc/arm-none-eabi/10.3.1/../../../arm-none-eabi/lib/thumb/v7e-m/nofp/crt0.o (memset)
/usr/lib/gcc/arm-none-eabi/10.3.1/../../../arm-none-eabi/lib/thumb/v7e-m/nofp/libg.a(lib_a-__atexit.o)
                              /usr/lib/gcc/arm-none-eabi/10.3.1/../../../arm-none-eabi/lib/thumb/v7e-m/nofp/libg.a(lib_a-atexit.o) (__register_exitproc)
/usr/lib/gcc/arm-none-eabi/10.3.1/../../../arm-none-eabi/lib/thumb/v7e-m/nofp/libg.a(lib_a-__call_atexit.o)
                              /usr/lib/gcc/arm-none-eabi/10.3.1/../../../arm-none-eabi/lib/thumb/v7e-m/nofp/libg.a(lib_a-exit.o) (__call_exitprocs)
/usr/lib/gcc/arm-none-eabi/10.3.1/../../../arm-none-eabi/lib/thumb/v7e-m/nofp/libnosys.a(_exit.o)
                              /usr/lib/gcc/arm-none-eabi/10.3.1/../../../arm-none-eabi/lib/thumb/v7e-m/nofp/libg.a(lib_a-exit.o) (_exit)

Discarded input sections

 .group         0x0000000000000000        0x8 CMakeFiles/spiInterrupt.dir/spiInterrupt.cpp.obj
 .group         0x0000000000000000        0x8 CMakeFiles/spiInterrupt.dir/spiInterrupt.cpp.obj
 .group         0x0000000000000000        0x8 CMakeFiles/spiInterrupt.dir/spiInterrupt.cpp.obj
 .group         0x0000000000000000        0x8 CMakeFiles/spiInterrupt.dir/spiInterrupt.cpp.obj
 .group         0x0000000000000000        0x8 CMakeFiles/spiInterrupt.dir/spiInterrupt.cpp.obj
 .group         0x0000000000000000        0xc CMakeFiles/spiInterrupt.dir/spiInterrupt.cpp.obj
 .group         0x0000000000000000        0xc CMakeFiles/spiInterrupt.dir/spiInterrupt.cpp.obj
 .group         0x0000000000000000        0xc CMakeFiles/spiInterrupt.dir/spiInterrupt.cpp.obj
 .group         0x0000000000000000        0xc CMakeFiles/spiInterrupt.dir/spiInterrupt.cpp.obj
 .group         0x0000000000000000        0xc CMakeFiles/spiInterrupt.dir/spiInterrupt.cpp.obj
 .group         0x0000000000000000        0xc CMakeFiles/spiInterrupt.dir/spiInterrupt.cpp.obj
 .group         0x0000000000000000        0xc CMakeFiles/spiInterrupt.dir/spiInterrupt.cpp.obj
 .group         0x0000000000000000        0xc CMakeFiles/spiInterrupt.dir/spiInterrupt.cpp.obj
 .group         0x0000000000000000        0xc CMakeFiles/spiInterrupt.dir/spiInterrupt.cpp.obj
 .group         0x0000000000000000        0xc CMakeFiles/spiInterrupt.dir/spiInterrupt.cpp.obj
 .group         0x0000000000000000        0xc CMakeFiles/spiInterrupt.dir/spiInterrupt.cpp.obj
 .group         0x0000000000000000        0x8 CMakeFiles/spiInterrupt.dir/spiInterrupt.cpp.obj
 .group         0x0000000000000000        0xc CMakeFiles/spiInterrupt.dir/spiInterrupt.cpp.obj
 .group         0x0000000000000000        0xc CMakeFiles/spiInterrupt.dir/spiInterrupt.cpp.obj
 .group         0x0000000000000000        0xc CMakeFiles/spiInterrupt.dir/spiInterrupt.cpp.obj
 .group         0x0000000000000000        0xc CMakeFiles/spiInterrupt.dir/spiInterrupt.cpp.obj
 .group         0x0000000000000000        0xc CMakeFiles/spiInterrupt.dir/spiInterrupt.cpp.obj
 .group         0x0000000000000000        0xc CMakeFiles/spiInterrupt.dir/spiInterrupt.cpp.obj
 .group         0x0000000000000000        0xc CMakeFiles/spiInterrupt.dir/spiInterrupt.cpp.obj
 .group         0x0000000000000000        0xc CMakeFiles/spiInterrupt.dir/spiInterrupt.cpp.obj
 .group         0x0000000000000000        0xc CMakeFiles/spiInterrupt.dir/spiInterrupt.cpp.obj
 .group         0x0000000000000000        0xc CMakeFiles/spiInterrupt.dir/spiInterrupt.cpp.obj
 .group         0x0000000000000000        0xc CMakeFiles/spiInterrupt.dir/spiInterrupt.cpp.obj
 .group         0x0000000000000000        0xc CMakeFiles/spiInterrupt.dir/spiInterrupt.cpp.obj
 .group         0x0000000000000000        0xc CMakeFiles/spiInterrupt.dir/spiInterrupt.cpp.obj
 .group         0x0000000000000000        0xc CMakeFiles/spiInterrupt.dir/spiInterrupt.cpp.obj
 .group         0x0000000000000000        0xc CMakeFiles/spiInterrupt.dir/spiInterrupt.cpp.obj
 .group         0x0000000000000000        0xc CMakeFiles/spiInterrupt.dir/spiInterrupt.cpp.obj
 .group         0x0000000000000000        0xc CMakeFiles/spiInterrupt.dir/spiInterrupt.cpp.obj
 .group         0x0000000000000000        0xc CMakeFiles/spiInterrupt.dir/spiInterrupt.cpp.obj
 .group         0x0000000000000000        0xc CMakeFiles/spiInterrupt.dir/spiInterrupt.cpp.obj
 .group         0x0000000000000000        0xc CMakeFiles/spiInterrupt.dir/spiInterrupt.cpp.obj
 .group         0x0000000000000000        0xc CMakeFiles/spiInterrupt.dir/spiInterrupt.cpp.obj
 .group         0x0000000000000000        0xc CMakeFiles/spiInterrupt.dir/spiInterrupt.cpp.obj
 .group         0x0000000000000000        0xc CMakeFiles/spiInterrupt.dir/spiInterrupt.cpp.obj
 .group         0x0000000000000000        0xc CMakeFiles/spiInterrupt.dir/spiInterrupt.cpp.obj
 .group         0x0000000000000000        0xc CMakeFiles/spiInterrupt.dir/spiInterrupt.cpp.obj
 .group         0x0000000000000000        0xc CMakeFiles/spiInterrupt.dir/spiInterrupt.cpp.obj
 .group         0x0000000000000000        0xc CMakeFiles/spiInterrupt.dir/spiInterrupt.cpp.obj
 .group         0x0000000000000000        0xc CMakeFiles/spiInterrupt.dir/spiInterrupt.cpp.obj
 .group         0x0000000000000000        0xc CMakeFiles/spiInterrupt.dir/spiInterrupt.cpp.obj
 .group         0x0000000000000000        0xc CMakeFiles/spiInterrupt.dir/spiInterrupt.cpp.obj
 .group         0x0000000000000000        0xc CMakeFiles/spiInterrupt.dir/spiInterrupt.cpp.obj
 .group         0x0000000000000000        0xc CMakeFiles/spiInterrupt.dir/spiInterrupt.cpp.obj
 .group         0x0000000000000000        0xc CMakeFiles/spiInterrupt.dir/spiInterrupt.cpp.obj
 .group         0x0000000000000000        0xc CMakeFiles/spiInterrupt.dir/spiInterrupt.cpp.obj
 .group         0x0000000000000000        0xc CMakeFiles/spiInterrupt.dir/spiInterrupt.cpp.obj
 .group         0x0000000000000000        0xc CMakeFiles/spiInterrupt.dir/spiInterrupt.cpp.obj
 .group         0x0000000000000000        0xc CMakeFiles/spiInterrupt.dir/spiInterrupt.cpp.obj
 .group         0x0000000000000000        0xc CMakeFiles/spiInterrupt.dir/spiInterrupt.cpp.obj
 .group         0x0000000000000000        0xc CMakeFiles/spiInterrupt.dir/spiInterrupt.cpp.obj
 .group         0x0000000000000000        0xc CMakeFiles/spiInterrupt.dir/spiInterrupt.cpp.obj
 .group         0x0000000000000000        0xc CMakeFiles/spiInterrupt.dir/spiInterrupt.cpp.obj
 .group         0x0000000000000000        0xc CMakeFiles/spiInterrupt.dir/spiInterrupt.cpp.obj
 .group         0x0000000000000000        0xc CMakeFiles/spiInterrupt.dir/spiInterrupt.cpp.obj
 .group         0x0000000000000000        0xc CMakeFiles/spiInterrupt.dir/spiInterrupt.cpp.obj
 .group         0x0000000000000000        0xc CMakeFiles/spiInterrupt.dir/spiInterrupt.cpp.obj
 .group         0x0000000000000000        0xc CMakeFiles/spiInterrupt.dir/spiInterrupt.cpp.obj
 .group         0x0000000000000000        0xc CMakeFiles/spiInterrupt.dir/spiInterrupt.cpp.obj
 .group         0x0000000000000000        0xc CMakeFiles/spiInterrupt.dir/spiInterrupt.cpp.obj
 .group         0x0000000000000000        0xc CMakeFiles/spiInterrupt.dir/spiInterrupt.cpp.obj
 .group         0x0000000000000000        0x8 CMakeFiles/spiInterrupt.dir/spiInterrupt.cpp.obj
 .group         0x0000000000000000        0xc CMakeFiles/spiInterrupt.dir/spiInterrupt.cpp.obj
 .group         0x0000000000000000        0xc CMakeFiles/spiInterrupt.dir/spiInterrupt.cpp.obj
 .group         0x0000000000000000        0xc CMakeFiles/spiInterrupt.dir/spiInterrupt.cpp.obj
 .group         0x0000000000000000        0xc CMakeFiles/spiInterrupt.dir/spiInterrupt.cpp.obj
 .group         0x0000000000000000        0xc CMakeFiles/spiInterrupt.dir/spiInterrupt.cpp.obj
 .group         0x0000000000000000        0xc CMakeFiles/spiInterrupt.dir/spiInterrupt.cpp.obj
 .group         0x0000000000000000        0xc CMakeFiles/spiInterrupt.dir/spiInterrupt.cpp.obj
 .group         0x0000000000000000        0xc CMakeFiles/spiInterrupt.dir/spiInterrupt.cpp.obj
 .group         0x0000000000000000        0xc CMakeFiles/spiInterrupt.dir/spiInterrupt.cpp.obj
 .group         0x0000000000000000        0xc CMakeFiles/spiInterrupt.dir/spiInterrupt.cpp.obj
 .group         0x0000000000000000        0xc CMakeFiles/spiInterrupt.dir/spiInterrupt.cpp.obj
 .group         0x0000000000000000        0xc CMakeFiles/spiInterrupt.dir/spiInterrupt.cpp.obj
 .group         0x0000000000000000        0x8 CMakeFiles/spiInterrupt.dir/spiInterrupt.cpp.obj
 .group         0x0000000000000000        0x8 CMakeFiles/spiInterrupt.dir/spiInterrupt.cpp.obj
 .group         0x0000000000000000        0xc CMakeFiles/spiInterrupt.dir/spiInterrupt.cpp.obj
 .group         0x0000000000000000        0x8 CMakeFiles/spiInterrupt.dir/spiInterrupt.cpp.obj
 .group         0x0000000000000000        0xc CMakeFiles/spiInterrupt.dir/spiInterrupt.cpp.obj
 .group         0x0000000000000000        0x8 CMakeFiles/spiInterrupt.dir/spiInterrupt.cpp.obj
 .group         0x0000000000000000        0x8 CMakeFiles/spiInterrupt.dir/spiInterrupt.cpp.obj
 .group         0x0000000000000000        0xc CMakeFiles/spiInterrupt.dir/spiInterrupt.cpp.obj
 .group         0x0000000000000000        0xc CMakeFiles/spiInterrupt.dir/spiInterrupt.cpp.obj
 .group         0x0000000000000000        0x8 CMakeFiles/spiInterrupt.dir/__/__/targetSpecific/startup.cpp.obj
 .group         0x0000000000000000        0xc CMakeFiles/spiInterrupt.dir/__/__/targetSpecific/startup.cpp.obj
 .group         0x0000000000000000        0x8 CMakeFiles/spiInterrupt.dir/__/__/targetSpecific/startup.cpp.obj
 .group         0x0000000000000000        0xc CMakeFiles/spiInterrupt.dir/__/__/targetSpecific/startup.cpp.obj
 .group         0x0000000000000000        0xc CMakeFiles/spiInterrupt.dir/__/__/targetSpecific/startup.cpp.obj
 .group         0x0000000000000000        0x8 CMakeFiles/spiInterrupt.dir/__/__/targetSpecific/startup.cpp.obj
 .group         0x0000000000000000        0xc CMakeFiles/spiInterrupt.dir/__/__/targetSpecific/startup.cpp.obj
 .group         0x0000000000000000        0x8 CMakeFiles/spiInterrupt.dir/__/__/targetSpecific/startup.cpp.obj
 .group         0x0000000000000000        0xc CMakeFiles/spiInterrupt.dir/__/__/targetSpecific/startup.cpp.obj
 .group         0x0000000000000000        0xc CMakeFiles/spiInterrupt.dir/__/__/targetSpecific/startup.cpp.obj
 .group         0x0000000000000000        0x8 CMakeFiles/spiInterrupt.dir/__/__/targetSpecific/startup.cpp.obj
 .group         0x0000000000000000        0x8 CMakeFiles/spiInterrupt.dir/__/__/targetSpecific/startup.cpp.obj
 .group         0x0000000000000000        0xc CMakeFiles/spiInterrupt.dir/__/__/targetSpecific/startup.cpp.obj

Memory Configuration

Name             Origin             Length             Attributes
FLASH            0x0000000008000000 0x0000000000100000 xr
SRAM             0x0000000020000000 0x0000000000020000 xrw
*default*        0x0000000000000000 0xffffffffffffffff

Linker script and memory map

LOAD /usr/lib/gcc/arm-none-eabi/10.3.1/thumb/v7e-m/nofp/crti.o
LOAD /usr/lib/gcc/arm-none-eabi/10.3.1/thumb/v7e-m/nofp/crtbegin.o
LOAD /usr/lib/gcc/arm-none-eabi/10.3.1/../../../arm-none-eabi/lib/thumb/v7e-m/nofp/crt0.o
LOAD CMakeFiles/spiInterrupt.dir/spiInterrupt.cpp.obj
LOAD CMakeFiles/spiInterrupt.dir/__/__/targetSpecific/startup.cpp.obj
LOAD /usr/lib/gcc/arm-none-eabi/10.3.1/../../../arm-none-eabi/lib/thumb/v7e-m/nofp/libstdc++.a
LOAD /usr/lib/gcc/arm-none-eabi/10.3.1/../../../arm-none-eabi/lib/thumb/v7e-m/nofp/libm.a
START GROUP
LOAD /usr/lib/gcc/arm-none-eabi/10.3.1/thumb/v7e-m/nofp/libgcc.a
LOAD /usr/lib/gcc/arm-none-eabi/10.3.1/../../../arm-none-eabi/lib/thumb/v7e-m/nofp/libg.a
LOAD /usr/lib/gcc/arm-none-eabi/10.3.1/../../../arm-none-eabi/lib/thumb/v7e-m/nofp/libc.a
END GROUP
START GROUP
LOAD /usr/lib/gcc/arm-none-eabi/10.3.1/thumb/v7e-m/nofp/libgcc.a
LOAD /usr/lib/gcc/arm-none-eabi/10.3.1/../../../arm-none-eabi/lib/thumb/v7e-m/nofp/libc.a
LOAD /usr/lib/gcc/arm-none-eabi/10.3.1/../../../arm-none-eabi/lib/thumb/v7e-m/nofp/libnosys.a
END GROUP
LOAD /usr/lib/gcc/arm-none-eabi/10.3.1/thumb/v7e-m/nofp/crtend.o
LOAD /usr/lib/gcc/arm-none-eabi/10.3.1/thumb/v7e-m/nofp/crtn.o

.text           0x0000000008000000     0x1708
 *(.isr_vector)
 .isr_vector    0x0000000008000000      0x188 CMakeFiles/spiInterrupt.dir/__/__/targetSpecific/startup.cpp.obj
                0x0000000008000000                isr_vector
                0x0000000008000188                start_of_constructors = .
 *(SORT_BY_NAME(.init_array.*))
 .init_array.00000
                0x0000000008000188        0x4 /usr/lib/gcc/arm-none-eabi/10.3.1/../../../arm-none-eabi/lib/thumb/v7e-m/nofp/libg.a(lib_a-__call_atexit.o)
 *(.init_array*)
 .init_array    0x000000000800018c        0x4 /usr/lib/gcc/arm-none-eabi/10.3.1/thumb/v7e-m/nofp/crtbegin.o
                0x0000000008000190                end_of_constructors = .
 *(.text)
 .text          0x0000000008000190        0x0 /usr/lib/gcc/arm-none-eabi/10.3.1/thumb/v7e-m/nofp/crti.o
 .text          0x0000000008000190       0x88 /usr/lib/gcc/arm-none-eabi/10.3.1/thumb/v7e-m/nofp/crtbegin.o
 .text          0x0000000008000218       0x70 /usr/lib/gcc/arm-none-eabi/10.3.1/../../../arm-none-eabi/lib/thumb/v7e-m/nofp/crt0.o
                0x0000000008000218                _stack_init
                0x0000000008000220                _mainCRTStartup
                0x0000000008000220                _start
 .text          0x0000000008000288       0x74 CMakeFiles/spiInterrupt.dir/spiInterrupt.cpp.obj
                0x00000000080002ba                main
                0x00000000080002f0                SPI2_IRQHandler
 .text          0x00000000080002fc       0xe8 CMakeFiles/spiInterrupt.dir/__/__/targetSpecific/startup.cpp.obj
                0x00000000080003c4                RTC_Alarm_IRQHandler
                0x00000000080003c4                HASH_RNG_IRQHandler
                0x00000000080003c4                EXTI2_IRQHandler
                0x00000000080003c4                TIM8_CC_IRQHandler
                0x00000000080003c4                DebugMon_Handler
                0x00000000080003c4                TIM1_CC_IRQHandler
                0x00000000080003c4                DMA2_Stream5_IRQHandler
                0x00000000080003c4                HardFault_Handler
                0x00000000080003c4                DMA1_Stream5_IRQHandler
                0x00000000080003c4                SysTick_Handler
                0x00000000080003c4                PVD_IRQHandler
                0x00000000080003c4                SDIO_IRQHandler
                0x00000000080003c4                TAMP_STAMP_IRQHandler
                0x00000000080003c4                PendSV_Handler
                0x00000000080003c4                NMI_Handler
                0x00000000080003c4                CAN2_RX1_IRQHandler
                0x00000000080003c4                EXTI3_IRQHandler
                0x00000000080003c4                TIM8_TRG_COM_TIM14_IRQHandler
                0x00000000080003c4                TIM1_UP_TIM10_IRQHandler
                0x00000000080003c4                TIM8_UP_TIM13_IRQHandler
                0x00000000080003c4                I2C3_ER_IRQHandler
                0x00000000080003c4                EXTI0_IRQHandler
                0x00000000080003c4                I2C2_EV_IRQHandler
                0x00000000080003c4                DMA1_Stream2_IRQHandler
                0x00000000080003c4                CAN1_RX0_IRQHandler
                0x00000000080003c4                FPU_IRQHandler
                0x00000000080003c4                OTG_HS_WKUP_IRQHandler
                0x00000000080003c4                UsageFault_Handler
                0x00000000080003c4                CAN2_SCE_IRQHandler
                0x00000000080003c4                DMA2_Stream2_IRQHandler
                0x00000000080003c4                SPI1_IRQHandler
                0x00000000080003c4                TIM6_DAC_IRQHandler
                0x00000000080003c4                TIM1_BRK_TIM9_IRQHandler
                0x00000000080003c4                DCMI_IRQHandler
                0x00000000080003c4                CAN2_RX0_IRQHandler
                0x00000000080003c4                DMA2_Stream3_IRQHandler
                0x00000000080003c4                defaulHandler
                0x00000000080003c4                USART6_IRQHandler
                0x00000000080003c4                USART3_IRQHandler
                0x00000000080003c4                CRYP_IRQHandler
                0x00000000080003c4                CAN1_RX1_IRQHandler
                0x00000000080003c4                UART5_IRQHandler
                0x00000000080003c4                DMA2_Stream0_IRQHandler
                0x00000000080003c4                TIM4_IRQHandler
                0x00000000080003c4                I2C1_EV_IRQHandler
                0x00000000080003c4                DMA1_Stream6_IRQHandler
                0x00000000080003c4                DMA1_Stream1_IRQHandler
                0x00000000080003c4                UART4_IRQHandler
                0x00000000080003c4                TIM3_IRQHandler
                0x00000000080003c4                RCC_IRQHandler
                0x00000000080003c4                TIM8_BRK_TIM12_IRQHandler
                0x00000000080003c4                EXTI15_10_IRQHandler
                0x00000000080003c4                ADC_IRQHandler
                0x00000000080003c4                DMA1_Stream7_IRQHandler
                0x00000000080003c4                TIM7_IRQHandler
                0x00000000080003c4                CAN2_TX_IRQHandler
                0x00000000080003c4                TIM5_IRQHandler
                0x00000000080003c4                DMA2_Stream7_IRQHandler
                0x00000000080003c4                I2C3_EV_IRQHandler
                0x00000000080003c4                EXTI9_5_IRQHandler
                0x00000000080003c4                RTC_WKUP_IRQHandler
                0x00000000080003c4                ETH_WKUP_IRQHandler
                0x00000000080003c4                OTG_HS_EP1_IN_IRQHandler
                0x00000000080003c4                MemManage_Handler
                0x00000000080003c4                DMA1_Stream0_IRQHandler
                0x00000000080003c4                CAN1_TX_IRQHandler
                0x00000000080003c4                SVC_Handler
                0x00000000080003c4                EXTI4_IRQHandler
                0x00000000080003c4                FSMC_IRQHandler
                0x00000000080003c4                ETH_IRQHandler
                0x00000000080003c4                OTG_HS_EP1_OUT_IRQHandler
                0x00000000080003c4                WWDG_IRQHandler
                0x00000000080003c4                TIM2_IRQHandler
                0x00000000080003c4                OTG_FS_WKUP_IRQHandler
                0x00000000080003c4                TIM1_TRG_COM_TIM11_IRQHandler
                0x00000000080003c4                OTG_HS_IRQHandler
                0x00000000080003c4                EXTI1_IRQHandler
                0x00000000080003c4                USART2_IRQHandler
                0x00000000080003c4                I2C2_ER_IRQHandler
                0x00000000080003c4                DMA2_Stream1_IRQHandler
                0x00000000080003c4                CAN1_SCE_IRQHandler
                0x00000000080003c4                DMA2_Stream4_IRQHandler
                0x00000000080003c4                BusFault_Handler
                0x00000000080003c4                USART1_IRQHandler
                0x00000000080003c4                OTG_FS_IRQHandler
                0x00000000080003c4                SPI3_IRQHandler
                0x00000000080003c4                DMA1_Stream4_IRQHandler
                0x00000000080003c4                I2C1_ER_IRQHandler
                0x00000000080003c4                DMA2_Stream6_IRQHandler
                0x00000000080003c4                DMA1_Stream3_IRQHandler
                0x00000000080003ca                Reset_Handler
 .text          0x00000000080003e4        0xc /usr/lib/gcc/arm-none-eabi/10.3.1/../../../arm-none-eabi/lib/thumb/v7e-m/nofp/libg.a(lib_a-atexit.o)
                0x00000000080003e4                atexit
 .text          0x00000000080003f0       0x20 /usr/lib/gcc/arm-none-eabi/10.3.1/../../../arm-none-eabi/lib/thumb/v7e-m/nofp/libg.a(lib_a-exit.o)
                0x00000000080003f0                exit
 .text          0x0000000008000410       0x2c /usr/lib/gcc/arm-none-eabi/10.3.1/../../../arm-none-eabi/lib/thumb/v7e-m/nofp/libg.a(lib_a-fini.o)
                0x0000000008000410                __libc_fini_array
 .text          0x000000000800043c        0x0 /usr/lib/gcc/arm-none-eabi/10.3.1/../../../arm-none-eabi/lib/thumb/v7e-m/nofp/libg.a(lib_a-impure.o)
 .text          0x000000000800043c       0x48 /usr/lib/gcc/arm-none-eabi/10.3.1/../../../arm-none-eabi/lib/thumb/v7e-m/nofp/libg.a(lib_a-init.o)
                0x000000000800043c                __libc_init_array
 .text          0x0000000008000484       0xf8 /usr/lib/gcc/arm-none-eabi/10.3.1/../../../arm-none-eabi/lib/thumb/v7e-m/nofp/libg.a(lib_a-memmove.o)
                0x0000000008000484                memmove
 .text          0x000000000800057c       0xa4 /usr/lib/gcc/arm-none-eabi/10.3.1/../../../arm-none-eabi/lib/thumb/v7e-m/nofp/libg.a(lib_a-memset.o)
                0x000000000800057c                memset
 .text          0x0000000008000620       0x68 /usr/lib/gcc/arm-none-eabi/10.3.1/../../../arm-none-eabi/lib/thumb/v7e-m/nofp/libg.a(lib_a-__atexit.o)
                0x0000000008000620                __register_exitproc
 .text          0x0000000008000688       0xb0 /usr/lib/gcc/arm-none-eabi/10.3.1/../../../arm-none-eabi/lib/thumb/v7e-m/nofp/libg.a(lib_a-__call_atexit.o)
                0x0000000008000688                __call_exitprocs
 .text          0x0000000008000738        0x4 /usr/lib/gcc/arm-none-eabi/10.3.1/../../../arm-none-eabi/lib/thumb/v7e-m/nofp/libnosys.a(_exit.o)
                0x0000000008000738                _exit
 .text          0x000000000800073c        0x0 /usr/lib/gcc/arm-none-eabi/10.3.1/thumb/v7e-m/nofp/crtend.o
 .text          0x000000000800073c        0x0 /usr/lib/gcc/arm-none-eabi/10.3.1/thumb/v7e-m/nofp/crtn.o
 *(.text.*)
 .text._ZN14RegisterAccessImmE6regAndEmm
                0x000000000800073c       0x2c CMakeFiles/spiInterrupt.dir/spiInterrupt.cpp.obj
                0x000000000800073c                RegisterAccess<unsigned long, unsigned long>::regAnd(unsigned long, unsigned long)
 .text._ZN14RegisterAccessImmE5regOrEmm
                0x0000000008000768       0x2c CMakeFiles/spiInterrupt.dir/spiInterrupt.cpp.obj
                0x0000000008000768                RegisterAccess<unsigned long, unsigned long>::regOr(unsigned long, unsigned long)
 .text._ZN14RegisterAccessImmE6regGetEm
                0x0000000008000794       0x1a CMakeFiles/spiInterrupt.dir/spiInterrupt.cpp.obj
                0x0000000008000794                RegisterAccess<unsigned long, unsigned long>::regGet(unsigned long)
 .text._ZN14RegisterAccessImmE9regBitSetEmm
                0x00000000080007ae       0x56 CMakeFiles/spiInterrupt.dir/spiInterrupt.cpp.obj
                0x00000000080007ae                RegisterAccess<unsigned long, unsigned long>::regBitSet(unsigned long, unsigned long)
 .text._ZN14RegisterAccessImmE11regBitClearEmm
                0x0000000008000804       0x58 CMakeFiles/spiInterrupt.dir/spiInterrupt.cpp.obj
                0x0000000008000804                RegisterAccess<unsigned long, unsigned long>::regBitClear(unsigned long, unsigned long)
 .text._ZN14RegisterAccessImmE9regBitGetEmm
                0x000000000800085c       0x50 CMakeFiles/spiInterrupt.dir/spiInterrupt.cpp.obj
                0x000000000800085c                RegisterAccess<unsigned long, unsigned long>::regBitGet(unsigned long, unsigned long)
 .text._ZN4GPIOILm1073873920EE4initIXtl12GPIOInitDataL14PeripheralAHB11EL8PortMode2EL17AlternateFunction5EL10OutputType0EL11OutputSpeed2EL21PullupPullDownControl0EEELh13EEEvv
                0x00000000080008ac       0x20 CMakeFiles/spiInterrupt.dir/spiInterrupt.cpp.obj
                0x00000000080008ac                void GPIO<1073873920ul>::init<GPIOInitData{(PeripheralAHB1)1, (PortMode)2, (AlternateFunction)5, (OutputType)0, (OutputSpeed)2, (PullupPullDownControl)0}, (unsigned char)13>()
 .text._ZN4GPIOILm1073873920EE4initIXtl12GPIOInitDataL14PeripheralAHB11EL8PortMode2EL17AlternateFunction5EL10OutputType0EL11OutputSpeed2EL21PullupPullDownControl0EEELh15EEEvv
                0x00000000080008cc       0x20 CMakeFiles/spiInterrupt.dir/spiInterrupt.cpp.obj
                0x00000000080008cc                void GPIO<1073873920ul>::init<GPIOInitData{(PeripheralAHB1)1, (PortMode)2, (AlternateFunction)5, (OutputType)0, (OutputSpeed)2, (PullupPullDownControl)0}, (unsigned char)15>()
 .text._ZN3SPIIL9SPINumber1EE4initIXtl11SPIInitDataL15MasterSelection0EL21BidirectionalDataMode0EL15BaudRateControl0EL15DataFrameFormat0EL10ClockPhase0EL13ClockPolarity0EL19SoftwareSlaveSelect1EEEEEvv
                0x00000000080008ec       0x4c CMakeFiles/spiInterrupt.dir/spiInterrupt.cpp.obj
                0x00000000080008ec                void SPI<(SPINumber)1>::init<SPIInitData{(MasterSelection)0, (BidirectionalDataMode)0, (BaudRateControl)0, (DataFrameFormat)0, (ClockPhase)0, (ClockPolarity)0, (SoftwareSlaveSelect)1}>()
 .text._ZN3SPIIL9SPINumber1EE10sendStringEPKc
                0x0000000008000938       0x28 CMakeFiles/spiInterrupt.dir/spiInterrupt.cpp.obj
                0x0000000008000938                SPI<(SPINumber)1>::sendString(char const*)
 .text._ZN3SPIIL9SPINumber1EE12sendNextDataEv
                0x0000000008000960       0xcc CMakeFiles/spiInterrupt.dir/spiInterrupt.cpp.obj
                0x0000000008000960                SPI<(SPINumber)1>::sendNextData()
 .text._ZN14RegisterAccessImmE6memoryEm
                0x0000000008000a2c       0x14 CMakeFiles/spiInterrupt.dir/spiInterrupt.cpp.obj
                0x0000000008000a2c                RegisterAccess<unsigned long, unsigned long>::memory(unsigned long)
 .text._ZN4GPIOILm1073873920EE8setClockIL14PeripheralAHB11ELb1EEEvv
                0x0000000008000a40        0xc CMakeFiles/spiInterrupt.dir/spiInterrupt.cpp.obj
                0x0000000008000a40                void GPIO<1073873920ul>::setClock<(PeripheralAHB1)1, true>()
 .text._ZN4GPIOILm1073873920EE11setPortModeIL8PortMode2ELh13EEEvv
                0x0000000008000a4c       0x14 CMakeFiles/spiInterrupt.dir/spiInterrupt.cpp.obj
                0x0000000008000a4c                void GPIO<1073873920ul>::setPortMode<(PortMode)2, (unsigned char)13>()
 .text._ZN4GPIOILm1073873920EE20setAlternateFunctionIL17AlternateFunction5ELh13EEEvv
                0x0000000008000a60       0x14 CMakeFiles/spiInterrupt.dir/spiInterrupt.cpp.obj
                0x0000000008000a60                void GPIO<1073873920ul>::setAlternateFunction<(AlternateFunction)5, (unsigned char)13>()
 .text._ZN4GPIOILm1073873920EE13setOutputTypeIL10OutputType0ELh13EEEvv
                0x0000000008000a74       0x14 CMakeFiles/spiInterrupt.dir/spiInterrupt.cpp.obj
                0x0000000008000a74                void GPIO<1073873920ul>::setOutputType<(OutputType)0, (unsigned char)13>()
 .text._ZN4GPIOILm1073873920EE14setOutputSpeedIL11OutputSpeed2ELh13EEEvv
                0x0000000008000a88       0x14 CMakeFiles/spiInterrupt.dir/spiInterrupt.cpp.obj
                0x0000000008000a88                void GPIO<1073873920ul>::setOutputSpeed<(OutputSpeed)2, (unsigned char)13>()
 .text._ZN4GPIOILm1073873920EE17setPullupPullDownIL21PullupPullDownControl0ELh13EEEvv
                0x0000000008000a9c       0x14 CMakeFiles/spiInterrupt.dir/spiInterrupt.cpp.obj
                0x0000000008000a9c                void GPIO<1073873920ul>::setPullupPullDown<(PullupPullDownControl)0, (unsigned char)13>()
 .text._ZN4GPIOILm1073873920EE11setPortModeIL8PortMode2ELh15EEEvv
                0x0000000008000ab0       0x14 CMakeFiles/spiInterrupt.dir/spiInterrupt.cpp.obj
                0x0000000008000ab0                void GPIO<1073873920ul>::setPortMode<(PortMode)2, (unsigned char)15>()
 .text._ZN4GPIOILm1073873920EE20setAlternateFunctionIL17AlternateFunction5ELh15EEEvv
                0x0000000008000ac4       0x14 CMakeFiles/spiInterrupt.dir/spiInterrupt.cpp.obj
                0x0000000008000ac4                void GPIO<1073873920ul>::setAlternateFunction<(AlternateFunction)5, (unsigned char)15>()
 .text._ZN4GPIOILm1073873920EE13setOutputTypeIL10OutputType0ELh15EEEvv
                0x0000000008000ad8       0x14 CMakeFiles/spiInterrupt.dir/spiInterrupt.cpp.obj
                0x0000000008000ad8                void GPIO<1073873920ul>::setOutputType<(OutputType)0, (unsigned char)15>()
 .text._ZN4GPIOILm1073873920EE14setOutputSpeedIL11OutputSpeed2ELh15EEEvv
                0x0000000008000aec       0x14 CMakeFiles/spiInterrupt.dir/spiInterrupt.cpp.obj
                0x0000000008000aec                void GPIO<1073873920ul>::setOutputSpeed<(OutputSpeed)2, (unsigned char)15>()
 .text._ZN4GPIOILm1073873920EE17setPullupPullDownIL21PullupPullDownControl0ELh15EEEvv
                0x0000000008000b00       0x14 CMakeFiles/spiInterrupt.dir/spiInterrupt.cpp.obj
                0x0000000008000b00                void GPIO<1073873920ul>::setPullupPullDown<(PullupPullDownControl)0, (unsigned char)15>()
 .text._ZN3SPIIL9SPINumber1EE11setSPIClockILb1EEEvv
                0x0000000008000b14       0x10 CMakeFiles/spiInterrupt.dir/spiInterrupt.cpp.obj
                0x0000000008000b14                void SPI<(SPINumber)1>::setSPIClock<true>()
 .text._ZN3SPIIL9SPINumber1EE13setDeviceModeIL15MasterSelection0EEEvv
                0x0000000008000b24       0x28 CMakeFiles/spiInterrupt.dir/spiInterrupt.cpp.obj
                0x0000000008000b24                void SPI<(SPINumber)1>::setDeviceMode<(MasterSelection)0>()
 .text._ZN3SPIIL9SPINumber1EE24setBidirectionalDataModeIL21BidirectionalDataMode0EEEvv
                0x0000000008000b4c       0x28 CMakeFiles/spiInterrupt.dir/spiInterrupt.cpp.obj
                0x0000000008000b4c                void SPI<(SPINumber)1>::setBidirectionalDataMode<(BidirectionalDataMode)0>()
 .text._ZN3SPIIL9SPINumber1EE18setBaudRateControlIL15BaudRateControl0EEEvv
                0x0000000008000b74       0x28 CMakeFiles/spiInterrupt.dir/spiInterrupt.cpp.obj
                0x0000000008000b74                void SPI<(SPINumber)1>::setBaudRateControl<(BaudRateControl)0>()
 .text._ZN3SPIIL9SPINumber1EE18setDataFrameFormatIL15DataFrameFormat0EEEvv
                0x0000000008000b9c       0x28 CMakeFiles/spiInterrupt.dir/spiInterrupt.cpp.obj
                0x0000000008000b9c                void SPI<(SPINumber)1>::setDataFrameFormat<(DataFrameFormat)0>()
 .text._ZN3SPIIL9SPINumber1EE13setClockPhaseIL10ClockPhase0EEEvv
                0x0000000008000bc4       0x28 CMakeFiles/spiInterrupt.dir/spiInterrupt.cpp.obj
                0x0000000008000bc4                void SPI<(SPINumber)1>::setClockPhase<(ClockPhase)0>()
 .text._ZN3SPIIL9SPINumber1EE16setClockPolarityIL13ClockPolarity0EEEvv
                0x0000000008000bec       0x28 CMakeFiles/spiInterrupt.dir/spiInterrupt.cpp.obj
                0x0000000008000bec                void SPI<(SPINumber)1>::setClockPolarity<(ClockPolarity)0>()
 .text._ZN3SPIIL9SPINumber1EE22setSoftwareSlaveSelectIL19SoftwareSlaveSelect1EEEvv
                0x0000000008000c14       0x28 CMakeFiles/spiInterrupt.dir/spiInterrupt.cpp.obj
                0x0000000008000c14                void SPI<(SPINumber)1>::setSoftwareSlaveSelect<(SoftwareSlaveSelect)1>()
 .text._ZNKSt5arrayISt4pairI9SPINumbermELj3EE3endEv
                0x0000000008000c3c       0x1a CMakeFiles/spiInterrupt.dir/spiInterrupt.cpp.obj
                0x0000000008000c3c                std::array<std::pair<SPINumber, unsigned long>, 3u>::end() const
 .text._ZNK9StaticMapI9SPINumbermLj3EE2atERKS0_
                0x0000000008000c56       0x54 CMakeFiles/spiInterrupt.dir/spiInterrupt.cpp.obj
                0x0000000008000c56                StaticMap<SPINumber, unsigned long, 3u>::at(SPINumber const&) const
 .text._ZN12SPIRegistersImE22setControlRegister1BitIL24ControlRegister1Property5EbLb1EEEvm
                0x0000000008000caa       0x20 CMakeFiles/spiInterrupt.dir/spiInterrupt.cpp.obj
                0x0000000008000caa                void SPIRegisters<unsigned long>::setControlRegister1Bit<(ControlRegister1Property)5, bool, true>(unsigned long)
 *fill*         0x0000000008000cca        0x2 
 .text._ZN3SPIIL9SPINumber1EE12setSPIEnableILb1EEEvv
                0x0000000008000ccc       0x28 CMakeFiles/spiInterrupt.dir/spiInterrupt.cpp.obj
                0x0000000008000ccc                void SPI<(SPINumber)1>::setSPIEnable<true>()
 .text._ZN3SPIIL9SPINumber1EE8sendCharEc
                0x0000000008000cf4       0x5c CMakeFiles/spiInterrupt.dir/spiInterrupt.cpp.obj
                0x0000000008000cf4                SPI<(SPINumber)1>::sendChar(char)
 .text._ZN12SPIRegistersImE22setControlRegister2BitIL24ControlRegister2Property6ELb0EEEvm
                0x0000000008000d50       0x20 CMakeFiles/spiInterrupt.dir/spiInterrupt.cpp.obj
                0x0000000008000d50                void SPIRegisters<unsigned long>::setControlRegister2Bit<(ControlRegister2Property)6, false>(unsigned long)
 .text._ZN12SPIRegistersImE19writeToDataRegisterEmh
                0x0000000008000d70       0x22 CMakeFiles/spiInterrupt.dir/spiInterrupt.cpp.obj
                0x0000000008000d70                SPIRegisters<unsigned long>::writeToDataRegister(unsigned long, unsigned char)
 .text._ZN12SPIRegistersImE19writeToDataRegisterEmt
                0x0000000008000d92       0x22 CMakeFiles/spiInterrupt.dir/spiInterrupt.cpp.obj
                0x0000000008000d92                SPIRegisters<unsigned long>::writeToDataRegister(unsigned long, unsigned short)
 .text._ZN18RCCRegistersTarget19setPeripheralOnAHB1IL14PeripheralAHB11ELb1EEEvv
                0x0000000008000db4       0x14 CMakeFiles/spiInterrupt.dir/spiInterrupt.cpp.obj
                0x0000000008000db4                void RCCRegistersTarget::setPeripheralOnAHB1<(PeripheralAHB1)1, true>()
 .text._ZN13GPIORegistersImE11setPortModeIL8PortMode2ELh13EEEvm
                0x0000000008000dc8       0x28 CMakeFiles/spiInterrupt.dir/spiInterrupt.cpp.obj
                0x0000000008000dc8                void GPIORegisters<unsigned long>::setPortMode<(PortMode)2, (unsigned char)13>(unsigned long)
 .text._ZN13GPIORegistersImE20setAlternateFunctionIL17AlternateFunction5ELh13EEEvm
                0x0000000008000df0       0x2c CMakeFiles/spiInterrupt.dir/spiInterrupt.cpp.obj
                0x0000000008000df0                void GPIORegisters<unsigned long>::setAlternateFunction<(AlternateFunction)5, (unsigned char)13>(unsigned long)
 .text._ZN13GPIORegistersImE13setOutputTypeIL10OutputType0ELh13EEEvm
                0x0000000008000e1c       0x2a CMakeFiles/spiInterrupt.dir/spiInterrupt.cpp.obj
                0x0000000008000e1c                void GPIORegisters<unsigned long>::setOutputType<(OutputType)0, (unsigned char)13>(unsigned long)
 .text._ZN13GPIORegistersImE14setOutputSpeedIL11OutputSpeed2ELh13EEEvm
                0x0000000008000e46       0x2a CMakeFiles/spiInterrupt.dir/spiInterrupt.cpp.obj
                0x0000000008000e46                void GPIORegisters<unsigned long>::setOutputSpeed<(OutputSpeed)2, (unsigned char)13>(unsigned long)
 .text._ZN13GPIORegistersImE17setPullupPullDownIL21PullupPullDownControl0ELh13EEEvm
                0x0000000008000e70       0x28 CMakeFiles/spiInterrupt.dir/spiInterrupt.cpp.obj
                0x0000000008000e70                void GPIORegisters<unsigned long>::setPullupPullDown<(PullupPullDownControl)0, (unsigned char)13>(unsigned long)
 .text._ZN13GPIORegistersImE11setPortModeIL8PortMode2ELh15EEEvm
                0x0000000008000e98       0x28 CMakeFiles/spiInterrupt.dir/spiInterrupt.cpp.obj
                0x0000000008000e98                void GPIORegisters<unsigned long>::setPortMode<(PortMode)2, (unsigned char)15>(unsigned long)
 .text._ZN13GPIORegistersImE20setAlternateFunctionIL17AlternateFunction5ELh15EEEvm
                0x0000000008000ec0       0x2c CMakeFiles/spiInterrupt.dir/spiInterrupt.cpp.obj
                0x0000000008000ec0                void GPIORegisters<unsigned long>::setAlternateFunction<(AlternateFunction)5, (unsigned char)15>(unsigned long)
 .text._ZN13GPIORegistersImE13setOutputTypeIL10OutputType0ELh15EEEvm
                0x0000000008000eec       0x2a CMakeFiles/spiInterrupt.dir/spiInterrupt.cpp.obj
                0x0000000008000eec                void GPIORegisters<unsigned long>::setOutputType<(OutputType)0, (unsigned char)15>(unsigned long)
 .text._ZN13GPIORegistersImE14setOutputSpeedIL11OutputSpeed2ELh15EEEvm
                0x0000000008000f16       0x2a CMakeFiles/spiInterrupt.dir/spiInterrupt.cpp.obj
                0x0000000008000f16                void GPIORegisters<unsigned long>::setOutputSpeed<(OutputSpeed)2, (unsigned char)15>(unsigned long)
 .text._ZN13GPIORegistersImE17setPullupPullDownIL21PullupPullDownControl0ELh15EEEvm
                0x0000000008000f40       0x28 CMakeFiles/spiInterrupt.dir/spiInterrupt.cpp.obj
                0x0000000008000f40                void GPIORegisters<unsigned long>::setPullupPullDown<(PullupPullDownControl)0, (unsigned char)15>(unsigned long)
 .text._ZN18RCCRegistersTarget19setPeripheralOnAPB1IL14PeripheralAPB13ELb1EEEvv
                0x0000000008000f68       0x14 CMakeFiles/spiInterrupt.dir/spiInterrupt.cpp.obj
                0x0000000008000f68                void RCCRegistersTarget::setPeripheralOnAPB1<(PeripheralAPB1)3, true>()
 .text._ZN18RCCRegistersTarget19setPeripheralOnAPB2IL14PeripheralAPB21ELb1EEEvv
                0x0000000008000f7c       0x14 CMakeFiles/spiInterrupt.dir/spiInterrupt.cpp.obj
                0x0000000008000f7c                void RCCRegistersTarget::setPeripheralOnAPB2<(PeripheralAPB2)1, true>()
 .text._ZN12SPIRegistersImE22setControlRegister1BitIL24ControlRegister1Property2E15MasterSelectionLS3_0EEEvm
                0x0000000008000f90       0x20 CMakeFiles/spiInterrupt.dir/spiInterrupt.cpp.obj
                0x0000000008000f90                void SPIRegisters<unsigned long>::setControlRegister1Bit<(ControlRegister1Property)2, MasterSelection, (MasterSelection)0>(unsigned long)
 .text._ZN12SPIRegistersImE22setControlRegister1BitIL24ControlRegister1Property12E21BidirectionalDataModeLS3_0EEEvm
                0x0000000008000fb0       0x20 CMakeFiles/spiInterrupt.dir/spiInterrupt.cpp.obj
                0x0000000008000fb0                void SPIRegisters<unsigned long>::setControlRegister1Bit<(ControlRegister1Property)12, BidirectionalDataMode, (BidirectionalDataMode)0>(unsigned long)
 .text._ZN12SPIRegistersImE11setBaudRateIL15BaudRateControl0EEEvm
                0x0000000008000fd0       0x20 CMakeFiles/spiInterrupt.dir/spiInterrupt.cpp.obj
                0x0000000008000fd0                void SPIRegisters<unsigned long>::setBaudRate<(BaudRateControl)0>(unsigned long)
 .text._ZN12SPIRegistersImE22setControlRegister1BitIL24ControlRegister1Property8E15DataFrameFormatLS3_0EEEvm
                0x0000000008000ff0       0x20 CMakeFiles/spiInterrupt.dir/spiInterrupt.cpp.obj
                0x0000000008000ff0                void SPIRegisters<unsigned long>::setControlRegister1Bit<(ControlRegister1Property)8, DataFrameFormat, (DataFrameFormat)0>(unsigned long)
 .text._ZN12SPIRegistersImE22setControlRegister1BitIL24ControlRegister1Property0E10ClockPhaseLS3_0EEEvm
                0x0000000008001010       0x20 CMakeFiles/spiInterrupt.dir/spiInterrupt.cpp.obj
                0x0000000008001010                void SPIRegisters<unsigned long>::setControlRegister1Bit<(ControlRegister1Property)0, ClockPhase, (ClockPhase)0>(unsigned long)
 .text._ZN12SPIRegistersImE22setControlRegister1BitIL24ControlRegister1Property1E13ClockPolarityLS3_0EEEvm
                0x0000000008001030       0x20 CMakeFiles/spiInterrupt.dir/spiInterrupt.cpp.obj
                0x0000000008001030                void SPIRegisters<unsigned long>::setControlRegister1Bit<(ControlRegister1Property)1, ClockPolarity, (ClockPolarity)0>(unsigned long)
 .text._ZN12SPIRegistersImE22setControlRegister1BitIL24ControlRegister1Property6E19SoftwareSlaveSelectLS3_1EEEvm
                0x0000000008001050       0x20 CMakeFiles/spiInterrupt.dir/spiInterrupt.cpp.obj
                0x0000000008001050                void SPIRegisters<unsigned long>::setControlRegister1Bit<(ControlRegister1Property)6, SoftwareSlaveSelect, (SoftwareSlaveSelect)1>(unsigned long)
 .text._ZNKSt5arrayISt4pairI9SPINumbermELj3EE5beginEv
                0x0000000008001070       0x18 CMakeFiles/spiInterrupt.dir/spiInterrupt.cpp.obj
                0x0000000008001070                std::array<std::pair<SPINumber, unsigned long>, 3u>::begin() const
 .text._ZSt7find_ifIPKSt4pairI9SPINumbermEZNK9StaticMapIS1_mLj3EE2atERKS1_EUlRKT_E_ES9_S9_S9_T0_
                0x0000000008001088       0x28 CMakeFiles/spiInterrupt.dir/spiInterrupt.cpp.obj
                0x0000000008001088                std::pair<SPINumber, unsigned long> const* std::find_if<std::pair<SPINumber, unsigned long> const*, StaticMap<SPINumber, unsigned long, 3u>::at(SPINumber const&) const::{lambda(auto:1 const&)#1}>(std::pair<SPINumber, unsigned long> const*, std::pair<SPINumber, unsigned long> const*, StaticMap<SPINumber, unsigned long, 3u>::at(SPINumber const&) const::{lambda(auto:1 const&)#1})
 .text._ZNSt14__array_traitsISt4pairI9SPINumbermELj3EE6_S_ptrERA3_KS2_
                0x00000000080010b0       0x14 CMakeFiles/spiInterrupt.dir/spiInterrupt.cpp.obj
                0x00000000080010b0                std::__array_traits<std::pair<SPINumber, unsigned long>, 3u>::_S_ptr(std::pair<SPINumber, unsigned long> const (&) [3])
 .text._ZNKSt5arrayISt4pairI9SPINumbermELj3EE4dataEv
                0x00000000080010c4       0x1a CMakeFiles/spiInterrupt.dir/spiInterrupt.cpp.obj
                0x00000000080010c4                std::array<std::pair<SPINumber, unsigned long>, 3u>::data() const
 .text._ZN12SPIRegistersImE5doSetILb1EEEvmm
                0x00000000080010de       0x1a CMakeFiles/spiInterrupt.dir/spiInterrupt.cpp.obj
                0x00000000080010de                void SPIRegisters<unsigned long>::doSet<true>(unsigned long, unsigned long)
 .text._ZN12SPIRegistersImE22setControlRegister1BitIL24ControlRegister1Property3EbLb1EEEvm
                0x00000000080010f8       0x20 CMakeFiles/spiInterrupt.dir/spiInterrupt.cpp.obj
                0x00000000080010f8                void SPIRegisters<unsigned long>::setControlRegister1Bit<(ControlRegister1Property)3, bool, true>(unsigned long)
 .text._ZN12SPIRegistersImE21isTransmitBufferEmptyEm
                0x0000000008001118       0x22 CMakeFiles/spiInterrupt.dir/spiInterrupt.cpp.obj
                0x0000000008001118                SPIRegisters<unsigned long>::isTransmitBufferEmpty(unsigned long)
 .text._ZN12SPIRegistersImE5doSetILb0EEEvmm
                0x000000000800113a       0x1a CMakeFiles/spiInterrupt.dir/spiInterrupt.cpp.obj
                0x000000000800113a                void SPIRegisters<unsigned long>::doSet<false>(unsigned long, unsigned long)
 .text._ZN14RegisterAccessImhE6regSetEmh
                0x0000000008001154       0x20 CMakeFiles/spiInterrupt.dir/spiInterrupt.cpp.obj
                0x0000000008001154                RegisterAccess<unsigned long, unsigned char>::regSet(unsigned long, unsigned char)
 .text._ZN14RegisterAccessImtE6regSetEmt
                0x0000000008001174       0x20 CMakeFiles/spiInterrupt.dir/spiInterrupt.cpp.obj
                0x0000000008001174                RegisterAccess<unsigned long, unsigned short>::regSet(unsigned long, unsigned short)
 .text._ZN12RCCRegistersImE19setPeripheralOnAHB1IL14PeripheralAHB11ELb1EEEvm
                0x0000000008001194       0x20 CMakeFiles/spiInterrupt.dir/spiInterrupt.cpp.obj
                0x0000000008001194                void RCCRegisters<unsigned long>::setPeripheralOnAHB1<(PeripheralAHB1)1, true>(unsigned long)
 .text._ZN12RCCRegistersImE19setPeripheralOnAPB1IL14PeripheralAPB13ELb1EEEvm
                0x00000000080011b4       0x20 CMakeFiles/spiInterrupt.dir/spiInterrupt.cpp.obj
                0x00000000080011b4                void RCCRegisters<unsigned long>::setPeripheralOnAPB1<(PeripheralAPB1)3, true>(unsigned long)
 .text._ZN12RCCRegistersImE19setPeripheralOnAPB2IL14PeripheralAPB21ELb1EEEvm
                0x00000000080011d4       0x20 CMakeFiles/spiInterrupt.dir/spiInterrupt.cpp.obj
                0x00000000080011d4                void RCCRegisters<unsigned long>::setPeripheralOnAPB2<(PeripheralAPB2)1, true>(unsigned long)
 .text._ZN9__gnu_cxx5__ops11__pred_iterIZNK9StaticMapI9SPINumbermLj3EE2atERKS3_EUlRKT_E_EENS0_10_Iter_predIS7_EES7_
                0x00000000080011f4       0x28 CMakeFiles/spiInterrupt.dir/spiInterrupt.cpp.obj
                0x00000000080011f4                __gnu_cxx::__ops::_Iter_pred<StaticMap<SPINumber, unsigned long, 3u>::at(SPINumber const&) const::{lambda(auto:1 const&)#1}> __gnu_cxx::__ops::__pred_iter<StaticMap<SPINumber, unsigned long, 3u>::at(SPINumber const&) const::{lambda(auto:1 const&)#1}>(StaticMap<SPINumber, unsigned long, 3u>::at(SPINumber const&) const::{lambda(auto:1 const&)#1})
 .text._ZSt9__find_ifIPKSt4pairI9SPINumbermEN9__gnu_cxx5__ops10_Iter_predIZNK9StaticMapIS1_mLj3EE2atERKS1_EUlRKT_E_EEESC_SC_SC_T0_
                0x000000000800121c       0x2e CMakeFiles/spiInterrupt.dir/spiInterrupt.cpp.obj
                0x000000000800121c                std::pair<SPINumber, unsigned long> const* std::__find_if<std::pair<SPINumber, unsigned long> const*, __gnu_cxx::__ops::_Iter_pred<StaticMap<SPINumber, unsigned long, 3u>::at(SPINumber const&) const::{lambda(auto:1 const&)#1}> >(std::pair<SPINumber, unsigned long> const*, std::pair<SPINumber, unsigned long> const*, __gnu_cxx::__ops::_Iter_pred<StaticMap<SPINumber, unsigned long, 3u>::at(SPINumber const&) const::{lambda(auto:1 const&)#1}>)
 .text._ZN14RegisterAccessImhE6memoryEm
                0x000000000800124a       0x14 CMakeFiles/spiInterrupt.dir/spiInterrupt.cpp.obj
                0x000000000800124a                RegisterAccess<unsigned long, unsigned char>::memory(unsigned long)
 .text._ZN14RegisterAccessImtE6memoryEm
                0x000000000800125e       0x14 CMakeFiles/spiInterrupt.dir/spiInterrupt.cpp.obj
                0x000000000800125e                RegisterAccess<unsigned long, unsigned short>::memory(unsigned long)
 .text._ZN12RCCRegistersImE5doSetILb1EEEvmm
                0x0000000008001272       0x1a CMakeFiles/spiInterrupt.dir/spiInterrupt.cpp.obj
                0x0000000008001272                void RCCRegisters<unsigned long>::doSet<true>(unsigned long, unsigned long)
 .text._ZSt4moveIRZNK9StaticMapI9SPINumbermLj3EE2atERKS1_EUlRKT_E_EONSt16remove_referenceIS5_E4typeEOS5_
                0x000000000800128c       0x14 CMakeFiles/spiInterrupt.dir/spiInterrupt.cpp.obj
                0x000000000800128c                std::remove_reference<StaticMap<SPINumber, unsigned long, 3u>::at(SPINumber const&) const::{lambda(auto:1 const&)#1}&>::type&& std::move<StaticMap<SPINumber, unsigned long, 3u>::at(SPINumber const&) const::{lambda(auto:1 const&)#1}&>(StaticMap<SPINumber, unsigned long, 3u>::at(SPINumber const&) const::{lambda(auto:1 const&)#1}&)
 .text._ZN9__gnu_cxx5__ops10_Iter_predIZNK9StaticMapI9SPINumbermLj3EE2atERKS3_EUlRKT_E_EC2ESA_
                0x00000000080012a0       0x24 CMakeFiles/spiInterrupt.dir/spiInterrupt.cpp.obj
                0x00000000080012a0                __gnu_cxx::__ops::_Iter_pred<StaticMap<SPINumber, unsigned long, 3u>::at(SPINumber const&) const::{lambda(auto:1 const&)#1}>::_Iter_pred(StaticMap<SPINumber, unsigned long, 3u>::at(SPINumber const&) const::{lambda(auto:1 const&)#1})
                0x00000000080012a0                __gnu_cxx::__ops::_Iter_pred<StaticMap<SPINumber, unsigned long, 3u>::at(SPINumber const&) const::{lambda(auto:1 const&)#1}>::_Iter_pred(StaticMap<SPINumber, unsigned long, 3u>::at(SPINumber const&) const::{lambda(auto:1 const&)#1})
 .text._ZSt19__iterator_categoryIPKSt4pairI9SPINumbermEENSt15iterator_traitsIT_E17iterator_categoryERKS6_
                0x00000000080012c4       0x12 CMakeFiles/spiInterrupt.dir/spiInterrupt.cpp.obj
                0x00000000080012c4                std::iterator_traits<std::pair<SPINumber, unsigned long> const*>::iterator_category std::__iterator_category<std::pair<SPINumber, unsigned long> const*>(std::pair<SPINumber, unsigned long> const* const&)
 .text._ZZNK9StaticMapI9SPINumbermLj3EE2atERKS0_ENKUlRKT_E_clISt4pairIS0_mEEEDaS6_
                0x00000000080012d6       0x28 CMakeFiles/spiInterrupt.dir/spiInterrupt.cpp.obj
                0x00000000080012d6                auto StaticMap<SPINumber, unsigned long, 3u>::at(SPINumber const&) const::{lambda(auto:1 const&)#1}::operator()<std::pair<SPINumber, unsigned long> >(std::pair<SPINumber, unsigned long> const&) const
 .text._ZN9__gnu_cxx5__ops10_Iter_predIZNK9StaticMapI9SPINumbermLj3EE2atERKS3_EUlRKT_E_EclIPKSt4pairIS3_mEEEbS7_
                0x00000000080012fe       0x1e CMakeFiles/spiInterrupt.dir/spiInterrupt.cpp.obj
                0x00000000080012fe                bool __gnu_cxx::__ops::_Iter_pred<StaticMap<SPINumber, unsigned long, 3u>::at(SPINumber const&) const::{lambda(auto:1 const&)#1}>::operator()<std::pair<SPINumber, unsigned long> const*>(std::pair<SPINumber, unsigned long> const*)
 .text._ZSt9__find_ifIPKSt4pairI9SPINumbermEN9__gnu_cxx5__ops10_Iter_predIZNK9StaticMapIS1_mLj3EE2atERKS1_EUlRKT_E_EEESC_SC_SC_T0_St26random_access_iterator_tag
                0x000000000800131c      0x102 CMakeFiles/spiInterrupt.dir/spiInterrupt.cpp.obj
                0x000000000800131c                std::pair<SPINumber, unsigned long> const* std::__find_if<std::pair<SPINumber, unsigned long> const*, __gnu_cxx::__ops::_Iter_pred<StaticMap<SPINumber, unsigned long, 3u>::at(SPINumber const&) const::{lambda(auto:1 const&)#1}> >(std::pair<SPINumber, unsigned long> const*, std::pair<SPINumber, unsigned long> const*, __gnu_cxx::__ops::_Iter_pred<StaticMap<SPINumber, unsigned long, 3u>::at(SPINumber const&) const::{lambda(auto:1 const&)#1}>, std::random_access_iterator_tag)
 .text._ZSt21is_constant_evaluatedv
                0x000000000800141e        0xe CMakeFiles/spiInterrupt.dir/__/__/targetSpecific/startup.cpp.obj
                0x000000000800141e                std::is_constant_evaluated()
 .text._ZSt4copyIPmS0_ET0_T_S2_S1_
                0x000000000800142c       0x30 CMakeFiles/spiInterrupt.dir/__/__/targetSpecific/startup.cpp.obj
                0x000000000800142c                unsigned long* std::copy<unsigned long*, unsigned long*>(unsigned long*, unsigned long*, unsigned long*)
 .text._ZSt12__miter_baseIPmET_S1_
                0x000000000800145c       0x14 CMakeFiles/spiInterrupt.dir/__/__/targetSpecific/startup.cpp.obj
                0x000000000800145c                unsigned long* std::__miter_base<unsigned long*>(unsigned long*)
 .text._ZSt13__copy_move_aILb0EPmS0_ET1_T0_S2_S1_
                0x0000000008001470       0x46 CMakeFiles/spiInterrupt.dir/__/__/targetSpecific/startup.cpp.obj
                0x0000000008001470                unsigned long* std::__copy_move_a<false, unsigned long*, unsigned long*>(unsigned long*, unsigned long*, unsigned long*)
 .text._ZSt4fillIPmmEvT_S1_RKT0_
                0x00000000080014b6       0x1e CMakeFiles/spiInterrupt.dir/__/__/targetSpecific/startup.cpp.obj
                0x00000000080014b6                void std::fill<unsigned long*, unsigned long>(unsigned long*, unsigned long*, unsigned long const&)
 .text._ZSt12__niter_baseIPmET_S1_
                0x00000000080014d4       0x14 CMakeFiles/spiInterrupt.dir/__/__/targetSpecific/startup.cpp.obj
                0x00000000080014d4                unsigned long* std::__niter_base<unsigned long*>(unsigned long*)
 .text._ZSt14__copy_move_a1ILb0EPmS0_ET1_T0_S2_S1_
                0x00000000080014e8       0x20 CMakeFiles/spiInterrupt.dir/__/__/targetSpecific/startup.cpp.obj
                0x00000000080014e8                unsigned long* std::__copy_move_a1<false, unsigned long*, unsigned long*>(unsigned long*, unsigned long*, unsigned long*)
 .text._ZSt12__niter_wrapIPmET_RKS1_S1_
                0x0000000008001508       0x16 CMakeFiles/spiInterrupt.dir/__/__/targetSpecific/startup.cpp.obj
                0x0000000008001508                unsigned long* std::__niter_wrap<unsigned long*>(unsigned long* const&, unsigned long*)
 .text._ZSt8__fill_aIPmmEvT_S1_RKT0_
                0x000000000800151e       0x1e CMakeFiles/spiInterrupt.dir/__/__/targetSpecific/startup.cpp.obj
                0x000000000800151e                void std::__fill_a<unsigned long*, unsigned long>(unsigned long*, unsigned long*, unsigned long const&)
 .text._ZSt14__copy_move_a2ILb0EPmS0_ET1_T0_S2_S1_
                0x000000000800153c       0x3a CMakeFiles/spiInterrupt.dir/__/__/targetSpecific/startup.cpp.obj
                0x000000000800153c                unsigned long* std::__copy_move_a2<false, unsigned long*, unsigned long*>(unsigned long*, unsigned long*, unsigned long*)
 .text._ZSt9__fill_a1IPmmEN9__gnu_cxx11__enable_ifIXsrSt11__is_scalarIT0_E7__valueEvE6__typeET_S8_RKS4_
                0x0000000008001576       0x32 CMakeFiles/spiInterrupt.dir/__/__/targetSpecific/startup.cpp.obj
                0x0000000008001576                __gnu_cxx::__enable_if<std::__is_scalar<unsigned long>::__value, void>::__type std::__fill_a1<unsigned long*, unsigned long>(unsigned long*, unsigned long*, unsigned long const&)
 .text._ZNSt11__copy_moveILb0ELb0ESt26random_access_iterator_tagE8__copy_mIPmS3_EET0_T_S5_S4_
                0x00000000080015a8       0x44 CMakeFiles/spiInterrupt.dir/__/__/targetSpecific/startup.cpp.obj
                0x00000000080015a8                unsigned long* std::__copy_move<false, false, std::random_access_iterator_tag>::__copy_m<unsigned long*, unsigned long*>(unsigned long*, unsigned long*, unsigned long*)
 .text._ZNSt11__copy_moveILb0ELb1ESt26random_access_iterator_tagE8__copy_mImEEPT_PKS3_S6_S4_
                0x00000000080015ec       0x3a CMakeFiles/spiInterrupt.dir/__/__/targetSpecific/startup.cpp.obj
                0x00000000080015ec                unsigned long* std::__copy_move<false, true, std::random_access_iterator_tag>::__copy_m<unsigned long>(unsigned long const*, unsigned long const*, unsigned long*)
 *fill*         0x0000000008001626        0x2 
 .text.startup  0x0000000008001628       0x14 /usr/lib/gcc/arm-none-eabi/10.3.1/../../../arm-none-eabi/lib/thumb/v7e-m/nofp/libg.a(lib_a-__call_atexit.o)
 *(.init)
 .init          0x000000000800163c        0x4 /usr/lib/gcc/arm-none-eabi/10.3.1/thumb/v7e-m/nofp/crti.o
                0x000000000800163c                _init
 .init          0x0000000008001640        0x8 /usr/lib/gcc/arm-none-eabi/10.3.1/thumb/v7e-m/nofp/crtn.o
 *(.fini)
 .fini          0x0000000008001648        0x4 /usr/lib/gcc/arm-none-eabi/10.3.1/thumb/v7e-m/nofp/crti.o
                0x0000000008001648                _fini
 .fini          0x000000000800164c        0x8 /usr/lib/gcc/arm-none-eabi/10.3.1/thumb/v7e-m/nofp/crtn.o
 *(.rodata)
 .rodata        0x0000000008001654       0x24 /usr/lib/gcc/arm-none-eabi/10.3.1/thumb/v7e-m/nofp/crtbegin.o
 .rodata        0x0000000008001678       0x29 CMakeFiles/spiInterrupt.dir/spiInterrupt.cpp.obj
 *fill*         0x00000000080016a1        0x3 
 .rodata        0x00000000080016a4       0x24 CMakeFiles/spiInterrupt.dir/__/__/targetSpecific/startup.cpp.obj
 .rodata        0x00000000080016c8        0x4 /usr/lib/gcc/arm-none-eabi/10.3.1/../../../arm-none-eabi/lib/thumb/v7e-m/nofp/libg.a(lib_a-impure.o)
                0x00000000080016c8                _global_impure_ptr
 .rodata        0x00000000080016cc       0x24 /usr/lib/gcc/arm-none-eabi/10.3.1/thumb/v7e-m/nofp/crtend.o
 *(.rodata.*)
 .rodata._ZN3SPIIL9SPINumber1EE22spiNumberToBaseAddressE
                0x00000000080016f0       0x18 CMakeFiles/spiInterrupt.dir/spiInterrupt.cpp.obj
                0x00000000080016f0                SPI<(SPINumber)1>::spiNumberToBaseAddress
                0x0000000008001708                . = ALIGN (0x4)
                0x0000000008001708                end_of_text = .
                0x0000000008001714                load_address_of_data = LOADADDR (.data)

.glue_7         0x0000000008001708        0x0
 .glue_7        0x0000000008001708        0x0 linker stubs

.glue_7t        0x0000000008001708        0x0
 .glue_7t       0x0000000008001708        0x0 linker stubs

.vfp11_veneer   0x0000000008001708        0x0
 .vfp11_veneer  0x0000000008001708        0x0 linker stubs

.v4_bx          0x0000000008001708        0x0
 .v4_bx         0x0000000008001708        0x0 linker stubs

.iplt           0x0000000008001708        0x0
 .iplt          0x0000000008001708        0x0 /usr/lib/gcc/arm-none-eabi/10.3.1/thumb/v7e-m/nofp/crtbegin.o

.eh_frame       0x0000000008001708        0x4
 .eh_frame      0x0000000008001708        0x0 /usr/lib/gcc/arm-none-eabi/10.3.1/thumb/v7e-m/nofp/crtbegin.o
 .eh_frame      0x0000000008001708        0x4 /usr/lib/gcc/arm-none-eabi/10.3.1/thumb/v7e-m/nofp/crtend.o

.ARM.extab      0x000000000800170c        0x0
 .ARM.extab     0x000000000800170c        0x0 /usr/lib/gcc/arm-none-eabi/10.3.1/../../../arm-none-eabi/lib/thumb/v7e-m/nofp/crt0.o

.ARM.exidx      0x000000000800170c        0x8
 .ARM.exidx     0x000000000800170c        0x8 /usr/lib/gcc/arm-none-eabi/10.3.1/../../../arm-none-eabi/lib/thumb/v7e-m/nofp/crt0.o
                                         0x10 (size before relaxing)

.rel.dyn        0x0000000008001714        0x0
 .rel.iplt      0x0000000008001714        0x0 /usr/lib/gcc/arm-none-eabi/10.3.1/thumb/v7e-m/nofp/crtbegin.o

.data           0x0000000020000000      0x438 load address 0x0000000008001714
                0x0000000020000000                start_of_data = .
 *(.data)
 .data          0x0000000020000000        0x0 /usr/lib/gcc/arm-none-eabi/10.3.1/thumb/v7e-m/nofp/crti.o
 .data          0x0000000020000000        0x4 /usr/lib/gcc/arm-none-eabi/10.3.1/thumb/v7e-m/nofp/crtbegin.o
                0x0000000020000000                __dso_handle
 .data          0x0000000020000004        0x0 /usr/lib/gcc/arm-none-eabi/10.3.1/../../../arm-none-eabi/lib/thumb/v7e-m/nofp/crt0.o
 .data          0x0000000020000004        0x0 CMakeFiles/spiInterrupt.dir/spiInterrupt.cpp.obj
 .data          0x0000000020000004        0x0 CMakeFiles/spiInterrupt.dir/__/__/targetSpecific/startup.cpp.obj
 .data          0x0000000020000004        0x0 /usr/lib/gcc/arm-none-eabi/10.3.1/../../../arm-none-eabi/lib/thumb/v7e-m/nofp/libg.a(lib_a-atexit.o)
 .data          0x0000000020000004        0x0 /usr/lib/gcc/arm-none-eabi/10.3.1/../../../arm-none-eabi/lib/thumb/v7e-m/nofp/libg.a(lib_a-exit.o)
 .data          0x0000000020000004        0x0 /usr/lib/gcc/arm-none-eabi/10.3.1/../../../arm-none-eabi/lib/thumb/v7e-m/nofp/libg.a(lib_a-fini.o)
 *fill*         0x0000000020000004        0x4 
 .data          0x0000000020000008      0x430 /usr/lib/gcc/arm-none-eabi/10.3.1/../../../arm-none-eabi/lib/thumb/v7e-m/nofp/libg.a(lib_a-impure.o)
                0x0000000020000008                _impure_ptr
 .data          0x0000000020000438        0x0 /usr/lib/gcc/arm-none-eabi/10.3.1/../../../arm-none-eabi/lib/thumb/v7e-m/nofp/libg.a(lib_a-init.o)
 .data          0x0000000020000438        0x0 /usr/lib/gcc/arm-none-eabi/10.3.1/../../../arm-none-eabi/lib/thumb/v7e-m/nofp/libg.a(lib_a-memmove.o)
 .data          0x0000000020000438        0x0 /usr/lib/gcc/arm-none-eabi/10.3.1/../../../arm-none-eabi/lib/thumb/v7e-m/nofp/libg.a(lib_a-memset.o)
 .data          0x0000000020000438        0x0 /usr/lib/gcc/arm-none-eabi/10.3.1/../../../arm-none-eabi/lib/thumb/v7e-m/nofp/libg.a(lib_a-__atexit.o)
 .data          0x0000000020000438        0x0 /usr/lib/gcc/arm-none-eabi/10.3.1/../../../arm-none-eabi/lib/thumb/v7e-m/nofp/libg.a(lib_a-__call_atexit.o)
 .data          0x0000000020000438        0x0 /usr/lib/gcc/arm-none-eabi/10.3.1/../../../arm-none-eabi/lib/thumb/v7e-m/nofp/libnosys.a(_exit.o)
 .data          0x0000000020000438        0x0 /usr/lib/gcc/arm-none-eabi/10.3.1/thumb/v7e-m/nofp/crtend.o
 .data          0x0000000020000438        0x0 /usr/lib/gcc/arm-none-eabi/10.3.1/thumb/v7e-m/nofp/crtn.o
 *(.data.*)
                0x0000000020000438                . = ALIGN (0x4)
                0x0000000020000438                end_of_data = .

.fini_array     0x0000000020000438        0x4 load address 0x0000000008001b4c
 .fini_array    0x0000000020000438        0x4 /usr/lib/gcc/arm-none-eabi/10.3.1/thumb/v7e-m/nofp/crtbegin.o

.tm_clone_table
                0x000000002000043c        0x0 load address 0x0000000008001b50
 .tm_clone_table
                0x000000002000043c        0x0 /usr/lib/gcc/arm-none-eabi/10.3.1/thumb/v7e-m/nofp/crtbegin.o
 .tm_clone_table
                0x000000002000043c        0x0 /usr/lib/gcc/arm-none-eabi/10.3.1/thumb/v7e-m/nofp/crtend.o

.igot.plt       0x000000002000043c        0x0 load address 0x0000000008001b50
 .igot.plt      0x000000002000043c        0x0 /usr/lib/gcc/arm-none-eabi/10.3.1/thumb/v7e-m/nofp/crtbegin.o

.bss            0x000000002000043c       0x2c load address 0x0000000008001b50
                0x000000002000043c                start_of_bss = .
                0x000000002000043c                __bss_start__ = start_of_bss
 *(.bss)
 .bss           0x000000002000043c        0x0 /usr/lib/gcc/arm-none-eabi/10.3.1/thumb/v7e-m/nofp/crti.o
 .bss           0x000000002000043c       0x1c /usr/lib/gcc/arm-none-eabi/10.3.1/thumb/v7e-m/nofp/crtbegin.o
 .bss           0x0000000020000458        0x0 /usr/lib/gcc/arm-none-eabi/10.3.1/../../../arm-none-eabi/lib/thumb/v7e-m/nofp/crt0.o
 .bss           0x0000000020000458        0x0 CMakeFiles/spiInterrupt.dir/spiInterrupt.cpp.obj
 .bss           0x0000000020000458        0x0 CMakeFiles/spiInterrupt.dir/__/__/targetSpecific/startup.cpp.obj
 .bss           0x0000000020000458        0x0 /usr/lib/gcc/arm-none-eabi/10.3.1/../../../arm-none-eabi/lib/thumb/v7e-m/nofp/libg.a(lib_a-atexit.o)
 .bss           0x0000000020000458        0x0 /usr/lib/gcc/arm-none-eabi/10.3.1/../../../arm-none-eabi/lib/thumb/v7e-m/nofp/libg.a(lib_a-exit.o)
 .bss           0x0000000020000458        0x0 /usr/lib/gcc/arm-none-eabi/10.3.1/../../../arm-none-eabi/lib/thumb/v7e-m/nofp/libg.a(lib_a-fini.o)
 .bss           0x0000000020000458        0x0 /usr/lib/gcc/arm-none-eabi/10.3.1/../../../arm-none-eabi/lib/thumb/v7e-m/nofp/libg.a(lib_a-impure.o)
 .bss           0x0000000020000458        0x0 /usr/lib/gcc/arm-none-eabi/10.3.1/../../../arm-none-eabi/lib/thumb/v7e-m/nofp/libg.a(lib_a-init.o)
 .bss           0x0000000020000458        0x0 /usr/lib/gcc/arm-none-eabi/10.3.1/../../../arm-none-eabi/lib/thumb/v7e-m/nofp/libg.a(lib_a-memmove.o)
 .bss           0x0000000020000458        0x0 /usr/lib/gcc/arm-none-eabi/10.3.1/../../../arm-none-eabi/lib/thumb/v7e-m/nofp/libg.a(lib_a-memset.o)
 .bss           0x0000000020000458        0x0 /usr/lib/gcc/arm-none-eabi/10.3.1/../../../arm-none-eabi/lib/thumb/v7e-m/nofp/libg.a(lib_a-__atexit.o)
 .bss           0x0000000020000458        0x0 /usr/lib/gcc/arm-none-eabi/10.3.1/../../../arm-none-eabi/lib/thumb/v7e-m/nofp/libg.a(lib_a-__call_atexit.o)
 .bss           0x0000000020000458        0x0 /usr/lib/gcc/arm-none-eabi/10.3.1/../../../arm-none-eabi/lib/thumb/v7e-m/nofp/libnosys.a(_exit.o)
 .bss           0x0000000020000458        0x0 /usr/lib/gcc/arm-none-eabi/10.3.1/thumb/v7e-m/nofp/crtend.o
 .bss           0x0000000020000458        0x0 /usr/lib/gcc/arm-none-eabi/10.3.1/thumb/v7e-m/nofp/crtn.o
 *(.bss.*)
 .bss._ZN3SPIIL9SPINumber1EE10sizeOfDataE
                0x0000000020000458        0x4 CMakeFiles/spiInterrupt.dir/spiInterrupt.cpp.obj
                0x0000000020000458                SPI<(SPINumber)1>::sizeOfData
 .bss._ZN3SPIIL9SPINumber1EE9idxOfDataE
                0x000000002000045c        0x4 CMakeFiles/spiInterrupt.dir/spiInterrupt.cpp.obj
                0x000000002000045c                SPI<(SPINumber)1>::idxOfData
 .bss._ZN3SPIIL9SPINumber1EE8data8bitE
                0x0000000020000460        0x4 CMakeFiles/spiInterrupt.dir/spiInterrupt.cpp.obj
                0x0000000020000460                SPI<(SPINumber)1>::data8bit
 .bss._ZN3SPIIL9SPINumber1EE9data16bitE
                0x0000000020000464        0x4 CMakeFiles/spiInterrupt.dir/spiInterrupt.cpp.obj
                0x0000000020000464                SPI<(SPINumber)1>::data16bit
 *(.COMMON)
                0x0000000020000468                . = ALIGN (0x4)
                0x0000000020000468                end_of_bss = .
                0x0000000020000468                __bss_end__ = end_of_bss
                0x0000000020000468                . = ALIGN (0x4)
                0x0000000020000468                end = .
                0x0000000020000468                __end__ = .
OUTPUT(spiInterrupt.elf elf32-littlearm)
LOAD linker stubs

.ARM.attributes
                0x0000000000000000       0x2a
 .ARM.attributes
                0x0000000000000000       0x1e /usr/lib/gcc/arm-none-eabi/10.3.1/thumb/v7e-m/nofp/crti.o
 .ARM.attributes
                0x000000000000001e       0x2e /usr/lib/gcc/arm-none-eabi/10.3.1/thumb/v7e-m/nofp/crtbegin.o
 .ARM.attributes
                0x000000000000004c       0x1c /usr/lib/gcc/arm-none-eabi/10.3.1/../../../arm-none-eabi/lib/thumb/v7e-m/nofp/crt0.o
 .ARM.attributes
                0x0000000000000068       0x2e CMakeFiles/spiInterrupt.dir/spiInterrupt.cpp.obj
 .ARM.attributes
                0x0000000000000096       0x2e CMakeFiles/spiInterrupt.dir/__/__/targetSpecific/startup.cpp.obj
 .ARM.attributes
                0x00000000000000c4       0x2e /usr/lib/gcc/arm-none-eabi/10.3.1/../../../arm-none-eabi/lib/thumb/v7e-m/nofp/libg.a(lib_a-atexit.o)
 .ARM.attributes
                0x00000000000000f2       0x2e /usr/lib/gcc/arm-none-eabi/10.3.1/../../../arm-none-eabi/lib/thumb/v7e-m/nofp/libg.a(lib_a-exit.o)
 .ARM.attributes
                0x0000000000000120       0x2e /usr/lib/gcc/arm-none-eabi/10.3.1/../../../arm-none-eabi/lib/thumb/v7e-m/nofp/libg.a(lib_a-fini.o)
 .ARM.attributes
                0x000000000000014e       0x2e /usr/lib/gcc/arm-none-eabi/10.3.1/../../../arm-none-eabi/lib/thumb/v7e-m/nofp/libg.a(lib_a-impure.o)
 .ARM.attributes
                0x000000000000017c       0x2e /usr/lib/gcc/arm-none-eabi/10.3.1/../../../arm-none-eabi/lib/thumb/v7e-m/nofp/libg.a(lib_a-init.o)
 .ARM.attributes
                0x00000000000001aa       0x2e /usr/lib/gcc/arm-none-eabi/10.3.1/../../../arm-none-eabi/lib/thumb/v7e-m/nofp/libg.a(lib_a-memmove.o)
 .ARM.attributes
                0x00000000000001d8       0x2e /usr/lib/gcc/arm-none-eabi/10.3.1/../../../arm-none-eabi/lib/thumb/v7e-m/nofp/libg.a(lib_a-memset.o)
 .ARM.attributes
                0x0000000000000206       0x2e /usr/lib/gcc/arm-none-eabi/10.3.1/../../../arm-none-eabi/lib/thumb/v7e-m/nofp/libg.a(lib_a-__atexit.o)
 .ARM.attributes
                0x0000000000000234       0x2e /usr/lib/gcc/arm-none-eabi/10.3.1/../../../arm-none-eabi/lib/thumb/v7e-m/nofp/libg.a(lib_a-__call_atexit.o)
 .ARM.attributes
                0x0000000000000262       0x2e /usr/lib/gcc/arm-none-eabi/10.3.1/../../../arm-none-eabi/lib/thumb/v7e-m/nofp/libnosys.a(_exit.o)
 .ARM.attributes
                0x0000000000000290       0x2e /usr/lib/gcc/arm-none-eabi/10.3.1/thumb/v7e-m/nofp/crtend.o
 .ARM.attributes
                0x00000000000002be       0x1e /usr/lib/gcc/arm-none-eabi/10.3.1/thumb/v7e-m/nofp/crtn.o

.comment        0x0000000000000000       0x33
 .comment       0x0000000000000000       0x33 /usr/lib/gcc/arm-none-eabi/10.3.1/thumb/v7e-m/nofp/crtbegin.o
                                         0x34 (size before relaxing)
 .comment       0x0000000000000033       0x34 CMakeFiles/spiInterrupt.dir/spiInterrupt.cpp.obj
 .comment       0x0000000000000033       0x34 CMakeFiles/spiInterrupt.dir/__/__/targetSpecific/startup.cpp.obj
 .comment       0x0000000000000033       0x34 /usr/lib/gcc/arm-none-eabi/10.3.1/../../../arm-none-eabi/lib/thumb/v7e-m/nofp/libg.a(lib_a-atexit.o)
 .comment       0x0000000000000033       0x34 /usr/lib/gcc/arm-none-eabi/10.3.1/../../../arm-none-eabi/lib/thumb/v7e-m/nofp/libg.a(lib_a-exit.o)
 .comment       0x0000000000000033       0x34 /usr/lib/gcc/arm-none-eabi/10.3.1/../../../arm-none-eabi/lib/thumb/v7e-m/nofp/libg.a(lib_a-fini.o)
 .comment       0x0000000000000033       0x34 /usr/lib/gcc/arm-none-eabi/10.3.1/../../../arm-none-eabi/lib/thumb/v7e-m/nofp/libg.a(lib_a-impure.o)
 .comment       0x0000000000000033       0x34 /usr/lib/gcc/arm-none-eabi/10.3.1/../../../arm-none-eabi/lib/thumb/v7e-m/nofp/libg.a(lib_a-init.o)
 .comment       0x0000000000000033       0x34 /usr/lib/gcc/arm-none-eabi/10.3.1/../../../arm-none-eabi/lib/thumb/v7e-m/nofp/libg.a(lib_a-memmove.o)
 .comment       0x0000000000000033       0x34 /usr/lib/gcc/arm-none-eabi/10.3.1/../../../arm-none-eabi/lib/thumb/v7e-m/nofp/libg.a(lib_a-memset.o)
 .comment       0x0000000000000033       0x34 /usr/lib/gcc/arm-none-eabi/10.3.1/../../../arm-none-eabi/lib/thumb/v7e-m/nofp/libg.a(lib_a-__atexit.o)
 .comment       0x0000000000000033       0x34 /usr/lib/gcc/arm-none-eabi/10.3.1/../../../arm-none-eabi/lib/thumb/v7e-m/nofp/libg.a(lib_a-__call_atexit.o)
 .comment       0x0000000000000033       0x34 /usr/lib/gcc/arm-none-eabi/10.3.1/../../../arm-none-eabi/lib/thumb/v7e-m/nofp/libnosys.a(_exit.o)
 .comment       0x0000000000000033       0x34 /usr/lib/gcc/arm-none-eabi/10.3.1/thumb/v7e-m/nofp/crtend.o

.debug_line     0x0000000000000000     0x23f2
 .debug_line    0x0000000000000000       0x87 /usr/lib/gcc/arm-none-eabi/10.3.1/../../../arm-none-eabi/lib/thumb/v7e-m/nofp/crt0.o
 .debug_line    0x0000000000000087      0xfd3 CMakeFiles/spiInterrupt.dir/spiInterrupt.cpp.obj
 .debug_line    0x000000000000105a      0x602 CMakeFiles/spiInterrupt.dir/__/__/targetSpecific/startup.cpp.obj
 .debug_line    0x000000000000165c       0xc0 /usr/lib/gcc/arm-none-eabi/10.3.1/../../../arm-none-eabi/lib/thumb/v7e-m/nofp/libg.a(lib_a-atexit.o)
 .debug_line    0x000000000000171c      0x179 /usr/lib/gcc/arm-none-eabi/10.3.1/../../../arm-none-eabi/lib/thumb/v7e-m/nofp/libg.a(lib_a-exit.o)
 .debug_line    0x0000000000001895       0xed /usr/lib/gcc/arm-none-eabi/10.3.1/../../../arm-none-eabi/lib/thumb/v7e-m/nofp/libg.a(lib_a-fini.o)
 .debug_line    0x0000000000001982       0xe4 /usr/lib/gcc/arm-none-eabi/10.3.1/../../../arm-none-eabi/lib/thumb/v7e-m/nofp/libg.a(lib_a-impure.o)
 .debug_line    0x0000000000001a66      0x138 /usr/lib/gcc/arm-none-eabi/10.3.1/../../../arm-none-eabi/lib/thumb/v7e-m/nofp/libg.a(lib_a-init.o)
 .debug_line    0x0000000000001b9e      0x1ee /usr/lib/gcc/arm-none-eabi/10.3.1/../../../arm-none-eabi/lib/thumb/v7e-m/nofp/libg.a(lib_a-memmove.o)
 .debug_line    0x0000000000001d8c      0x1bf /usr/lib/gcc/arm-none-eabi/10.3.1/../../../arm-none-eabi/lib/thumb/v7e-m/nofp/libg.a(lib_a-memset.o)
 .debug_line    0x0000000000001f4b      0x19e /usr/lib/gcc/arm-none-eabi/10.3.1/../../../arm-none-eabi/lib/thumb/v7e-m/nofp/libg.a(lib_a-__atexit.o)
 .debug_line    0x00000000000020e9      0x294 /usr/lib/gcc/arm-none-eabi/10.3.1/../../../arm-none-eabi/lib/thumb/v7e-m/nofp/libg.a(lib_a-__call_atexit.o)
 .debug_line    0x000000000000237d       0x75 /usr/lib/gcc/arm-none-eabi/10.3.1/../../../arm-none-eabi/lib/thumb/v7e-m/nofp/libnosys.a(_exit.o)

.debug_info     0x0000000000000000    0x10e2a
 .debug_info    0x0000000000000000       0x26 /usr/lib/gcc/arm-none-eabi/10.3.1/../../../arm-none-eabi/lib/thumb/v7e-m/nofp/crt0.o
 .debug_info    0x0000000000000026     0xad49 CMakeFiles/spiInterrupt.dir/spiInterrupt.cpp.obj
 .debug_info    0x000000000000ad6f     0x33f3 CMakeFiles/spiInterrupt.dir/__/__/targetSpecific/startup.cpp.obj
 .debug_info    0x000000000000e162      0x100 /usr/lib/gcc/arm-none-eabi/10.3.1/../../../arm-none-eabi/lib/thumb/v7e-m/nofp/libg.a(lib_a-atexit.o)
 .debug_info    0x000000000000e262      0x969 /usr/lib/gcc/arm-none-eabi/10.3.1/../../../arm-none-eabi/lib/thumb/v7e-m/nofp/libg.a(lib_a-exit.o)
 .debug_info    0x000000000000ebcb      0x102 /usr/lib/gcc/arm-none-eabi/10.3.1/../../../arm-none-eabi/lib/thumb/v7e-m/nofp/libg.a(lib_a-fini.o)
 .debug_info    0x000000000000eccd      0x92a /usr/lib/gcc/arm-none-eabi/10.3.1/../../../arm-none-eabi/lib/thumb/v7e-m/nofp/libg.a(lib_a-impure.o)
 .debug_info    0x000000000000f5f7      0x11a /usr/lib/gcc/arm-none-eabi/10.3.1/../../../arm-none-eabi/lib/thumb/v7e-m/nofp/libg.a(lib_a-init.o)
 .debug_info    0x000000000000f711      0x152 /usr/lib/gcc/arm-none-eabi/10.3.1/../../../arm-none-eabi/lib/thumb/v7e-m/nofp/libg.a(lib_a-memmove.o)
 .debug_info    0x000000000000f863      0x137 /usr/lib/gcc/arm-none-eabi/10.3.1/../../../arm-none-eabi/lib/thumb/v7e-m/nofp/libg.a(lib_a-memset.o)
 .debug_info    0x000000000000f99a      0x9b0 /usr/lib/gcc/arm-none-eabi/10.3.1/../../../arm-none-eabi/lib/thumb/v7e-m/nofp/libg.a(lib_a-__atexit.o)
 .debug_info    0x000000000001034a      0xa3d /usr/lib/gcc/arm-none-eabi/10.3.1/../../../arm-none-eabi/lib/thumb/v7e-m/nofp/libg.a(lib_a-__call_atexit.o)
 .debug_info    0x0000000000010d87       0xa3 /usr/lib/gcc/arm-none-eabi/10.3.1/../../../arm-none-eabi/lib/thumb/v7e-m/nofp/libnosys.a(_exit.o)

.debug_abbrev   0x0000000000000000     0x1d2b
 .debug_abbrev  0x0000000000000000       0x14 /usr/lib/gcc/arm-none-eabi/10.3.1/../../../arm-none-eabi/lib/thumb/v7e-m/nofp/crt0.o
 .debug_abbrev  0x0000000000000014      0x949 CMakeFiles/spiInterrupt.dir/spiInterrupt.cpp.obj
 .debug_abbrev  0x000000000000095d      0x6e9 CMakeFiles/spiInterrupt.dir/__/__/targetSpecific/startup.cpp.obj
 .debug_abbrev  0x0000000000001046       0xb7 /usr/lib/gcc/arm-none-eabi/10.3.1/../../../arm-none-eabi/lib/thumb/v7e-m/nofp/libg.a(lib_a-atexit.o)
 .debug_abbrev  0x00000000000010fd      0x20c /usr/lib/gcc/arm-none-eabi/10.3.1/../../../arm-none-eabi/lib/thumb/v7e-m/nofp/libg.a(lib_a-exit.o)
 .debug_abbrev  0x0000000000001309       0xcf /usr/lib/gcc/arm-none-eabi/10.3.1/../../../arm-none-eabi/lib/thumb/v7e-m/nofp/libg.a(lib_a-fini.o)
 .debug_abbrev  0x00000000000013d8      0x1b8 /usr/lib/gcc/arm-none-eabi/10.3.1/../../../arm-none-eabi/lib/thumb/v7e-m/nofp/libg.a(lib_a-impure.o)
 .debug_abbrev  0x0000000000001590       0xcc /usr/lib/gcc/arm-none-eabi/10.3.1/../../../arm-none-eabi/lib/thumb/v7e-m/nofp/libg.a(lib_a-init.o)
 .debug_abbrev  0x000000000000165c       0xc0 /usr/lib/gcc/arm-none-eabi/10.3.1/../../../arm-none-eabi/lib/thumb/v7e-m/nofp/libg.a(lib_a-memmove.o)
 .debug_abbrev  0x000000000000171c       0xb4 /usr/lib/gcc/arm-none-eabi/10.3.1/../../../arm-none-eabi/lib/thumb/v7e-m/nofp/libg.a(lib_a-memset.o)
 .debug_abbrev  0x00000000000017d0      0x23f /usr/lib/gcc/arm-none-eabi/10.3.1/../../../arm-none-eabi/lib/thumb/v7e-m/nofp/libg.a(lib_a-__atexit.o)
 .debug_abbrev  0x0000000000001a0f      0x2b2 /usr/lib/gcc/arm-none-eabi/10.3.1/../../../arm-none-eabi/lib/thumb/v7e-m/nofp/libg.a(lib_a-__call_atexit.o)
 .debug_abbrev  0x0000000000001cc1       0x6a /usr/lib/gcc/arm-none-eabi/10.3.1/../../../arm-none-eabi/lib/thumb/v7e-m/nofp/libnosys.a(_exit.o)

.debug_aranges  0x0000000000000000      0x4a0
 .debug_aranges
                0x0000000000000000       0x20 /usr/lib/gcc/arm-none-eabi/10.3.1/../../../arm-none-eabi/lib/thumb/v7e-m/nofp/crt0.o
 .debug_aranges
                0x0000000000000020      0x2b8 CMakeFiles/spiInterrupt.dir/spiInterrupt.cpp.obj
 .debug_aranges
                0x00000000000002d8       0x88 CMakeFiles/spiInterrupt.dir/__/__/targetSpecific/startup.cpp.obj
 .debug_aranges
                0x0000000000000360       0x20 /usr/lib/gcc/arm-none-eabi/10.3.1/../../../arm-none-eabi/lib/thumb/v7e-m/nofp/libg.a(lib_a-atexit.o)
 .debug_aranges
                0x0000000000000380       0x20 /usr/lib/gcc/arm-none-eabi/10.3.1/../../../arm-none-eabi/lib/thumb/v7e-m/nofp/libg.a(lib_a-exit.o)
 .debug_aranges
                0x00000000000003a0       0x20 /usr/lib/gcc/arm-none-eabi/10.3.1/../../../arm-none-eabi/lib/thumb/v7e-m/nofp/libg.a(lib_a-fini.o)
 .debug_aranges
                0x00000000000003c0       0x18 /usr/lib/gcc/arm-none-eabi/10.3.1/../../../arm-none-eabi/lib/thumb/v7e-m/nofp/libg.a(lib_a-impure.o)
 .debug_aranges
                0x00000000000003d8       0x20 /usr/lib/gcc/arm-none-eabi/10.3.1/../../../arm-none-eabi/lib/thumb/v7e-m/nofp/libg.a(lib_a-init.o)
 .debug_aranges
                0x00000000000003f8       0x20 /usr/lib/gcc/arm-none-eabi/10.3.1/../../../arm-none-eabi/lib/thumb/v7e-m/nofp/libg.a(lib_a-memmove.o)
 .debug_aranges
                0x0000000000000418       0x20 /usr/lib/gcc/arm-none-eabi/10.3.1/../../../arm-none-eabi/lib/thumb/v7e-m/nofp/libg.a(lib_a-memset.o)
 .debug_aranges
                0x0000000000000438       0x20 /usr/lib/gcc/arm-none-eabi/10.3.1/../../../arm-none-eabi/lib/thumb/v7e-m/nofp/libg.a(lib_a-__atexit.o)
 .debug_aranges
                0x0000000000000458       0x28 /usr/lib/gcc/arm-none-eabi/10.3.1/../../../arm-none-eabi/lib/thumb/v7e-m/nofp/libg.a(lib_a-__call_atexit.o)
 .debug_aranges
                0x0000000000000480       0x20 /usr/lib/gcc/arm-none-eabi/10.3.1/../../../arm-none-eabi/lib/thumb/v7e-m/nofp/libnosys.a(_exit.o)

.debug_str      0x0000000000000000     0xf2bc
 .debug_str     0x0000000000000000       0x95 /usr/lib/gcc/arm-none-eabi/10.3.1/../../../arm-none-eabi/lib/thumb/v7e-m/nofp/crt0.o
 .debug_str     0x0000000000000095     0xe053 CMakeFiles/spiInterrupt.dir/spiInterrupt.cpp.obj
                                       0xe41b (size before relaxing)
 .debug_str     0x000000000000e0e8      0xba6 CMakeFiles/spiInterrupt.dir/__/__/targetSpecific/startup.cpp.obj
                                       0x2e5b (size before relaxing)
 .debug_str     0x000000000000ec8e      0x142 /usr/lib/gcc/arm-none-eabi/10.3.1/../../../arm-none-eabi/lib/thumb/v7e-m/nofp/libg.a(lib_a-atexit.o)
                                        0x1de (size before relaxing)
 .debug_str     0x000000000000edd0       0x61 /usr/lib/gcc/arm-none-eabi/10.3.1/../../../arm-none-eabi/lib/thumb/v7e-m/nofp/libg.a(lib_a-exit.o)
                                        0x585 (size before relaxing)
 .debug_str     0x000000000000ee31       0xbe /usr/lib/gcc/arm-none-eabi/10.3.1/../../../arm-none-eabi/lib/thumb/v7e-m/nofp/libg.a(lib_a-fini.o)
                                        0x1d6 (size before relaxing)
 .debug_str     0x000000000000eeef       0x98 /usr/lib/gcc/arm-none-eabi/10.3.1/../../../arm-none-eabi/lib/thumb/v7e-m/nofp/libg.a(lib_a-impure.o)
                                        0x57c (size before relaxing)
 .debug_str     0x000000000000ef87       0x96 /usr/lib/gcc/arm-none-eabi/10.3.1/../../../arm-none-eabi/lib/thumb/v7e-m/nofp/libg.a(lib_a-init.o)
                                        0x200 (size before relaxing)
 .debug_str     0x000000000000f01d       0xc0 /usr/lib/gcc/arm-none-eabi/10.3.1/../../../arm-none-eabi/lib/thumb/v7e-m/nofp/libg.a(lib_a-memmove.o)
                                        0x1d4 (size before relaxing)
 .debug_str     0x000000000000f0dd       0x48 /usr/lib/gcc/arm-none-eabi/10.3.1/../../../arm-none-eabi/lib/thumb/v7e-m/nofp/libg.a(lib_a-memset.o)
                                        0x1b5 (size before relaxing)
 .debug_str     0x000000000000f125       0x36 /usr/lib/gcc/arm-none-eabi/10.3.1/../../../arm-none-eabi/lib/thumb/v7e-m/nofp/libg.a(lib_a-__atexit.o)
                                        0x5b6 (size before relaxing)
 .debug_str     0x000000000000f15b       0x7c /usr/lib/gcc/arm-none-eabi/10.3.1/../../../arm-none-eabi/lib/thumb/v7e-m/nofp/libg.a(lib_a-__call_atexit.o)
                                        0x5e2 (size before relaxing)
 .debug_str     0x000000000000f1d7       0xe5 /usr/lib/gcc/arm-none-eabi/10.3.1/../../../arm-none-eabi/lib/thumb/v7e-m/nofp/libnosys.a(_exit.o)
                                        0x17b (size before relaxing)

.debug_ranges   0x0000000000000000      0x370
 .debug_ranges  0x0000000000000000      0x2a8 CMakeFiles/spiInterrupt.dir/spiInterrupt.cpp.obj
 .debug_ranges  0x00000000000002a8       0x78 CMakeFiles/spiInterrupt.dir/__/__/targetSpecific/startup.cpp.obj
 .debug_ranges  0x0000000000000320       0x50 /usr/lib/gcc/arm-none-eabi/10.3.1/../../../arm-none-eabi/lib/thumb/v7e-m/nofp/libg.a(lib_a-__call_atexit.o)

.debug_frame    0x0000000000000000     0x10a4
 .debug_frame   0x0000000000000000      0xc08 CMakeFiles/spiInterrupt.dir/spiInterrupt.cpp.obj
 .debug_frame   0x0000000000000c08      0x2e4 CMakeFiles/spiInterrupt.dir/__/__/targetSpecific/startup.cpp.obj
 .debug_frame   0x0000000000000eec       0x20 /usr/lib/gcc/arm-none-eabi/10.3.1/../../../arm-none-eabi/lib/thumb/v7e-m/nofp/libg.a(lib_a-atexit.o)
 .debug_frame   0x0000000000000f0c       0x28 /usr/lib/gcc/arm-none-eabi/10.3.1/../../../arm-none-eabi/lib/thumb/v7e-m/nofp/libg.a(lib_a-exit.o)
 .debug_frame   0x0000000000000f34       0x34 /usr/lib/gcc/arm-none-eabi/10.3.1/../../../arm-none-eabi/lib/thumb/v7e-m/nofp/libg.a(lib_a-fini.o)
 .debug_frame   0x0000000000000f68       0x2c /usr/lib/gcc/arm-none-eabi/10.3.1/../../../arm-none-eabi/lib/thumb/v7e-m/nofp/libg.a(lib_a-init.o)
 .debug_frame   0x0000000000000f94       0x40 /usr/lib/gcc/arm-none-eabi/10.3.1/../../../arm-none-eabi/lib/thumb/v7e-m/nofp/libg.a(lib_a-memmove.o)
 .debug_frame   0x0000000000000fd4       0x2c /usr/lib/gcc/arm-none-eabi/10.3.1/../../../arm-none-eabi/lib/thumb/v7e-m/nofp/libg.a(lib_a-memset.o)
 .debug_frame   0x0000000000001000       0x34 /usr/lib/gcc/arm-none-eabi/10.3.1/../../../arm-none-eabi/lib/thumb/v7e-m/nofp/libg.a(lib_a-__atexit.o)
 .debug_frame   0x0000000000001034       0x50 /usr/lib/gcc/arm-none-eabi/10.3.1/../../../arm-none-eabi/lib/thumb/v7e-m/nofp/libg.a(lib_a-__call_atexit.o)
 .debug_frame   0x0000000000001084       0x20 /usr/lib/gcc/arm-none-eabi/10.3.1/../../../arm-none-eabi/lib/thumb/v7e-m/nofp/libnosys.a(_exit.o)

.debug_loc      0x0000000000000000      0x9ec
 .debug_loc     0x0000000000000000       0x32 /usr/lib/gcc/arm-none-eabi/10.3.1/../../../arm-none-eabi/lib/thumb/v7e-m/nofp/libg.a(lib_a-atexit.o)
 .debug_loc     0x0000000000000032       0x22 /usr/lib/gcc/arm-none-eabi/10.3.1/../../../arm-none-eabi/lib/thumb/v7e-m/nofp/libg.a(lib_a-exit.o)
 .debug_loc     0x0000000000000054       0x68 /usr/lib/gcc/arm-none-eabi/10.3.1/../../../arm-none-eabi/lib/thumb/v7e-m/nofp/libg.a(lib_a-fini.o)
 .debug_loc     0x00000000000000bc       0xba /usr/lib/gcc/arm-none-eabi/10.3.1/../../../arm-none-eabi/lib/thumb/v7e-m/nofp/libg.a(lib_a-init.o)
 .debug_loc     0x0000000000000176      0x34f /usr/lib/gcc/arm-none-eabi/10.3.1/../../../arm-none-eabi/lib/thumb/v7e-m/nofp/libg.a(lib_a-memmove.o)
 .debug_loc     0x00000000000004c5      0x22c /usr/lib/gcc/arm-none-eabi/10.3.1/../../../arm-none-eabi/lib/thumb/v7e-m/nofp/libg.a(lib_a-memset.o)
 .debug_loc     0x00000000000006f1      0x138 /usr/lib/gcc/arm-none-eabi/10.3.1/../../../arm-none-eabi/lib/thumb/v7e-m/nofp/libg.a(lib_a-__atexit.o)
 .debug_loc     0x0000000000000829      0x1ae /usr/lib/gcc/arm-none-eabi/10.3.1/../../../arm-none-eabi/lib/thumb/v7e-m/nofp/libg.a(lib_a-__call_atexit.o)
 .debug_loc     0x00000000000009d7       0x15 /usr/lib/gcc/arm-none-eabi/10.3.1/../../../arm-none-eabi/lib/thumb/v7e-m/nofp/libnosys.a(_exit.o)
