Archive member included to satisfy reference by file (symbol)

/usr/share/gcc-arm-none-eabi-10.3-2021.10/bin/../lib/gcc/arm-none-eabi/10.3.1/../../../../arm-none-eabi/lib/thumb/v7e-m/nofp/libc.a(lib_a-exit.o)
                              /usr/share/gcc-arm-none-eabi-10.3-2021.10/bin/../lib/gcc/arm-none-eabi/10.3.1/../../../../arm-none-eabi/lib/thumb/v7e-m/nofp/crt0.o (exit)
/usr/share/gcc-arm-none-eabi-10.3-2021.10/bin/../lib/gcc/arm-none-eabi/10.3.1/../../../../arm-none-eabi/lib/thumb/v7e-m/nofp/libc.a(lib_a-impure.o)
                              /usr/share/gcc-arm-none-eabi-10.3-2021.10/bin/../lib/gcc/arm-none-eabi/10.3.1/../../../../arm-none-eabi/lib/thumb/v7e-m/nofp/libc.a(lib_a-exit.o) (_global_impure_ptr)
/usr/share/gcc-arm-none-eabi-10.3-2021.10/bin/../lib/gcc/arm-none-eabi/10.3.1/../../../../arm-none-eabi/lib/thumb/v7e-m/nofp/libc.a(lib_a-init.o)
                              /usr/share/gcc-arm-none-eabi-10.3-2021.10/bin/../lib/gcc/arm-none-eabi/10.3.1/../../../../arm-none-eabi/lib/thumb/v7e-m/nofp/crt0.o (__libc_init_array)
/usr/share/gcc-arm-none-eabi-10.3-2021.10/bin/../lib/gcc/arm-none-eabi/10.3.1/../../../../arm-none-eabi/lib/thumb/v7e-m/nofp/libc.a(lib_a-memmove.o)
                              CMakeFiles/led.dir/__/__/targetSpecific/startup.cpp.obj (memmove)
/usr/share/gcc-arm-none-eabi-10.3-2021.10/bin/../lib/gcc/arm-none-eabi/10.3.1/../../../../arm-none-eabi/lib/thumb/v7e-m/nofp/libc.a(lib_a-memset.o)
                              /usr/share/gcc-arm-none-eabi-10.3-2021.10/bin/../lib/gcc/arm-none-eabi/10.3.1/../../../../arm-none-eabi/lib/thumb/v7e-m/nofp/crt0.o (memset)
/usr/share/gcc-arm-none-eabi-10.3-2021.10/bin/../lib/gcc/arm-none-eabi/10.3.1/../../../../arm-none-eabi/lib/thumb/v7e-m/nofp/libc.a(lib_a-__call_atexit.o)
                              /usr/share/gcc-arm-none-eabi-10.3-2021.10/bin/../lib/gcc/arm-none-eabi/10.3.1/../../../../arm-none-eabi/lib/thumb/v7e-m/nofp/libc.a(lib_a-exit.o) (__call_exitprocs)
/usr/share/gcc-arm-none-eabi-10.3-2021.10/bin/../lib/gcc/arm-none-eabi/10.3.1/../../../../arm-none-eabi/lib/thumb/v7e-m/nofp/libc.a(lib_a-atexit.o)
                              /usr/share/gcc-arm-none-eabi-10.3-2021.10/bin/../lib/gcc/arm-none-eabi/10.3.1/../../../../arm-none-eabi/lib/thumb/v7e-m/nofp/libc.a(lib_a-__call_atexit.o) (atexit)
/usr/share/gcc-arm-none-eabi-10.3-2021.10/bin/../lib/gcc/arm-none-eabi/10.3.1/../../../../arm-none-eabi/lib/thumb/v7e-m/nofp/libc.a(lib_a-fini.o)
                              /usr/share/gcc-arm-none-eabi-10.3-2021.10/bin/../lib/gcc/arm-none-eabi/10.3.1/../../../../arm-none-eabi/lib/thumb/v7e-m/nofp/libc.a(lib_a-__call_atexit.o) (__libc_fini_array)
/usr/share/gcc-arm-none-eabi-10.3-2021.10/bin/../lib/gcc/arm-none-eabi/10.3.1/../../../../arm-none-eabi/lib/thumb/v7e-m/nofp/libc.a(lib_a-lock.o)
                              /usr/share/gcc-arm-none-eabi-10.3-2021.10/bin/../lib/gcc/arm-none-eabi/10.3.1/../../../../arm-none-eabi/lib/thumb/v7e-m/nofp/libc.a(lib_a-__call_atexit.o) (__retarget_lock_acquire_recursive)
/usr/share/gcc-arm-none-eabi-10.3-2021.10/bin/../lib/gcc/arm-none-eabi/10.3.1/../../../../arm-none-eabi/lib/thumb/v7e-m/nofp/libc.a(lib_a-__atexit.o)
                              /usr/share/gcc-arm-none-eabi-10.3-2021.10/bin/../lib/gcc/arm-none-eabi/10.3.1/../../../../arm-none-eabi/lib/thumb/v7e-m/nofp/libc.a(lib_a-atexit.o) (__register_exitproc)
/usr/share/gcc-arm-none-eabi-10.3-2021.10/bin/../lib/gcc/arm-none-eabi/10.3.1/../../../../arm-none-eabi/lib/thumb/v7e-m/nofp/libnosys.a(_exit.o)
                              /usr/share/gcc-arm-none-eabi-10.3-2021.10/bin/../lib/gcc/arm-none-eabi/10.3.1/../../../../arm-none-eabi/lib/thumb/v7e-m/nofp/libc.a(lib_a-exit.o) (_exit)

Discarded input sections

 .group         0x0000000000000000        0x8 CMakeFiles/led.dir/led.cpp.obj
 .group         0x0000000000000000        0xc CMakeFiles/led.dir/led.cpp.obj
 .group         0x0000000000000000        0xc CMakeFiles/led.dir/led.cpp.obj
 .group         0x0000000000000000        0xc CMakeFiles/led.dir/led.cpp.obj
 .group         0x0000000000000000        0xc CMakeFiles/led.dir/led.cpp.obj
 .group         0x0000000000000000        0xc CMakeFiles/led.dir/led.cpp.obj
 .group         0x0000000000000000        0xc CMakeFiles/led.dir/led.cpp.obj
 .group         0x0000000000000000        0xc CMakeFiles/led.dir/led.cpp.obj
 .group         0x0000000000000000        0xc CMakeFiles/led.dir/led.cpp.obj
 .group         0x0000000000000000        0xc CMakeFiles/led.dir/led.cpp.obj
 .group         0x0000000000000000        0x8 CMakeFiles/led.dir/led.cpp.obj
 .group         0x0000000000000000        0xc CMakeFiles/led.dir/led.cpp.obj
 .group         0x0000000000000000        0xc CMakeFiles/led.dir/led.cpp.obj
 .group         0x0000000000000000        0xc CMakeFiles/led.dir/led.cpp.obj
 .group         0x0000000000000000        0xc CMakeFiles/led.dir/led.cpp.obj
 .group         0x0000000000000000        0xc CMakeFiles/led.dir/led.cpp.obj
 .group         0x0000000000000000        0xc CMakeFiles/led.dir/led.cpp.obj
 .group         0x0000000000000000        0xc CMakeFiles/led.dir/led.cpp.obj
 .group         0x0000000000000000        0x8 CMakeFiles/led.dir/__/__/targetSpecific/startup.cpp.obj
 .group         0x0000000000000000        0xc CMakeFiles/led.dir/__/__/targetSpecific/startup.cpp.obj
 .group         0x0000000000000000        0x8 CMakeFiles/led.dir/__/__/targetSpecific/startup.cpp.obj
 .group         0x0000000000000000        0xc CMakeFiles/led.dir/__/__/targetSpecific/startup.cpp.obj
 .group         0x0000000000000000        0xc CMakeFiles/led.dir/__/__/targetSpecific/startup.cpp.obj
 .group         0x0000000000000000        0x8 CMakeFiles/led.dir/__/__/targetSpecific/startup.cpp.obj
 .group         0x0000000000000000        0xc CMakeFiles/led.dir/__/__/targetSpecific/startup.cpp.obj
 .group         0x0000000000000000        0x8 CMakeFiles/led.dir/__/__/targetSpecific/startup.cpp.obj
 .group         0x0000000000000000        0xc CMakeFiles/led.dir/__/__/targetSpecific/startup.cpp.obj
 .group         0x0000000000000000        0xc CMakeFiles/led.dir/__/__/targetSpecific/startup.cpp.obj
 .group         0x0000000000000000        0x8 CMakeFiles/led.dir/__/__/targetSpecific/startup.cpp.obj
 .group         0x0000000000000000        0x8 CMakeFiles/led.dir/__/__/targetSpecific/startup.cpp.obj
 .group         0x0000000000000000        0xc CMakeFiles/led.dir/__/__/targetSpecific/startup.cpp.obj

Memory Configuration

Name             Origin             Length             Attributes
FLASH            0x0000000008000000 0x0000000000100000 xr
SRAM             0x0000000020000000 0x0000000000020000 xrw
*default*        0x0000000000000000 0xffffffffffffffff

Linker script and memory map

LOAD /usr/share/gcc-arm-none-eabi-10.3-2021.10/bin/../lib/gcc/arm-none-eabi/10.3.1/thumb/v7e-m/nofp/crti.o
LOAD /usr/share/gcc-arm-none-eabi-10.3-2021.10/bin/../lib/gcc/arm-none-eabi/10.3.1/thumb/v7e-m/nofp/crtbegin.o
LOAD /usr/share/gcc-arm-none-eabi-10.3-2021.10/bin/../lib/gcc/arm-none-eabi/10.3.1/../../../../arm-none-eabi/lib/thumb/v7e-m/nofp/crt0.o
LOAD CMakeFiles/led.dir/led.cpp.obj
LOAD CMakeFiles/led.dir/__/__/targetSpecific/startup.cpp.obj
LOAD /usr/share/gcc-arm-none-eabi-10.3-2021.10/bin/../lib/gcc/arm-none-eabi/10.3.1/../../../../arm-none-eabi/lib/thumb/v7e-m/nofp/libstdc++.a
LOAD /usr/share/gcc-arm-none-eabi-10.3-2021.10/bin/../lib/gcc/arm-none-eabi/10.3.1/../../../../arm-none-eabi/lib/thumb/v7e-m/nofp/libm.a
START GROUP
LOAD /usr/share/gcc-arm-none-eabi-10.3-2021.10/bin/../lib/gcc/arm-none-eabi/10.3.1/thumb/v7e-m/nofp/libgcc.a
LOAD /usr/share/gcc-arm-none-eabi-10.3-2021.10/bin/../lib/gcc/arm-none-eabi/10.3.1/../../../../arm-none-eabi/lib/thumb/v7e-m/nofp/libc.a
END GROUP
START GROUP
LOAD /usr/share/gcc-arm-none-eabi-10.3-2021.10/bin/../lib/gcc/arm-none-eabi/10.3.1/thumb/v7e-m/nofp/libgcc.a
LOAD /usr/share/gcc-arm-none-eabi-10.3-2021.10/bin/../lib/gcc/arm-none-eabi/10.3.1/../../../../arm-none-eabi/lib/thumb/v7e-m/nofp/libc.a
LOAD /usr/share/gcc-arm-none-eabi-10.3-2021.10/bin/../lib/gcc/arm-none-eabi/10.3.1/../../../../arm-none-eabi/lib/thumb/v7e-m/nofp/libnosys.a
END GROUP
LOAD /usr/share/gcc-arm-none-eabi-10.3-2021.10/bin/../lib/gcc/arm-none-eabi/10.3.1/thumb/v7e-m/nofp/crtend.o
LOAD /usr/share/gcc-arm-none-eabi-10.3-2021.10/bin/../lib/gcc/arm-none-eabi/10.3.1/thumb/v7e-m/nofp/crtn.o

.text           0x0000000008000000      0xf70
 *(.isr_vector)
 .isr_vector    0x0000000008000000      0x188 CMakeFiles/led.dir/__/__/targetSpecific/startup.cpp.obj
                0x0000000008000000                isr_vector
                0x0000000008000188                start_of_constructors = .
 *(SORT_BY_NAME(.init_array.*))
 .init_array.00000
                0x0000000008000188        0x4 /usr/share/gcc-arm-none-eabi-10.3-2021.10/bin/../lib/gcc/arm-none-eabi/10.3.1/../../../../arm-none-eabi/lib/thumb/v7e-m/nofp/libc.a(lib_a-__call_atexit.o)
 *(.init_array*)
 .init_array    0x000000000800018c        0x4 /usr/share/gcc-arm-none-eabi-10.3-2021.10/bin/../lib/gcc/arm-none-eabi/10.3.1/thumb/v7e-m/nofp/crtbegin.o
                0x0000000008000190                end_of_constructors = .
 *(.text)
 .text          0x0000000008000190        0x0 /usr/share/gcc-arm-none-eabi-10.3-2021.10/bin/../lib/gcc/arm-none-eabi/10.3.1/thumb/v7e-m/nofp/crti.o
 .text          0x0000000008000190       0x40 /usr/share/gcc-arm-none-eabi-10.3-2021.10/bin/../lib/gcc/arm-none-eabi/10.3.1/thumb/v7e-m/nofp/crtbegin.o
 .text          0x00000000080001d0       0x7c /usr/share/gcc-arm-none-eabi-10.3-2021.10/bin/../lib/gcc/arm-none-eabi/10.3.1/../../../../arm-none-eabi/lib/thumb/v7e-m/nofp/crt0.o
                0x00000000080001d0                _stack_init
                0x00000000080001d8                _mainCRTStartup
                0x00000000080001d8                _start
 .text          0x000000000800024c       0x8c CMakeFiles/led.dir/led.cpp.obj
                0x0000000008000288                main
 .text          0x00000000080002d8      0x3b8 CMakeFiles/led.dir/__/__/targetSpecific/startup.cpp.obj
                0x00000000080003a0                Default_Handler()
                0x00000000080003a6                NMI_Handler
                0x00000000080003ae                HardFault_Handler
                0x00000000080003b6                MemManage_Handler
                0x00000000080003be                BusFault_Handler
                0x00000000080003c6                UsageFault_Handler
                0x00000000080003ce                SVC_Handler
                0x00000000080003d6                DebugMon_Handler
                0x00000000080003de                PendSV_Handler
                0x00000000080003e6                SysTick_Handler
                0x00000000080003ee                WWDG_IRQHandler
                0x00000000080003f6                PVD_IRQHandler
                0x00000000080003fe                TAMP_STAMP_IRQHandler
                0x0000000008000406                RTC_WKUP_IRQHandler
                0x000000000800040e                RCC_IRQHandler
                0x0000000008000416                EXTI0_IRQHandler
                0x000000000800041e                EXTI1_IRQHandler
                0x0000000008000426                EXTI2_IRQHandler
                0x000000000800042e                EXTI3_IRQHandler
                0x0000000008000436                EXTI4_IRQHandler
                0x000000000800043e                DMA1_Stream0_IRQHandler
                0x0000000008000446                DMA1_Stream1_IRQHandler
                0x000000000800044e                DMA1_Stream2_IRQHandler
                0x0000000008000456                DMA1_Stream3_IRQHandler
                0x000000000800045e                DMA1_Stream4_IRQHandler
                0x0000000008000466                DMA1_Stream5_IRQHandler
                0x000000000800046e                DMA1_Stream6_IRQHandler
                0x0000000008000476                ADC_IRQHandler
                0x000000000800047e                CAN1_TX_IRQHandler
                0x0000000008000486                CAN1_RX0_IRQHandler
                0x000000000800048e                CAN1_RX1_IRQHandler
                0x0000000008000496                CAN1_SCE_IRQHandler
                0x000000000800049e                EXTI9_5_IRQHandler
                0x00000000080004a6                TIM1_BRK_TIM9_IRQHandler
                0x00000000080004ae                TIM1_UP_TIM10_IRQHandler
                0x00000000080004b6                TIM1_TRG_COM_TIM11_IRQHandler
                0x00000000080004be                TIM1_CC_IRQHandler
                0x00000000080004c6                TIM2_IRQHandler
                0x00000000080004ce                TIM3_IRQHandler
                0x00000000080004d6                TIM4_IRQHandler
                0x00000000080004de                I2C1_EV_IRQHandler
                0x00000000080004e6                I2C1_ER_IRQHandler
                0x00000000080004ee                I2C2_EV_IRQHandler
                0x00000000080004f6                I2C2_ER_IRQHandler
                0x00000000080004fe                SPI1_IRQHandler
                0x0000000008000506                SPI2_IRQHandler
                0x000000000800050e                USART1_IRQHandler
                0x0000000008000516                USART2_IRQHandler
                0x000000000800051e                USART3_IRQHandler
                0x0000000008000526                EXTI15_10_IRQHandler
                0x000000000800052e                RTC_Alarm_IRQHandler
                0x0000000008000536                OTG_FS_WKUP_IRQHandler
                0x000000000800053e                TIM8_BRK_TIM12_IRQHandler
                0x0000000008000546                TIM8_UP_TIM13_IRQHandler
                0x000000000800054e                TIM8_TRG_COM_TIM14_IRQHandler
                0x0000000008000556                TIM8_CC_IRQHandler
                0x000000000800055e                DMA1_Stream7_IRQHandler
                0x0000000008000566                FSMC_IRQHandler
                0x000000000800056e                SDIO_IRQHandler
                0x0000000008000576                TIM5_IRQHandler
                0x000000000800057e                SPI3_IRQHandler
                0x0000000008000586                UART4_IRQHandler
                0x000000000800058e                UART5_IRQHandler
                0x0000000008000596                TIM6_DAC_IRQHandler
                0x000000000800059e                TIM7_IRQHandler
                0x00000000080005a6                DMA2_Stream0_IRQHandler
                0x00000000080005ae                DMA2_Stream1_IRQHandler
                0x00000000080005b6                DMA2_Stream2_IRQHandler
                0x00000000080005be                DMA2_Stream3_IRQHandler
                0x00000000080005c6                DMA2_Stream4_IRQHandler
                0x00000000080005ce                ETH_IRQHandler
                0x00000000080005d6                ETH_WKUP_IRQHandler
                0x00000000080005de                CAN2_TX_IRQHandler
                0x00000000080005e6                CAN2_RX0_IRQHandler
                0x00000000080005ee                CAN2_RX1_IRQHandler
                0x00000000080005f6                CAN2_SCE_IRQHandler
                0x00000000080005fe                OTG_FS_IRQHandler
                0x0000000008000606                DMA2_Stream5_IRQHandler
                0x000000000800060e                DMA2_Stream6_IRQHandler
                0x0000000008000616                DMA2_Stream7_IRQHandler
                0x000000000800061e                USART6_IRQHandler
                0x0000000008000626                I2C3_EV_IRQHandler
                0x000000000800062e                I2C3_ER_IRQHandler
                0x0000000008000636                OTG_HS_EP1_OUT_IRQHandler
                0x000000000800063e                OTG_HS_EP1_IN_IRQHandler
                0x0000000008000646                OTG_HS_WKUP_IRQHandler
                0x000000000800064e                OTG_HS_IRQHandler
                0x0000000008000656                DCMI_IRQHandler
                0x000000000800065e                CRYP_IRQHandler
                0x0000000008000666                HASH_RNG_IRQHandler
                0x000000000800066e                FPU_IRQHandler
                0x0000000008000676                Reset_Handler
 .text          0x0000000008000690        0x0 /usr/share/gcc-arm-none-eabi-10.3-2021.10/bin/../lib/gcc/arm-none-eabi/10.3.1/../../../../arm-none-eabi/lib/thumb/v7e-m/nofp/libc.a(lib_a-exit.o)
 .text          0x0000000008000690        0x0 /usr/share/gcc-arm-none-eabi-10.3-2021.10/bin/../lib/gcc/arm-none-eabi/10.3.1/../../../../arm-none-eabi/lib/thumb/v7e-m/nofp/libc.a(lib_a-impure.o)
 .text          0x0000000008000690        0x0 /usr/share/gcc-arm-none-eabi-10.3-2021.10/bin/../lib/gcc/arm-none-eabi/10.3.1/../../../../arm-none-eabi/lib/thumb/v7e-m/nofp/libc.a(lib_a-init.o)
 .text          0x0000000008000690        0x0 /usr/share/gcc-arm-none-eabi-10.3-2021.10/bin/../lib/gcc/arm-none-eabi/10.3.1/../../../../arm-none-eabi/lib/thumb/v7e-m/nofp/libc.a(lib_a-memmove.o)
 .text          0x0000000008000690        0x0 /usr/share/gcc-arm-none-eabi-10.3-2021.10/bin/../lib/gcc/arm-none-eabi/10.3.1/../../../../arm-none-eabi/lib/thumb/v7e-m/nofp/libc.a(lib_a-memset.o)
 .text          0x0000000008000690        0x0 /usr/share/gcc-arm-none-eabi-10.3-2021.10/bin/../lib/gcc/arm-none-eabi/10.3.1/../../../../arm-none-eabi/lib/thumb/v7e-m/nofp/libc.a(lib_a-__call_atexit.o)
 .text          0x0000000008000690        0x0 /usr/share/gcc-arm-none-eabi-10.3-2021.10/bin/../lib/gcc/arm-none-eabi/10.3.1/../../../../arm-none-eabi/lib/thumb/v7e-m/nofp/libc.a(lib_a-atexit.o)
 .text          0x0000000008000690        0x0 /usr/share/gcc-arm-none-eabi-10.3-2021.10/bin/../lib/gcc/arm-none-eabi/10.3.1/../../../../arm-none-eabi/lib/thumb/v7e-m/nofp/libc.a(lib_a-fini.o)
 .text          0x0000000008000690        0x0 /usr/share/gcc-arm-none-eabi-10.3-2021.10/bin/../lib/gcc/arm-none-eabi/10.3.1/../../../../arm-none-eabi/lib/thumb/v7e-m/nofp/libc.a(lib_a-lock.o)
 .text          0x0000000008000690        0x0 /usr/share/gcc-arm-none-eabi-10.3-2021.10/bin/../lib/gcc/arm-none-eabi/10.3.1/../../../../arm-none-eabi/lib/thumb/v7e-m/nofp/libc.a(lib_a-__atexit.o)
 .text          0x0000000008000690        0x0 /usr/share/gcc-arm-none-eabi-10.3-2021.10/bin/../lib/gcc/arm-none-eabi/10.3.1/../../../../arm-none-eabi/lib/thumb/v7e-m/nofp/libnosys.a(_exit.o)
 .text          0x0000000008000690        0x0 /usr/share/gcc-arm-none-eabi-10.3-2021.10/bin/../lib/gcc/arm-none-eabi/10.3.1/thumb/v7e-m/nofp/crtend.o
 .text          0x0000000008000690        0x0 /usr/share/gcc-arm-none-eabi-10.3-2021.10/bin/../lib/gcc/arm-none-eabi/10.3.1/thumb/v7e-m/nofp/crtn.o
 *(.text.*)
 .text._ZN4GPIOC2Em
                0x0000000008000690       0x1c CMakeFiles/led.dir/led.cpp.obj
                0x0000000008000690                GPIO::GPIO(unsigned long)
                0x0000000008000690                GPIO::GPIO(unsigned long)
 .text._ZN14RegisterAccessImmE6regSetEmm
                0x00000000080006ac       0x1e CMakeFiles/led.dir/led.cpp.obj
                0x00000000080006ac                RegisterAccess<unsigned long, unsigned long>::regSet(unsigned long, unsigned long)
 .text._ZN14RegisterAccessImmE9regBitSetEmm
                0x00000000080006ca       0x56 CMakeFiles/led.dir/led.cpp.obj
                0x00000000080006ca                RegisterAccess<unsigned long, unsigned long>::regBitSet(unsigned long, unsigned long)
 .text._ZN14RegisterAccessImmE12regBitToggleEmm
                0x0000000008000720       0x56 CMakeFiles/led.dir/led.cpp.obj
                0x0000000008000720                RegisterAccess<unsigned long, unsigned long>::regBitToggle(unsigned long, unsigned long)
 .text._ZN4GPIO8setClockIL14PeripheralAHB13ELb1EEEvv
                0x0000000008000776       0x14 CMakeFiles/led.dir/led.cpp.obj
                0x0000000008000776                void GPIO::setClock<(PeripheralAHB1)3, true>()
 .text._ZN4GPIO11setPortModeIL8PortMode1ELh12EEEvv
                0x000000000800078a       0x1a CMakeFiles/led.dir/led.cpp.obj
                0x000000000800078a                void GPIO::setPortMode<(PortMode)1, (unsigned char)12>()
 .text._ZN4GPIO14setOutputSpeedIL11OutputSpeed2ELh12EEEvv
                0x00000000080007a4       0x1a CMakeFiles/led.dir/led.cpp.obj
                0x00000000080007a4                void GPIO::setOutputSpeed<(OutputSpeed)2, (unsigned char)12>()
 .text._ZN4GPIO13setOutputTypeIL10OutputType0ELh12EEEvv
                0x00000000080007be       0x1a CMakeFiles/led.dir/led.cpp.obj
                0x00000000080007be                void GPIO::setOutputType<(OutputType)0, (unsigned char)12>()
 .text._ZN4GPIO17setPullupPullDownIL21PullupPullDownControl0ELh12EEEvv
                0x00000000080007d8       0x1a CMakeFiles/led.dir/led.cpp.obj
                0x00000000080007d8                void GPIO::setPullupPullDown<(PullupPullDownControl)0, (unsigned char)12>()
 .text._ZN4GPIO15toggleOutputPinILh12EEEvv
                0x00000000080007f2       0x1a CMakeFiles/led.dir/led.cpp.obj
                0x00000000080007f2                void GPIO::toggleOutputPin<(unsigned char)12>()
 .text._ZN14RegisterAccessImmE6memoryEm
                0x000000000800080c       0x14 CMakeFiles/led.dir/led.cpp.obj
                0x000000000800080c                RegisterAccess<unsigned long, unsigned long>::memory(unsigned long)
 .text._ZN18RCCRegistersTarget19setPeripheralOnAHB1IL14PeripheralAHB13ELb1EEEvv
                0x0000000008000820       0x1c CMakeFiles/led.dir/led.cpp.obj
                0x0000000008000820                void RCCRegistersTarget::setPeripheralOnAHB1<(PeripheralAHB1)3, true>()
 .text._ZN13GPIORegistersImE11setPortModeIL8PortMode1ELh12EEEvm
                0x000000000800083c       0x22 CMakeFiles/led.dir/led.cpp.obj
                0x000000000800083c                void GPIORegisters<unsigned long>::setPortMode<(PortMode)1, (unsigned char)12>(unsigned long)
 .text._ZN13GPIORegistersImE14setOutputSpeedIL11OutputSpeed2ELh12EEEvm
                0x000000000800085e       0x26 CMakeFiles/led.dir/led.cpp.obj
                0x000000000800085e                void GPIORegisters<unsigned long>::setOutputSpeed<(OutputSpeed)2, (unsigned char)12>(unsigned long)
 .text._ZN13GPIORegistersImE13setOutputTypeIL10OutputType0ELh12EEEvm
                0x0000000008000884       0x20 CMakeFiles/led.dir/led.cpp.obj
                0x0000000008000884                void GPIORegisters<unsigned long>::setOutputType<(OutputType)0, (unsigned char)12>(unsigned long)
 .text._ZN13GPIORegistersImE17setPullupPullDownIL21PullupPullDownControl0ELh12EEEvm
                0x00000000080008a4       0x24 CMakeFiles/led.dir/led.cpp.obj
                0x00000000080008a4                void GPIORegisters<unsigned long>::setPullupPullDown<(PullupPullDownControl)0, (unsigned char)12>(unsigned long)
 .text._ZN13GPIORegistersImE15toggleOutputPinILh12EEEvm
                0x00000000080008c8       0x1c CMakeFiles/led.dir/led.cpp.obj
                0x00000000080008c8                void GPIORegisters<unsigned long>::toggleOutputPin<(unsigned char)12>(unsigned long)
 .text._ZN12RCCRegistersImE19setPeripheralOnAHB1IL14PeripheralAHB13ELb1EEEvm
                0x00000000080008e4       0x20 CMakeFiles/led.dir/led.cpp.obj
                0x00000000080008e4                void RCCRegisters<unsigned long>::setPeripheralOnAHB1<(PeripheralAHB1)3, true>(unsigned long)
 .text._ZSt21is_constant_evaluatedv
                0x0000000008000904        0xe CMakeFiles/led.dir/__/__/targetSpecific/startup.cpp.obj
                0x0000000008000904                std::is_constant_evaluated()
 .text._ZSt4copyIPmS0_ET0_T_S2_S1_
                0x0000000008000912       0x30 CMakeFiles/led.dir/__/__/targetSpecific/startup.cpp.obj
                0x0000000008000912                unsigned long* std::copy<unsigned long*, unsigned long*>(unsigned long*, unsigned long*, unsigned long*)
 .text._ZSt12__miter_baseIPmET_S1_
                0x0000000008000942       0x14 CMakeFiles/led.dir/__/__/targetSpecific/startup.cpp.obj
                0x0000000008000942                unsigned long* std::__miter_base<unsigned long*>(unsigned long*)
 .text._ZSt13__copy_move_aILb0EPmS0_ET1_T0_S2_S1_
                0x0000000008000956       0x46 CMakeFiles/led.dir/__/__/targetSpecific/startup.cpp.obj
                0x0000000008000956                unsigned long* std::__copy_move_a<false, unsigned long*, unsigned long*>(unsigned long*, unsigned long*, unsigned long*)
 .text._ZSt4fillIPmmEvT_S1_RKT0_
                0x000000000800099c       0x1e CMakeFiles/led.dir/__/__/targetSpecific/startup.cpp.obj
                0x000000000800099c                void std::fill<unsigned long*, unsigned long>(unsigned long*, unsigned long*, unsigned long const&)
 .text._ZSt12__niter_baseIPmET_S1_
                0x00000000080009ba       0x14 CMakeFiles/led.dir/__/__/targetSpecific/startup.cpp.obj
                0x00000000080009ba                unsigned long* std::__niter_base<unsigned long*>(unsigned long*)
 .text._ZSt14__copy_move_a1ILb0EPmS0_ET1_T0_S2_S1_
                0x00000000080009ce       0x20 CMakeFiles/led.dir/__/__/targetSpecific/startup.cpp.obj
                0x00000000080009ce                unsigned long* std::__copy_move_a1<false, unsigned long*, unsigned long*>(unsigned long*, unsigned long*, unsigned long*)
 .text._ZSt12__niter_wrapIPmET_RKS1_S1_
                0x00000000080009ee       0x16 CMakeFiles/led.dir/__/__/targetSpecific/startup.cpp.obj
                0x00000000080009ee                unsigned long* std::__niter_wrap<unsigned long*>(unsigned long* const&, unsigned long*)
 .text._ZSt8__fill_aIPmmEvT_S1_RKT0_
                0x0000000008000a04       0x1e CMakeFiles/led.dir/__/__/targetSpecific/startup.cpp.obj
                0x0000000008000a04                void std::__fill_a<unsigned long*, unsigned long>(unsigned long*, unsigned long*, unsigned long const&)
 .text._ZSt14__copy_move_a2ILb0EPmS0_ET1_T0_S2_S1_
                0x0000000008000a22       0x3a CMakeFiles/led.dir/__/__/targetSpecific/startup.cpp.obj
                0x0000000008000a22                unsigned long* std::__copy_move_a2<false, unsigned long*, unsigned long*>(unsigned long*, unsigned long*, unsigned long*)
 .text._ZSt9__fill_a1IPmmEN9__gnu_cxx11__enable_ifIXsrSt11__is_scalarIT0_E7__valueEvE6__typeET_S8_RKS4_
                0x0000000008000a5c       0x32 CMakeFiles/led.dir/__/__/targetSpecific/startup.cpp.obj
                0x0000000008000a5c                __gnu_cxx::__enable_if<std::__is_scalar<unsigned long>::__value, void>::__type std::__fill_a1<unsigned long*, unsigned long>(unsigned long*, unsigned long*, unsigned long const&)
 .text._ZNSt11__copy_moveILb0ELb0ESt26random_access_iterator_tagE8__copy_mIPmS3_EET0_T_S5_S4_
                0x0000000008000a8e       0x44 CMakeFiles/led.dir/__/__/targetSpecific/startup.cpp.obj
                0x0000000008000a8e                unsigned long* std::__copy_move<false, false, std::random_access_iterator_tag>::__copy_m<unsigned long*, unsigned long*>(unsigned long*, unsigned long*, unsigned long*)
 .text._ZNSt11__copy_moveILb0ELb1ESt26random_access_iterator_tagE8__copy_mImEEPT_PKS3_S6_S4_
                0x0000000008000ad2       0x3a CMakeFiles/led.dir/__/__/targetSpecific/startup.cpp.obj
                0x0000000008000ad2                unsigned long* std::__copy_move<false, true, std::random_access_iterator_tag>::__copy_m<unsigned long>(unsigned long const*, unsigned long const*, unsigned long*)
 .text.exit     0x0000000008000b0c       0x20 /usr/share/gcc-arm-none-eabi-10.3-2021.10/bin/../lib/gcc/arm-none-eabi/10.3.1/../../../../arm-none-eabi/lib/thumb/v7e-m/nofp/libc.a(lib_a-exit.o)
                0x0000000008000b0c                exit
 .text.__libc_init_array
                0x0000000008000b2c       0x48 /usr/share/gcc-arm-none-eabi-10.3-2021.10/bin/../lib/gcc/arm-none-eabi/10.3.1/../../../../arm-none-eabi/lib/thumb/v7e-m/nofp/libc.a(lib_a-init.o)
                0x0000000008000b2c                __libc_init_array
 .text.memmove  0x0000000008000b74       0xf8 /usr/share/gcc-arm-none-eabi-10.3-2021.10/bin/../lib/gcc/arm-none-eabi/10.3.1/../../../../arm-none-eabi/lib/thumb/v7e-m/nofp/libc.a(lib_a-memmove.o)
                0x0000000008000b74                memmove
 .text.memset   0x0000000008000c6c       0xa4 /usr/share/gcc-arm-none-eabi-10.3-2021.10/bin/../lib/gcc/arm-none-eabi/10.3.1/../../../../arm-none-eabi/lib/thumb/v7e-m/nofp/libc.a(lib_a-memset.o)
                0x0000000008000c6c                memset
 .text.startup.register_fini
                0x0000000008000d10       0x14 /usr/share/gcc-arm-none-eabi-10.3-2021.10/bin/../lib/gcc/arm-none-eabi/10.3.1/../../../../arm-none-eabi/lib/thumb/v7e-m/nofp/libc.a(lib_a-__call_atexit.o)
 .text.__call_exitprocs
                0x0000000008000d24       0xc4 /usr/share/gcc-arm-none-eabi-10.3-2021.10/bin/../lib/gcc/arm-none-eabi/10.3.1/../../../../arm-none-eabi/lib/thumb/v7e-m/nofp/libc.a(lib_a-__call_atexit.o)
                0x0000000008000d24                __call_exitprocs
 .text.atexit   0x0000000008000de8        0xc /usr/share/gcc-arm-none-eabi-10.3-2021.10/bin/../lib/gcc/arm-none-eabi/10.3.1/../../../../arm-none-eabi/lib/thumb/v7e-m/nofp/libc.a(lib_a-atexit.o)
                0x0000000008000de8                atexit
 .text.__libc_fini_array
                0x0000000008000df4       0x2c /usr/share/gcc-arm-none-eabi-10.3-2021.10/bin/../lib/gcc/arm-none-eabi/10.3.1/../../../../arm-none-eabi/lib/thumb/v7e-m/nofp/libc.a(lib_a-fini.o)
                0x0000000008000df4                __libc_fini_array
 .text.__retarget_lock_init
                0x0000000008000e20        0x4 /usr/share/gcc-arm-none-eabi-10.3-2021.10/bin/../lib/gcc/arm-none-eabi/10.3.1/../../../../arm-none-eabi/lib/thumb/v7e-m/nofp/libc.a(lib_a-lock.o)
                0x0000000008000e20                __retarget_lock_init
 .text.__retarget_lock_init_recursive
                0x0000000008000e24        0x4 /usr/share/gcc-arm-none-eabi-10.3-2021.10/bin/../lib/gcc/arm-none-eabi/10.3.1/../../../../arm-none-eabi/lib/thumb/v7e-m/nofp/libc.a(lib_a-lock.o)
                0x0000000008000e24                __retarget_lock_init_recursive
 .text.__retarget_lock_close
                0x0000000008000e28        0x4 /usr/share/gcc-arm-none-eabi-10.3-2021.10/bin/../lib/gcc/arm-none-eabi/10.3.1/../../../../arm-none-eabi/lib/thumb/v7e-m/nofp/libc.a(lib_a-lock.o)
                0x0000000008000e28                __retarget_lock_close
 .text.__retarget_lock_close_recursive
                0x0000000008000e2c        0x4 /usr/share/gcc-arm-none-eabi-10.3-2021.10/bin/../lib/gcc/arm-none-eabi/10.3.1/../../../../arm-none-eabi/lib/thumb/v7e-m/nofp/libc.a(lib_a-lock.o)
                0x0000000008000e2c                __retarget_lock_close_recursive
 .text.__retarget_lock_acquire
                0x0000000008000e30        0x4 /usr/share/gcc-arm-none-eabi-10.3-2021.10/bin/../lib/gcc/arm-none-eabi/10.3.1/../../../../arm-none-eabi/lib/thumb/v7e-m/nofp/libc.a(lib_a-lock.o)
                0x0000000008000e30                __retarget_lock_acquire
 .text.__retarget_lock_acquire_recursive
                0x0000000008000e34        0x4 /usr/share/gcc-arm-none-eabi-10.3-2021.10/bin/../lib/gcc/arm-none-eabi/10.3.1/../../../../arm-none-eabi/lib/thumb/v7e-m/nofp/libc.a(lib_a-lock.o)
                0x0000000008000e34                __retarget_lock_acquire_recursive
 .text.__retarget_lock_try_acquire
                0x0000000008000e38        0x4 /usr/share/gcc-arm-none-eabi-10.3-2021.10/bin/../lib/gcc/arm-none-eabi/10.3.1/../../../../arm-none-eabi/lib/thumb/v7e-m/nofp/libc.a(lib_a-lock.o)
                0x0000000008000e38                __retarget_lock_try_acquire
 .text.__retarget_lock_try_acquire_recursive
                0x0000000008000e3c        0x4 /usr/share/gcc-arm-none-eabi-10.3-2021.10/bin/../lib/gcc/arm-none-eabi/10.3.1/../../../../arm-none-eabi/lib/thumb/v7e-m/nofp/libc.a(lib_a-lock.o)
                0x0000000008000e3c                __retarget_lock_try_acquire_recursive
 .text.__retarget_lock_release
                0x0000000008000e40        0x4 /usr/share/gcc-arm-none-eabi-10.3-2021.10/bin/../lib/gcc/arm-none-eabi/10.3.1/../../../../arm-none-eabi/lib/thumb/v7e-m/nofp/libc.a(lib_a-lock.o)
                0x0000000008000e40                __retarget_lock_release
 .text.__retarget_lock_release_recursive
                0x0000000008000e44        0x4 /usr/share/gcc-arm-none-eabi-10.3-2021.10/bin/../lib/gcc/arm-none-eabi/10.3.1/../../../../arm-none-eabi/lib/thumb/v7e-m/nofp/libc.a(lib_a-lock.o)
                0x0000000008000e44                __retarget_lock_release_recursive
 .text.__register_exitproc
                0x0000000008000e48       0x8c /usr/share/gcc-arm-none-eabi-10.3-2021.10/bin/../lib/gcc/arm-none-eabi/10.3.1/../../../../arm-none-eabi/lib/thumb/v7e-m/nofp/libc.a(lib_a-__atexit.o)
                0x0000000008000e48                __register_exitproc
 .text._exit    0x0000000008000ed4        0x4 /usr/share/gcc-arm-none-eabi-10.3-2021.10/bin/../lib/gcc/arm-none-eabi/10.3.1/../../../../arm-none-eabi/lib/thumb/v7e-m/nofp/libnosys.a(_exit.o)
                0x0000000008000ed4                _exit
 *(.init)
 .init          0x0000000008000ed8        0x4 /usr/share/gcc-arm-none-eabi-10.3-2021.10/bin/../lib/gcc/arm-none-eabi/10.3.1/thumb/v7e-m/nofp/crti.o
                0x0000000008000ed8                _init
 .init          0x0000000008000edc        0x8 /usr/share/gcc-arm-none-eabi-10.3-2021.10/bin/../lib/gcc/arm-none-eabi/10.3.1/thumb/v7e-m/nofp/crtn.o
 *(.fini)
 .fini          0x0000000008000ee4        0x4 /usr/share/gcc-arm-none-eabi-10.3-2021.10/bin/../lib/gcc/arm-none-eabi/10.3.1/thumb/v7e-m/nofp/crti.o
                0x0000000008000ee4                _fini
 .fini          0x0000000008000ee8        0x8 /usr/share/gcc-arm-none-eabi-10.3-2021.10/bin/../lib/gcc/arm-none-eabi/10.3.1/thumb/v7e-m/nofp/crtn.o
 *(.rodata)
 .rodata        0x0000000008000ef0       0x24 /usr/share/gcc-arm-none-eabi-10.3-2021.10/bin/../lib/gcc/arm-none-eabi/10.3.1/thumb/v7e-m/nofp/crtbegin.o
 .rodata        0x0000000008000f14        0xd CMakeFiles/led.dir/led.cpp.obj
 *fill*         0x0000000008000f21        0x3 
 .rodata        0x0000000008000f24       0x24 CMakeFiles/led.dir/__/__/targetSpecific/startup.cpp.obj
 .rodata        0x0000000008000f48       0x24 /usr/share/gcc-arm-none-eabi-10.3-2021.10/bin/../lib/gcc/arm-none-eabi/10.3.1/thumb/v7e-m/nofp/crtend.o
 *(.rodata.*)
 .rodata._global_impure_ptr
                0x0000000008000f6c        0x4 /usr/share/gcc-arm-none-eabi-10.3-2021.10/bin/../lib/gcc/arm-none-eabi/10.3.1/../../../../arm-none-eabi/lib/thumb/v7e-m/nofp/libc.a(lib_a-impure.o)
                0x0000000008000f6c                _global_impure_ptr
                0x0000000008000f70                . = ALIGN (0x4)
                0x0000000008000f70                end_of_text = .
                0x0000000008000f7c                load_address_of_data = LOADADDR (.data)

.glue_7         0x0000000008000f70        0x0
 .glue_7        0x0000000008000f70        0x0 linker stubs

.glue_7t        0x0000000008000f70        0x0
 .glue_7t       0x0000000008000f70        0x0 linker stubs

.vfp11_veneer   0x0000000008000f70        0x0
 .vfp11_veneer  0x0000000008000f70        0x0 linker stubs

.v4_bx          0x0000000008000f70        0x0
 .v4_bx         0x0000000008000f70        0x0 linker stubs

.iplt           0x0000000008000f70        0x0
 .iplt          0x0000000008000f70        0x0 /usr/share/gcc-arm-none-eabi-10.3-2021.10/bin/../lib/gcc/arm-none-eabi/10.3.1/thumb/v7e-m/nofp/crtbegin.o

.eh_frame       0x0000000008000f70        0x4
 .eh_frame      0x0000000008000f70        0x0 /usr/share/gcc-arm-none-eabi-10.3-2021.10/bin/../lib/gcc/arm-none-eabi/10.3.1/thumb/v7e-m/nofp/crtbegin.o
 .eh_frame      0x0000000008000f70        0x4 /usr/share/gcc-arm-none-eabi-10.3-2021.10/bin/../lib/gcc/arm-none-eabi/10.3.1/thumb/v7e-m/nofp/crtend.o

.ARM.extab      0x0000000008000f74        0x0
 .ARM.extab     0x0000000008000f74        0x0 /usr/share/gcc-arm-none-eabi-10.3-2021.10/bin/../lib/gcc/arm-none-eabi/10.3.1/../../../../arm-none-eabi/lib/thumb/v7e-m/nofp/crt0.o

.ARM.exidx      0x0000000008000f74        0x8
 .ARM.exidx     0x0000000008000f74        0x8 /usr/share/gcc-arm-none-eabi-10.3-2021.10/bin/../lib/gcc/arm-none-eabi/10.3.1/../../../../arm-none-eabi/lib/thumb/v7e-m/nofp/crt0.o
                                         0x10 (size before relaxing)

.rel.dyn        0x0000000008000f7c        0x0
 .rel.iplt      0x0000000008000f7c        0x0 /usr/share/gcc-arm-none-eabi-10.3-2021.10/bin/../lib/gcc/arm-none-eabi/10.3.1/thumb/v7e-m/nofp/crtbegin.o

.data           0x0000000020000000      0x434 load address 0x0000000008000f7c
                0x0000000020000000                start_of_data = .
 *(.data)
 .data          0x0000000020000000        0x0 /usr/share/gcc-arm-none-eabi-10.3-2021.10/bin/../lib/gcc/arm-none-eabi/10.3.1/thumb/v7e-m/nofp/crti.o
 .data          0x0000000020000000        0x4 /usr/share/gcc-arm-none-eabi-10.3-2021.10/bin/../lib/gcc/arm-none-eabi/10.3.1/thumb/v7e-m/nofp/crtbegin.o
                0x0000000020000000                __dso_handle
 .data          0x0000000020000004        0x0 /usr/share/gcc-arm-none-eabi-10.3-2021.10/bin/../lib/gcc/arm-none-eabi/10.3.1/../../../../arm-none-eabi/lib/thumb/v7e-m/nofp/crt0.o
 .data          0x0000000020000004        0x0 CMakeFiles/led.dir/led.cpp.obj
 .data          0x0000000020000004        0x0 CMakeFiles/led.dir/__/__/targetSpecific/startup.cpp.obj
 .data          0x0000000020000004        0x0 /usr/share/gcc-arm-none-eabi-10.3-2021.10/bin/../lib/gcc/arm-none-eabi/10.3.1/../../../../arm-none-eabi/lib/thumb/v7e-m/nofp/libc.a(lib_a-exit.o)
 .data          0x0000000020000004        0x0 /usr/share/gcc-arm-none-eabi-10.3-2021.10/bin/../lib/gcc/arm-none-eabi/10.3.1/../../../../arm-none-eabi/lib/thumb/v7e-m/nofp/libc.a(lib_a-impure.o)
 .data          0x0000000020000004        0x0 /usr/share/gcc-arm-none-eabi-10.3-2021.10/bin/../lib/gcc/arm-none-eabi/10.3.1/../../../../arm-none-eabi/lib/thumb/v7e-m/nofp/libc.a(lib_a-init.o)
 .data          0x0000000020000004        0x0 /usr/share/gcc-arm-none-eabi-10.3-2021.10/bin/../lib/gcc/arm-none-eabi/10.3.1/../../../../arm-none-eabi/lib/thumb/v7e-m/nofp/libc.a(lib_a-memmove.o)
 .data          0x0000000020000004        0x0 /usr/share/gcc-arm-none-eabi-10.3-2021.10/bin/../lib/gcc/arm-none-eabi/10.3.1/../../../../arm-none-eabi/lib/thumb/v7e-m/nofp/libc.a(lib_a-memset.o)
 .data          0x0000000020000004        0x0 /usr/share/gcc-arm-none-eabi-10.3-2021.10/bin/../lib/gcc/arm-none-eabi/10.3.1/../../../../arm-none-eabi/lib/thumb/v7e-m/nofp/libc.a(lib_a-__call_atexit.o)
 .data          0x0000000020000004        0x0 /usr/share/gcc-arm-none-eabi-10.3-2021.10/bin/../lib/gcc/arm-none-eabi/10.3.1/../../../../arm-none-eabi/lib/thumb/v7e-m/nofp/libc.a(lib_a-atexit.o)
 .data          0x0000000020000004        0x0 /usr/share/gcc-arm-none-eabi-10.3-2021.10/bin/../lib/gcc/arm-none-eabi/10.3.1/../../../../arm-none-eabi/lib/thumb/v7e-m/nofp/libc.a(lib_a-fini.o)
 .data          0x0000000020000004        0x0 /usr/share/gcc-arm-none-eabi-10.3-2021.10/bin/../lib/gcc/arm-none-eabi/10.3.1/../../../../arm-none-eabi/lib/thumb/v7e-m/nofp/libc.a(lib_a-lock.o)
 .data          0x0000000020000004        0x0 /usr/share/gcc-arm-none-eabi-10.3-2021.10/bin/../lib/gcc/arm-none-eabi/10.3.1/../../../../arm-none-eabi/lib/thumb/v7e-m/nofp/libc.a(lib_a-__atexit.o)
 .data          0x0000000020000004        0x0 /usr/share/gcc-arm-none-eabi-10.3-2021.10/bin/../lib/gcc/arm-none-eabi/10.3.1/../../../../arm-none-eabi/lib/thumb/v7e-m/nofp/libnosys.a(_exit.o)
 .data          0x0000000020000004        0x0 /usr/share/gcc-arm-none-eabi-10.3-2021.10/bin/../lib/gcc/arm-none-eabi/10.3.1/thumb/v7e-m/nofp/crtend.o
 .data          0x0000000020000004        0x0 /usr/share/gcc-arm-none-eabi-10.3-2021.10/bin/../lib/gcc/arm-none-eabi/10.3.1/thumb/v7e-m/nofp/crtn.o
 *(.data.*)
 .data._impure_ptr
                0x0000000020000004        0x4 /usr/share/gcc-arm-none-eabi-10.3-2021.10/bin/../lib/gcc/arm-none-eabi/10.3.1/../../../../arm-none-eabi/lib/thumb/v7e-m/nofp/libc.a(lib_a-impure.o)
                0x0000000020000004                _impure_ptr
 .data.impure_data
                0x0000000020000008      0x428 /usr/share/gcc-arm-none-eabi-10.3-2021.10/bin/../lib/gcc/arm-none-eabi/10.3.1/../../../../arm-none-eabi/lib/thumb/v7e-m/nofp/libc.a(lib_a-impure.o)
 .data.__atexit_recursive_mutex
                0x0000000020000430        0x4 /usr/share/gcc-arm-none-eabi-10.3-2021.10/bin/../lib/gcc/arm-none-eabi/10.3.1/../../../../arm-none-eabi/lib/thumb/v7e-m/nofp/libc.a(lib_a-__call_atexit.o)
                0x0000000020000430                __atexit_recursive_mutex
                0x0000000020000434                . = ALIGN (0x4)
                0x0000000020000434                end_of_data = .

.fini_array     0x0000000020000434        0x4 load address 0x00000000080013b0
 .fini_array    0x0000000020000434        0x4 /usr/share/gcc-arm-none-eabi-10.3-2021.10/bin/../lib/gcc/arm-none-eabi/10.3.1/thumb/v7e-m/nofp/crtbegin.o

.igot.plt       0x0000000020000438        0x0 load address 0x00000000080013b4
 .igot.plt      0x0000000020000438        0x0 /usr/share/gcc-arm-none-eabi-10.3-2021.10/bin/../lib/gcc/arm-none-eabi/10.3.1/thumb/v7e-m/nofp/crtbegin.o

.bss            0x0000000020000438       0x40 load address 0x00000000080013b4
                0x0000000020000438                start_of_bss = .
                0x0000000020000438                __bss_start__ = start_of_bss
 *(.bss)
 .bss           0x0000000020000438        0x0 /usr/share/gcc-arm-none-eabi-10.3-2021.10/bin/../lib/gcc/arm-none-eabi/10.3.1/thumb/v7e-m/nofp/crti.o
 .bss           0x0000000020000438       0x1c /usr/share/gcc-arm-none-eabi-10.3-2021.10/bin/../lib/gcc/arm-none-eabi/10.3.1/thumb/v7e-m/nofp/crtbegin.o
 .bss           0x0000000020000454        0x0 /usr/share/gcc-arm-none-eabi-10.3-2021.10/bin/../lib/gcc/arm-none-eabi/10.3.1/../../../../arm-none-eabi/lib/thumb/v7e-m/nofp/crt0.o
 .bss           0x0000000020000454        0x0 CMakeFiles/led.dir/led.cpp.obj
 .bss           0x0000000020000454        0x0 CMakeFiles/led.dir/__/__/targetSpecific/startup.cpp.obj
 .bss           0x0000000020000454        0x0 /usr/share/gcc-arm-none-eabi-10.3-2021.10/bin/../lib/gcc/arm-none-eabi/10.3.1/../../../../arm-none-eabi/lib/thumb/v7e-m/nofp/libc.a(lib_a-exit.o)
 .bss           0x0000000020000454        0x0 /usr/share/gcc-arm-none-eabi-10.3-2021.10/bin/../lib/gcc/arm-none-eabi/10.3.1/../../../../arm-none-eabi/lib/thumb/v7e-m/nofp/libc.a(lib_a-impure.o)
 .bss           0x0000000020000454        0x0 /usr/share/gcc-arm-none-eabi-10.3-2021.10/bin/../lib/gcc/arm-none-eabi/10.3.1/../../../../arm-none-eabi/lib/thumb/v7e-m/nofp/libc.a(lib_a-init.o)
 .bss           0x0000000020000454        0x0 /usr/share/gcc-arm-none-eabi-10.3-2021.10/bin/../lib/gcc/arm-none-eabi/10.3.1/../../../../arm-none-eabi/lib/thumb/v7e-m/nofp/libc.a(lib_a-memmove.o)
 .bss           0x0000000020000454        0x0 /usr/share/gcc-arm-none-eabi-10.3-2021.10/bin/../lib/gcc/arm-none-eabi/10.3.1/../../../../arm-none-eabi/lib/thumb/v7e-m/nofp/libc.a(lib_a-memset.o)
 .bss           0x0000000020000454        0x0 /usr/share/gcc-arm-none-eabi-10.3-2021.10/bin/../lib/gcc/arm-none-eabi/10.3.1/../../../../arm-none-eabi/lib/thumb/v7e-m/nofp/libc.a(lib_a-__call_atexit.o)
 .bss           0x0000000020000454        0x0 /usr/share/gcc-arm-none-eabi-10.3-2021.10/bin/../lib/gcc/arm-none-eabi/10.3.1/../../../../arm-none-eabi/lib/thumb/v7e-m/nofp/libc.a(lib_a-atexit.o)
 .bss           0x0000000020000454        0x0 /usr/share/gcc-arm-none-eabi-10.3-2021.10/bin/../lib/gcc/arm-none-eabi/10.3.1/../../../../arm-none-eabi/lib/thumb/v7e-m/nofp/libc.a(lib_a-fini.o)
 .bss           0x0000000020000454        0x0 /usr/share/gcc-arm-none-eabi-10.3-2021.10/bin/../lib/gcc/arm-none-eabi/10.3.1/../../../../arm-none-eabi/lib/thumb/v7e-m/nofp/libc.a(lib_a-lock.o)
 .bss           0x0000000020000454        0x0 /usr/share/gcc-arm-none-eabi-10.3-2021.10/bin/../lib/gcc/arm-none-eabi/10.3.1/../../../../arm-none-eabi/lib/thumb/v7e-m/nofp/libc.a(lib_a-__atexit.o)
 .bss           0x0000000020000454        0x0 /usr/share/gcc-arm-none-eabi-10.3-2021.10/bin/../lib/gcc/arm-none-eabi/10.3.1/../../../../arm-none-eabi/lib/thumb/v7e-m/nofp/libnosys.a(_exit.o)
 .bss           0x0000000020000454        0x0 /usr/share/gcc-arm-none-eabi-10.3-2021.10/bin/../lib/gcc/arm-none-eabi/10.3.1/thumb/v7e-m/nofp/crtend.o
 .bss           0x0000000020000454        0x0 /usr/share/gcc-arm-none-eabi-10.3-2021.10/bin/../lib/gcc/arm-none-eabi/10.3.1/thumb/v7e-m/nofp/crtn.o
 *(.bss.*)
 .bss.__lock___arc4random_mutex
                0x0000000020000454        0x1 /usr/share/gcc-arm-none-eabi-10.3-2021.10/bin/../lib/gcc/arm-none-eabi/10.3.1/../../../../arm-none-eabi/lib/thumb/v7e-m/nofp/libc.a(lib_a-lock.o)
                0x0000000020000454                __lock___arc4random_mutex
 *fill*         0x0000000020000455        0x3 
 .bss.__lock___at_quick_exit_mutex
                0x0000000020000458        0x1 /usr/share/gcc-arm-none-eabi-10.3-2021.10/bin/../lib/gcc/arm-none-eabi/10.3.1/../../../../arm-none-eabi/lib/thumb/v7e-m/nofp/libc.a(lib_a-lock.o)
                0x0000000020000458                __lock___at_quick_exit_mutex
 *fill*         0x0000000020000459        0x3 
 .bss.__lock___atexit_recursive_mutex
                0x000000002000045c        0x1 /usr/share/gcc-arm-none-eabi-10.3-2021.10/bin/../lib/gcc/arm-none-eabi/10.3.1/../../../../arm-none-eabi/lib/thumb/v7e-m/nofp/libc.a(lib_a-lock.o)
                0x000000002000045c                __lock___atexit_recursive_mutex
 *fill*         0x000000002000045d        0x3 
 .bss.__lock___dd_hash_mutex
                0x0000000020000460        0x1 /usr/share/gcc-arm-none-eabi-10.3-2021.10/bin/../lib/gcc/arm-none-eabi/10.3.1/../../../../arm-none-eabi/lib/thumb/v7e-m/nofp/libc.a(lib_a-lock.o)
                0x0000000020000460                __lock___dd_hash_mutex
 *fill*         0x0000000020000461        0x3 
 .bss.__lock___env_recursive_mutex
                0x0000000020000464        0x1 /usr/share/gcc-arm-none-eabi-10.3-2021.10/bin/../lib/gcc/arm-none-eabi/10.3.1/../../../../arm-none-eabi/lib/thumb/v7e-m/nofp/libc.a(lib_a-lock.o)
                0x0000000020000464                __lock___env_recursive_mutex
 *fill*         0x0000000020000465        0x3 
 .bss.__lock___malloc_recursive_mutex
                0x0000000020000468        0x1 /usr/share/gcc-arm-none-eabi-10.3-2021.10/bin/../lib/gcc/arm-none-eabi/10.3.1/../../../../arm-none-eabi/lib/thumb/v7e-m/nofp/libc.a(lib_a-lock.o)
                0x0000000020000468                __lock___malloc_recursive_mutex
 *fill*         0x0000000020000469        0x3 
 .bss.__lock___sfp_recursive_mutex
                0x000000002000046c        0x1 /usr/share/gcc-arm-none-eabi-10.3-2021.10/bin/../lib/gcc/arm-none-eabi/10.3.1/../../../../arm-none-eabi/lib/thumb/v7e-m/nofp/libc.a(lib_a-lock.o)
                0x000000002000046c                __lock___sfp_recursive_mutex
 *fill*         0x000000002000046d        0x3 
 .bss.__lock___sinit_recursive_mutex
                0x0000000020000470        0x1 /usr/share/gcc-arm-none-eabi-10.3-2021.10/bin/../lib/gcc/arm-none-eabi/10.3.1/../../../../arm-none-eabi/lib/thumb/v7e-m/nofp/libc.a(lib_a-lock.o)
                0x0000000020000470                __lock___sinit_recursive_mutex
 *fill*         0x0000000020000471        0x3 
 .bss.__lock___tz_mutex
                0x0000000020000474        0x1 /usr/share/gcc-arm-none-eabi-10.3-2021.10/bin/../lib/gcc/arm-none-eabi/10.3.1/../../../../arm-none-eabi/lib/thumb/v7e-m/nofp/libc.a(lib_a-lock.o)
                0x0000000020000474                __lock___tz_mutex
 *(.COMMON)
                0x0000000020000478                . = ALIGN (0x4)
 *fill*         0x0000000020000475        0x3 
                0x0000000020000478                end_of_bss = .
                0x0000000020000478                __bss_end__ = end_of_bss
                0x0000000020000478                . = ALIGN (0x4)
                0x0000000020000478                end = .
                0x0000000020000478                __end__ = .
OUTPUT(led.elf elf32-littlearm)
LOAD linker stubs

.ARM.attributes
                0x0000000000000000       0x2a
 .ARM.attributes
                0x0000000000000000       0x1e /usr/share/gcc-arm-none-eabi-10.3-2021.10/bin/../lib/gcc/arm-none-eabi/10.3.1/thumb/v7e-m/nofp/crti.o
 .ARM.attributes
                0x000000000000001e       0x2e /usr/share/gcc-arm-none-eabi-10.3-2021.10/bin/../lib/gcc/arm-none-eabi/10.3.1/thumb/v7e-m/nofp/crtbegin.o
 .ARM.attributes
                0x000000000000004c       0x1c /usr/share/gcc-arm-none-eabi-10.3-2021.10/bin/../lib/gcc/arm-none-eabi/10.3.1/../../../../arm-none-eabi/lib/thumb/v7e-m/nofp/crt0.o
 .ARM.attributes
                0x0000000000000068       0x2e CMakeFiles/led.dir/led.cpp.obj
 .ARM.attributes
                0x0000000000000096       0x2e CMakeFiles/led.dir/__/__/targetSpecific/startup.cpp.obj
 .ARM.attributes
                0x00000000000000c4       0x2e /usr/share/gcc-arm-none-eabi-10.3-2021.10/bin/../lib/gcc/arm-none-eabi/10.3.1/../../../../arm-none-eabi/lib/thumb/v7e-m/nofp/libc.a(lib_a-exit.o)
 .ARM.attributes
                0x00000000000000f2       0x2e /usr/share/gcc-arm-none-eabi-10.3-2021.10/bin/../lib/gcc/arm-none-eabi/10.3.1/../../../../arm-none-eabi/lib/thumb/v7e-m/nofp/libc.a(lib_a-impure.o)
 .ARM.attributes
                0x0000000000000120       0x2e /usr/share/gcc-arm-none-eabi-10.3-2021.10/bin/../lib/gcc/arm-none-eabi/10.3.1/../../../../arm-none-eabi/lib/thumb/v7e-m/nofp/libc.a(lib_a-init.o)
 .ARM.attributes
                0x000000000000014e       0x2e /usr/share/gcc-arm-none-eabi-10.3-2021.10/bin/../lib/gcc/arm-none-eabi/10.3.1/../../../../arm-none-eabi/lib/thumb/v7e-m/nofp/libc.a(lib_a-memmove.o)
 .ARM.attributes
                0x000000000000017c       0x2e /usr/share/gcc-arm-none-eabi-10.3-2021.10/bin/../lib/gcc/arm-none-eabi/10.3.1/../../../../arm-none-eabi/lib/thumb/v7e-m/nofp/libc.a(lib_a-memset.o)
 .ARM.attributes
                0x00000000000001aa       0x2e /usr/share/gcc-arm-none-eabi-10.3-2021.10/bin/../lib/gcc/arm-none-eabi/10.3.1/../../../../arm-none-eabi/lib/thumb/v7e-m/nofp/libc.a(lib_a-__call_atexit.o)
 .ARM.attributes
                0x00000000000001d8       0x2e /usr/share/gcc-arm-none-eabi-10.3-2021.10/bin/../lib/gcc/arm-none-eabi/10.3.1/../../../../arm-none-eabi/lib/thumb/v7e-m/nofp/libc.a(lib_a-atexit.o)
 .ARM.attributes
                0x0000000000000206       0x2e /usr/share/gcc-arm-none-eabi-10.3-2021.10/bin/../lib/gcc/arm-none-eabi/10.3.1/../../../../arm-none-eabi/lib/thumb/v7e-m/nofp/libc.a(lib_a-fini.o)
 .ARM.attributes
                0x0000000000000234       0x2e /usr/share/gcc-arm-none-eabi-10.3-2021.10/bin/../lib/gcc/arm-none-eabi/10.3.1/../../../../arm-none-eabi/lib/thumb/v7e-m/nofp/libc.a(lib_a-lock.o)
 .ARM.attributes
                0x0000000000000262       0x2e /usr/share/gcc-arm-none-eabi-10.3-2021.10/bin/../lib/gcc/arm-none-eabi/10.3.1/../../../../arm-none-eabi/lib/thumb/v7e-m/nofp/libc.a(lib_a-__atexit.o)
 .ARM.attributes
                0x0000000000000290       0x2e /usr/share/gcc-arm-none-eabi-10.3-2021.10/bin/../lib/gcc/arm-none-eabi/10.3.1/../../../../arm-none-eabi/lib/thumb/v7e-m/nofp/libnosys.a(_exit.o)
 .ARM.attributes
                0x00000000000002be       0x2e /usr/share/gcc-arm-none-eabi-10.3-2021.10/bin/../lib/gcc/arm-none-eabi/10.3.1/thumb/v7e-m/nofp/crtend.o
 .ARM.attributes
                0x00000000000002ec       0x1e /usr/share/gcc-arm-none-eabi-10.3-2021.10/bin/../lib/gcc/arm-none-eabi/10.3.1/thumb/v7e-m/nofp/crtn.o

.comment        0x0000000000000000       0x49
 .comment       0x0000000000000000       0x49 CMakeFiles/led.dir/led.cpp.obj
                                         0x4a (size before relaxing)
 .comment       0x0000000000000049       0x4a CMakeFiles/led.dir/__/__/targetSpecific/startup.cpp.obj

.debug_frame    0x0000000000000000      0x274
 .debug_frame   0x0000000000000000       0x28 /usr/share/gcc-arm-none-eabi-10.3-2021.10/bin/../lib/gcc/arm-none-eabi/10.3.1/../../../../arm-none-eabi/lib/thumb/v7e-m/nofp/libc.a(lib_a-exit.o)
 .debug_frame   0x0000000000000028       0x2c /usr/share/gcc-arm-none-eabi-10.3-2021.10/bin/../lib/gcc/arm-none-eabi/10.3.1/../../../../arm-none-eabi/lib/thumb/v7e-m/nofp/libc.a(lib_a-init.o)
 .debug_frame   0x0000000000000054       0x40 /usr/share/gcc-arm-none-eabi-10.3-2021.10/bin/../lib/gcc/arm-none-eabi/10.3.1/../../../../arm-none-eabi/lib/thumb/v7e-m/nofp/libc.a(lib_a-memmove.o)
 .debug_frame   0x0000000000000094       0x2c /usr/share/gcc-arm-none-eabi-10.3-2021.10/bin/../lib/gcc/arm-none-eabi/10.3.1/../../../../arm-none-eabi/lib/thumb/v7e-m/nofp/libc.a(lib_a-memset.o)
 .debug_frame   0x00000000000000c0       0x5c /usr/share/gcc-arm-none-eabi-10.3-2021.10/bin/../lib/gcc/arm-none-eabi/10.3.1/../../../../arm-none-eabi/lib/thumb/v7e-m/nofp/libc.a(lib_a-__call_atexit.o)
 .debug_frame   0x000000000000011c       0x20 /usr/share/gcc-arm-none-eabi-10.3-2021.10/bin/../lib/gcc/arm-none-eabi/10.3.1/../../../../arm-none-eabi/lib/thumb/v7e-m/nofp/libc.a(lib_a-atexit.o)
 .debug_frame   0x000000000000013c       0x34 /usr/share/gcc-arm-none-eabi-10.3-2021.10/bin/../lib/gcc/arm-none-eabi/10.3.1/../../../../arm-none-eabi/lib/thumb/v7e-m/nofp/libc.a(lib_a-fini.o)
 .debug_frame   0x0000000000000170       0xb0 /usr/share/gcc-arm-none-eabi-10.3-2021.10/bin/../lib/gcc/arm-none-eabi/10.3.1/../../../../arm-none-eabi/lib/thumb/v7e-m/nofp/libc.a(lib_a-lock.o)
 .debug_frame   0x0000000000000220       0x34 /usr/share/gcc-arm-none-eabi-10.3-2021.10/bin/../lib/gcc/arm-none-eabi/10.3.1/../../../../arm-none-eabi/lib/thumb/v7e-m/nofp/libc.a(lib_a-__atexit.o)
 .debug_frame   0x0000000000000254       0x20 /usr/share/gcc-arm-none-eabi-10.3-2021.10/bin/../lib/gcc/arm-none-eabi/10.3.1/../../../../arm-none-eabi/lib/thumb/v7e-m/nofp/libnosys.a(_exit.o)
